Archive member included to satisfy reference by file (symbol)

c:/st/stm32cubeide_1.5.0/stm32cubeide/plugins/com.st.stm32cube.ide.mcu.externaltools.gnu-tools-for-stm32.7-2018-q2-update.win32_1.5.0.202011040924/tools/bin/../lib/gcc/arm-none-eabi/7.3.1/../../../../arm-none-eabi/lib/thumb/v7e-m/fpv5/hard\libc_nano.a(lib_a-errno.o)
                              Core/Src/syscalls.o (__errno)
c:/st/stm32cubeide_1.5.0/stm32cubeide/plugins/com.st.stm32cube.ide.mcu.externaltools.gnu-tools-for-stm32.7-2018-q2-update.win32_1.5.0.202011040924/tools/bin/../lib/gcc/arm-none-eabi/7.3.1/../../../../arm-none-eabi/lib/thumb/v7e-m/fpv5/hard\libc_nano.a(lib_a-exit.o)
                              c:/st/stm32cubeide_1.5.0/stm32cubeide/plugins/com.st.stm32cube.ide.mcu.externaltools.gnu-tools-for-stm32.7-2018-q2-update.win32_1.5.0.202011040924/tools/bin/../lib/gcc/arm-none-eabi/7.3.1/../../../../arm-none-eabi/lib/thumb/v7e-m/fpv5/hard/crt0.o (exit)
c:/st/stm32cubeide_1.5.0/stm32cubeide/plugins/com.st.stm32cube.ide.mcu.externaltools.gnu-tools-for-stm32.7-2018-q2-update.win32_1.5.0.202011040924/tools/bin/../lib/gcc/arm-none-eabi/7.3.1/../../../../arm-none-eabi/lib/thumb/v7e-m/fpv5/hard\libc_nano.a(lib_a-impure.o)
                              c:/st/stm32cubeide_1.5.0/stm32cubeide/plugins/com.st.stm32cube.ide.mcu.externaltools.gnu-tools-for-stm32.7-2018-q2-update.win32_1.5.0.202011040924/tools/bin/../lib/gcc/arm-none-eabi/7.3.1/../../../../arm-none-eabi/lib/thumb/v7e-m/fpv5/hard\libc_nano.a(lib_a-exit.o) (_global_impure_ptr)
c:/st/stm32cubeide_1.5.0/stm32cubeide/plugins/com.st.stm32cube.ide.mcu.externaltools.gnu-tools-for-stm32.7-2018-q2-update.win32_1.5.0.202011040924/tools/bin/../lib/gcc/arm-none-eabi/7.3.1/../../../../arm-none-eabi/lib/thumb/v7e-m/fpv5/hard\libc_nano.a(lib_a-init.o)
                              c:/st/stm32cubeide_1.5.0/stm32cubeide/plugins/com.st.stm32cube.ide.mcu.externaltools.gnu-tools-for-stm32.7-2018-q2-update.win32_1.5.0.202011040924/tools/bin/../lib/gcc/arm-none-eabi/7.3.1/../../../../arm-none-eabi/lib/thumb/v7e-m/fpv5/hard/crt0.o (__libc_init_array)
c:/st/stm32cubeide_1.5.0/stm32cubeide/plugins/com.st.stm32cube.ide.mcu.externaltools.gnu-tools-for-stm32.7-2018-q2-update.win32_1.5.0.202011040924/tools/bin/../lib/gcc/arm-none-eabi/7.3.1/../../../../arm-none-eabi/lib/thumb/v7e-m/fpv5/hard\libc_nano.a(lib_a-memset.o)
                              c:/st/stm32cubeide_1.5.0/stm32cubeide/plugins/com.st.stm32cube.ide.mcu.externaltools.gnu-tools-for-stm32.7-2018-q2-update.win32_1.5.0.202011040924/tools/bin/../lib/gcc/arm-none-eabi/7.3.1/../../../../arm-none-eabi/lib/thumb/v7e-m/fpv5/hard/crt0.o (memset)

Allocating common symbols
Common symbol       size              file

rando               0x4               Core/Src/main.o
hspi2               0x88              Core/Src/main.o
patron              0x1b0             Core/Src/main.o
hospi1              0x60              Core/Src/main.o
uwTick              0x4               Drivers/STM32H7xx_HAL_Driver/Src/stm32h7xx_hal.o
pFlash              0x1c              Drivers/STM32H7xx_HAL_Driver/Src/stm32h7xx_hal_flash.o
mug                 0xf0              Core/Src/main.o
hltdc               0xa8              Core/Src/main.o
hdma_sai1_a         0x78              Core/Src/main.o
patronGFX           0x34              Core/Src/main.o
tableTop            0x24              Core/Src/main.o
whoosh              0x2               Core/Src/main.o
hrng                0x14              Core/Src/main.o
buttonDebounce      0x4               Core/Src/main.o
hsai_BlockA1        0x98              Core/Src/main.o
dashWhoosh          0x3               Core/Src/main.o
tips                0xf               Core/Src/main.o

Discarded input sections

 .text          0x0000000000000000        0x0 c:/st/stm32cubeide_1.5.0/stm32cubeide/plugins/com.st.stm32cube.ide.mcu.externaltools.gnu-tools-for-stm32.7-2018-q2-update.win32_1.5.0.202011040924/tools/bin/../lib/gcc/arm-none-eabi/7.3.1/thumb/v7e-m/fpv5/hard/crti.o
 .data          0x0000000000000000        0x0 c:/st/stm32cubeide_1.5.0/stm32cubeide/plugins/com.st.stm32cube.ide.mcu.externaltools.gnu-tools-for-stm32.7-2018-q2-update.win32_1.5.0.202011040924/tools/bin/../lib/gcc/arm-none-eabi/7.3.1/thumb/v7e-m/fpv5/hard/crti.o
 .bss           0x0000000000000000        0x0 c:/st/stm32cubeide_1.5.0/stm32cubeide/plugins/com.st.stm32cube.ide.mcu.externaltools.gnu-tools-for-stm32.7-2018-q2-update.win32_1.5.0.202011040924/tools/bin/../lib/gcc/arm-none-eabi/7.3.1/thumb/v7e-m/fpv5/hard/crti.o
 .data          0x0000000000000000        0x4 c:/st/stm32cubeide_1.5.0/stm32cubeide/plugins/com.st.stm32cube.ide.mcu.externaltools.gnu-tools-for-stm32.7-2018-q2-update.win32_1.5.0.202011040924/tools/bin/../lib/gcc/arm-none-eabi/7.3.1/thumb/v7e-m/fpv5/hard/crtbegin.o
[...]
Memory Configuration

Name             Origin             Length             Attributes
ITCMRAM          0x0000000000000000 0x0000000000010000 xrw
DTCMRAM          0x0000000020000000 0x0000000000020000 xrw
RAM              0x0000000024000000 0x0000000000100000 xrw
FLASH            0x0000000008000000 0x0000000000020000 xr
EXTFLASH         0x0000000090000000 0x0000000000100000 xr
*default*        0x0000000000000000 0xffffffffffffffff

Linker script and memory map

LOAD c:/st/stm32cubeide_1.5.0/stm32cubeide/plugins/com.st.stm32cube.ide.mcu.externaltools.gnu-tools-for-stm32.7-2018-q2-update.win32_1.5.0.202011040924/tools/bin/../lib/gcc/arm-none-eabi/7.3.1/thumb/v7e-m/fpv5/hard/crti.o
LOAD c:/st/stm32cubeide_1.5.0/stm32cubeide/plugins/com.st.stm32cube.ide.mcu.externaltools.gnu-tools-for-stm32.7-2018-q2-update.win32_1.5.0.202011040924/tools/bin/../lib/gcc/arm-none-eabi/7.3.1/thumb/v7e-m/fpv5/hard/crtbegin.o
LOAD c:/st/stm32cubeide_1.5.0/stm32cubeide/plugins/com.st.stm32cube.ide.mcu.externaltools.gnu-tools-for-stm32.7-2018-q2-update.win32_1.5.0.202011040924/tools/bin/../lib/gcc/arm-none-eabi/7.3.1/../../../../arm-none-eabi/lib/thumb/v7e-m/fpv5/hard/crt0.o
LOAD Core/Src/buttons.o
LOAD Core/Src/flash.o
LOAD Core/Src/lcd.o
LOAD Core/Src/main.o
LOAD Core/Src/stm32h7xx_hal_msp.o
LOAD Core/Src/stm32h7xx_it.o
LOAD Core/Src/syscalls.o
LOAD Core/Src/sysmem.o
LOAD Core/Src/system_stm32h7xx.o
LOAD Core/Startup/startup_stm32h7b0vbtx.o
LOAD Drivers/STM32H7xx_HAL_Driver/Src/stm32h7xx_hal.o
LOAD Drivers/STM32H7xx_HAL_Driver/Src/stm32h7xx_hal_cortex.o
LOAD Drivers/STM32H7xx_HAL_Driver/Src/stm32h7xx_hal_dma.o
LOAD Drivers/STM32H7xx_HAL_Driver/Src/stm32h7xx_hal_dma_ex.o
LOAD Drivers/STM32H7xx_HAL_Driver/Src/stm32h7xx_hal_exti.o
LOAD Drivers/STM32H7xx_HAL_Driver/Src/stm32h7xx_hal_flash.o
LOAD Drivers/STM32H7xx_HAL_Driver/Src/stm32h7xx_hal_flash_ex.o
LOAD Drivers/STM32H7xx_HAL_Driver/Src/stm32h7xx_hal_gpio.o
LOAD Drivers/STM32H7xx_HAL_Driver/Src/stm32h7xx_hal_hsem.o
LOAD Drivers/STM32H7xx_HAL_Driver/Src/stm32h7xx_hal_i2c.o
LOAD Drivers/STM32H7xx_HAL_Driver/Src/stm32h7xx_hal_i2c_ex.o
LOAD Drivers/STM32H7xx_HAL_Driver/Src/stm32h7xx_hal_ltdc.o
LOAD Drivers/STM32H7xx_HAL_Driver/Src/stm32h7xx_hal_ltdc_ex.o
LOAD Drivers/STM32H7xx_HAL_Driver/Src/stm32h7xx_hal_mdma.o
LOAD Drivers/STM32H7xx_HAL_Driver/Src/stm32h7xx_hal_ospi.o
LOAD Drivers/STM32H7xx_HAL_Driver/Src/stm32h7xx_hal_pwr.o
LOAD Drivers/STM32H7xx_HAL_Driver/Src/stm32h7xx_hal_pwr_ex.o
LOAD Drivers/STM32H7xx_HAL_Driver/Src/stm32h7xx_hal_rcc.o
LOAD Drivers/STM32H7xx_HAL_Driver/Src/stm32h7xx_hal_rcc_ex.o
LOAD Drivers/STM32H7xx_HAL_Driver/Src/stm32h7xx_hal_rng.o
LOAD Drivers/STM32H7xx_HAL_Driver/Src/stm32h7xx_hal_rng_ex.o
LOAD Drivers/STM32H7xx_HAL_Driver/Src/stm32h7xx_hal_sai.o
LOAD Drivers/STM32H7xx_HAL_Driver/Src/stm32h7xx_hal_sai_ex.o
LOAD Drivers/STM32H7xx_HAL_Driver/Src/stm32h7xx_hal_spi.o
LOAD Drivers/STM32H7xx_HAL_Driver/Src/stm32h7xx_hal_spi_ex.o
LOAD Drivers/STM32H7xx_HAL_Driver/Src/stm32h7xx_hal_tim.o
LOAD Drivers/STM32H7xx_HAL_Driver/Src/stm32h7xx_hal_tim_ex.o
START GROUP
LOAD c:/st/stm32cubeide_1.5.0/stm32cubeide/plugins/com.st.stm32cube.ide.mcu.externaltools.gnu-tools-for-stm32.7-2018-q2-update.win32_1.5.0.202011040924/tools/bin/../lib/gcc/arm-none-eabi/7.3.1/../../../../arm-none-eabi/lib/thumb/v7e-m/fpv5/hard\libc_nano.a
LOAD c:/st/stm32cubeide_1.5.0/stm32cubeide/plugins/com.st.stm32cube.ide.mcu.externaltools.gnu-tools-for-stm32.7-2018-q2-update.win32_1.5.0.202011040924/tools/bin/../lib/gcc/arm-none-eabi/7.3.1/../../../../arm-none-eabi/lib/thumb/v7e-m/fpv5/hard\libm.a
END GROUP
START GROUP
LOAD c:/st/stm32cubeide_1.5.0/stm32cubeide/plugins/com.st.stm32cube.ide.mcu.externaltools.gnu-tools-for-stm32.7-2018-q2-update.win32_1.5.0.202011040924/tools/bin/../lib/gcc/arm-none-eabi/7.3.1/thumb/v7e-m/fpv5/hard\libgcc.a
LOAD c:/st/stm32cubeide_1.5.0/stm32cubeide/plugins/com.st.stm32cube.ide.mcu.externaltools.gnu-tools-for-stm32.7-2018-q2-update.win32_1.5.0.202011040924/tools/bin/../lib/gcc/arm-none-eabi/7.3.1/../../../../arm-none-eabi/lib/thumb/v7e-m/fpv5/hard\libc_nano.a
END GROUP
START GROUP
LOAD c:/st/stm32cubeide_1.5.0/stm32cubeide/plugins/com.st.stm32cube.ide.mcu.externaltools.gnu-tools-for-stm32.7-2018-q2-update.win32_1.5.0.202011040924/tools/bin/../lib/gcc/arm-none-eabi/7.3.1/thumb/v7e-m/fpv5/hard\libgcc.a
LOAD c:/st/stm32cubeide_1.5.0/stm32cubeide/plugins/com.st.stm32cube.ide.mcu.externaltools.gnu-tools-for-stm32.7-2018-q2-update.win32_1.5.0.202011040924/tools/bin/../lib/gcc/arm-none-eabi/7.3.1/../../../../arm-none-eabi/lib/thumb/v7e-m/fpv5/hard\libc_nano.a
LOAD c:/st/stm32cubeide_1.5.0/stm32cubeide/plugins/com.st.stm32cube.ide.mcu.externaltools.gnu-tools-for-stm32.7-2018-q2-update.win32_1.5.0.202011040924/tools/bin/../lib/gcc/arm-none-eabi/7.3.1/../../../../arm-none-eabi/lib/thumb/v7e-m/fpv5/hard\libnosys.a
END GROUP
START GROUP
LOAD c:/st/stm32cubeide_1.5.0/stm32cubeide/plugins/com.st.stm32cube.ide.mcu.externaltools.gnu-tools-for-stm32.7-2018-q2-update.win32_1.5.0.202011040924/tools/bin/../lib/gcc/arm-none-eabi/7.3.1/thumb/v7e-m/fpv5/hard\libgcc.a
LOAD c:/st/stm32cubeide_1.5.0/stm32cubeide/plugins/com.st.stm32cube.ide.mcu.externaltools.gnu-tools-for-stm32.7-2018-q2-update.win32_1.5.0.202011040924/tools/bin/../lib/gcc/arm-none-eabi/7.3.1/../../../../arm-none-eabi/lib/thumb/v7e-m/fpv5/hard\libc_nano.a
LOAD c:/st/stm32cubeide_1.5.0/stm32cubeide/plugins/com.st.stm32cube.ide.mcu.externaltools.gnu-tools-for-stm32.7-2018-q2-update.win32_1.5.0.202011040924/tools/bin/../lib/gcc/arm-none-eabi/7.3.1/../../../../arm-none-eabi/lib/thumb/v7e-m/fpv5/hard\libnosys.a
END GROUP
LOAD c:/st/stm32cubeide_1.5.0/stm32cubeide/plugins/com.st.stm32cube.ide.mcu.externaltools.gnu-tools-for-stm32.7-2018-q2-update.win32_1.5.0.202011040924/tools/bin/../lib/gcc/arm-none-eabi/7.3.1/thumb/v7e-m/fpv5/hard/crtend.o
LOAD c:/st/stm32cubeide_1.5.0/stm32cubeide/plugins/com.st.stm32cube.ide.mcu.externaltools.gnu-tools-for-stm32.7-2018-q2-update.win32_1.5.0.202011040924/tools/bin/../lib/gcc/arm-none-eabi/7.3.1/thumb/v7e-m/fpv5/hard/crtn.o
                0x0000000020020000                _estack = 0x20020000
                0x0000000000000200                _Min_Heap_Size = 0x200
                0x0000000000000400                _Min_Stack_Size = 0x400

.lcd            0x0000000024000000    0xad700
                0x0000000024000000                . = ALIGN (0x4)
 *(.lcd)
 .lcd           0x0000000024000000    0x96000 Core/Src/lcd.o
                0x0000000024000000                framebufferBG
                0x000000002404b000                framebufferSEG0
                0x0000000024070800                framebufferSEG1
 *(.audio)
 .audio         0x0000000024096000    0x17700 Core/Src/main.o
                0x0000000024096000                audiobuffer
                0x00000000240ad700                . = ALIGN (0x4)

._extflash      0x0000000090000000        0x0
                0x0000000090000000                . = ALIGN (0x4)
                0x0000000090000000                _extflash = .

.isr_vector     0x0000000008000000      0x2ac
                0x0000000008000000                . = ALIGN (0x4)
 *(.isr_vector)
 .isr_vector    0x0000000008000000      0x2ac Core/Startup/startup_stm32h7b0vbtx.o
                0x0000000008000000                g_pfnVectors
                0x00000000080002ac                . = ALIGN (0x4)

.text           0x00000000080002ac     0xb3f0
                0x00000000080002ac                . = ALIGN (0x4)
 *(.text)
 .text          0x00000000080002ac       0x40 c:/st/stm32cubeide_1.5.0/stm32cubeide/plugins/com.st.stm32cube.ide.mcu.externaltools.gnu-tools-for-stm32.7-2018-q2-update.win32_1.5.0.202011040924/tools/bin/../lib/gcc/arm-none-eabi/7.3.1/thumb/v7e-m/fpv5/hard/crtbegin.o
 *(.text*)
 .text.buttons_get
                0x00000000080002ec      0x124 Core/Src/buttons.o
                0x00000000080002ec                buttons_get
 .text.flash_memory_map
                0x0000000008000410      0x112 Core/Src/flash.o
                0x0000000008000410                flash_memory_map
 *fill*         0x0000000008000522        0x2 
 .text.lcd_backlight_off
                0x0000000008000524       0x2c Core/Src/lcd.o
                0x0000000008000524                lcd_backlight_off
 .text.lcd_backlight_on
                0x0000000008000550       0x2c Core/Src/lcd.o
                0x0000000008000550                lcd_backlight_on
 .text.bufferSwap
                0x000000000800057c       0x3c Core/Src/lcd.o
                0x000000000800057c                bufferSwap
 .text.lcd_init
                0x00000000080005b8      0x2ec Core/Src/lcd.o
                0x00000000080005b8                lcd_init
 .text.fillRLE  0x00000000080008a4      0x188 Core/Src/main.o
                0x00000000080008a4                fillRLE
 .text.fillRLEshadow
                0x0000000008000a2c       0x7e Core/Src/main.o
                0x0000000008000a2c                fillRLEshadow
 *fill*         0x0000000008000aaa        0x2 
 .text.fillSegment
                0x0000000008000aac      0x17c Core/Src/main.o
                0x0000000008000aac                fillSegment
 .text.drawRect
                0x0000000008000c28       0xd8 Core/Src/main.o
                0x0000000008000c28                drawRect
 .text.decimal  0x0000000008000d00       0xb4 Core/Src/main.o
                0x0000000008000d00                decimal
 .text.spawnMug
                0x0000000008000db4       0xbc Core/Src/main.o
                0x0000000008000db4                spawnMug
 .text.drawBarkeep
                0x0000000008000e70      0x480 Core/Src/main.o
                0x0000000008000e70                drawBarkeep
 .text.drawMugs
                0x00000000080012f0      0x220 Core/Src/main.o
                0x00000000080012f0                drawMugs
 .text.drawTips
                0x0000000008001510       0x70 Core/Src/main.o
                0x0000000008001510                drawTips
 .text.checkCollisions
                0x0000000008001580      0x1bc Core/Src/main.o
                0x0000000008001580                checkCollisions
 .text.drawPatrons
                0x000000000800173c      0x2c0 Core/Src/main.o
                0x000000000800173c                drawPatrons
 .text.spawnPatron
                0x00000000080019fc       0x9c Core/Src/main.o
                0x00000000080019fc                spawnPatron
 .text.main     0x0000000008001a98      0x360 Core/Src/main.o
                0x0000000008001a98                main
 .text.SystemClock_Config
                0x0000000008001df8      0x1d8 Core/Src/main.o
                0x0000000008001df8                SystemClock_Config
 .text.MX_NVIC_Init
                0x0000000008001fd0       0x18 Core/Src/main.o
 .text.MX_LTDC_Init
                0x0000000008001fe8      0x168 Core/Src/main.o
 .text.MX_OCTOSPI1_Init
                0x0000000008002150       0xc4 Core/Src/main.o
 .text.MX_RNG_Init
                0x0000000008002214       0x2c Core/Src/main.o
 .text.MX_SAI1_Init
                0x0000000008002240       0x6c Core/Src/main.o
 .text.MX_SPI2_Init
                0x00000000080022ac       0xac Core/Src/main.o
 .text.MX_DMA_Init
                0x0000000008002358       0x40 Core/Src/main.o
 .text.MX_GPIO_Init
                0x0000000008002398      0x1c4 Core/Src/main.o
 .text.Error_Handler
                0x000000000800255c       0x1e Core/Src/main.o
                0x000000000800255c                Error_Handler
 *fill*         0x000000000800257a        0x2 
 .text.HAL_MspInit
                0x000000000800257c       0x34 Core/Src/stm32h7xx_hal_msp.o
                0x000000000800257c                HAL_MspInit
 .text.HAL_LTDC_MspInit
                0x00000000080025b0      0x26c Core/Src/stm32h7xx_hal_msp.o
                0x00000000080025b0                HAL_LTDC_MspInit
 .text.HAL_OSPI_MspInit
                0x000000000800281c      0x1bc Core/Src/stm32h7xx_hal_msp.o
                0x000000000800281c                HAL_OSPI_MspInit
 .text.HAL_RNG_MspInit
                0x00000000080029d8       0x44 Core/Src/stm32h7xx_hal_msp.o
                0x00000000080029d8                HAL_RNG_MspInit
 .text.HAL_SPI_MspInit
                0x0000000008002a1c       0x94 Core/Src/stm32h7xx_hal_msp.o
                0x0000000008002a1c                HAL_SPI_MspInit
 .text.HAL_SAI_MspInit
                0x0000000008002ab0      0x104 Core/Src/stm32h7xx_hal_msp.o
                0x0000000008002ab0                HAL_SAI_MspInit
 .text.NMI_Handler
                0x0000000008002bb4        0xe Core/Src/stm32h7xx_it.o
                0x0000000008002bb4                NMI_Handler
 .text.HardFault_Handler
                0x0000000008002bc2        0x6 Core/Src/stm32h7xx_it.o
                0x0000000008002bc2                HardFault_Handler
 .text.MemManage_Handler
                0x0000000008002bc8        0x6 Core/Src/stm32h7xx_it.o
                0x0000000008002bc8                MemManage_Handler
 .text.BusFault_Handler
                0x0000000008002bce        0x6 Core/Src/stm32h7xx_it.o
                0x0000000008002bce                BusFault_Handler
 .text.UsageFault_Handler
                0x0000000008002bd4        0x6 Core/Src/stm32h7xx_it.o
                0x0000000008002bd4                UsageFault_Handler
 .text.SVC_Handler
                0x0000000008002bda        0xe Core/Src/stm32h7xx_it.o
                0x0000000008002bda                SVC_Handler
 .text.DebugMon_Handler
                0x0000000008002be8        0xe Core/Src/stm32h7xx_it.o
                0x0000000008002be8                DebugMon_Handler
 .text.PendSV_Handler
                0x0000000008002bf6        0xe Core/Src/stm32h7xx_it.o
                0x0000000008002bf6                PendSV_Handler
 .text.SysTick_Handler
                0x0000000008002c04        0xc Core/Src/stm32h7xx_it.o
                0x0000000008002c04                SysTick_Handler
 .text.DMA1_Stream0_IRQHandler
                0x0000000008002c10       0x14 Core/Src/stm32h7xx_it.o
                0x0000000008002c10                DMA1_Stream0_IRQHandler
 .text.SAI1_IRQHandler
                0x0000000008002c24       0x14 Core/Src/stm32h7xx_it.o
                0x0000000008002c24                SAI1_IRQHandler
 .text.OCTOSPI1_IRQHandler
                0x0000000008002c38       0x14 Core/Src/stm32h7xx_it.o
                0x0000000008002c38                OCTOSPI1_IRQHandler
 .text.SystemInit
                0x0000000008002c4c       0xf8 Core/Src/system_stm32h7xx.o
                0x0000000008002c4c                SystemInit
 .text.Reset_Handler
                0x0000000008002d44       0x50 Core/Startup/startup_stm32h7b0vbtx.o
                0x0000000008002d44                Reset_Handler
 .text.Default_Handler
                0x0000000008002d94        0x2 Core/Startup/startup_stm32h7b0vbtx.o
                0x0000000008002d94                RTC_Alarm_IRQHandler
                0x0000000008002d94                HASH_RNG_IRQHandler
                0x0000000008002d94                EXTI2_IRQHandler
                0x0000000008002d94                TIM8_CC_IRQHandler
                0x0000000008002d94                UART8_IRQHandler
                0x0000000008002d94                BDMA2_Channel1_IRQHandler
                0x0000000008002d94                SPI4_IRQHandler
                0x0000000008002d94                BDMA2_Channel0_IRQHandler
                0x0000000008002d94                TIM1_CC_IRQHandler
                0x0000000008002d94                DMA2_Stream5_IRQHandler
                0x0000000008002d94                JPEG_IRQHandler
                0x0000000008002d94                DMA1_Stream5_IRQHandler
                0x0000000008002d94                EXTI3_IRQHandler
                0x0000000008002d94                LPTIM4_IRQHandler
                0x0000000008002d94                TIM8_TRG_COM_TIM14_IRQHandler
                0x0000000008002d94                LPTIM2_IRQHandler
                0x0000000008002d94                DFSDM1_FLT1_IRQHandler
                0x0000000008002d94                DMAMUX2_OVR_IRQHandler
                0x0000000008002d94                GFXMMU_IRQHandler
                0x0000000008002d94                TIM8_UP_TIM13_IRQHandler
                0x0000000008002d94                I2C3_ER_IRQHandler
                0x0000000008002d94                DFSDM1_FLT2_IRQHandler
                0x0000000008002d94                USART10_IRQHandler
                0x0000000008002d94                MDMA_IRQHandler
                0x0000000008002d94                LPTIM3_IRQHandler
                0x0000000008002d94                BDMA2_Channel3_IRQHandler
                0x0000000008002d94                HSEM1_IRQHandler
                0x0000000008002d94                EXTI0_IRQHandler
                0x0000000008002d94                I2C2_EV_IRQHandler
                0x0000000008002d94                DAC2_IRQHandler
                0x0000000008002d94                DMA1_Stream2_IRQHandler
                0x0000000008002d94                FPU_IRQHandler
                0x0000000008002d94                OTG_HS_WKUP_IRQHandler
                0x0000000008002d94                FDCAN1_IT1_IRQHandler
                0x0000000008002d94                LTDC_ER_IRQHandler
                0x0000000008002d94                DMA2_Stream2_IRQHandler
                0x0000000008002d94                SPI1_IRQHandler
                0x0000000008002d94                TIM6_DAC_IRQHandler
                0x0000000008002d94                BDMA2_Channel6_IRQHandler
                0x0000000008002d94                DMA2_Stream3_IRQHandler
                0x0000000008002d94                OCTOSPI2_IRQHandler
                0x0000000008002d94                SAI2_IRQHandler
                0x0000000008002d94                BDMA1_IRQHandler
                0x0000000008002d94                DFSDM1_FLT3_IRQHandler
                0x0000000008002d94                USART6_IRQHandler
                0x0000000008002d94                TIM17_IRQHandler
                0x0000000008002d94                USART3_IRQHandler
                0x0000000008002d94                CRYP_IRQHandler
                0x0000000008002d94                LPTIM5_IRQHandler
                0x0000000008002d94                UART5_IRQHandler
                0x0000000008002d94                DMA2_Stream0_IRQHandler
                0x0000000008002d94                TIM4_IRQHandler
                0x0000000008002d94                I2C1_EV_IRQHandler
                0x0000000008002d94                DMA1_Stream6_IRQHandler
                0x0000000008002d94                DMAMUX1_OVR_IRQHandler
                0x0000000008002d94                DMA1_Stream1_IRQHandler
                0x0000000008002d94                TIM16_IRQHandler
                0x0000000008002d94                UART4_IRQHandler
                0x0000000008002d94                TIM3_IRQHandler
                0x0000000008002d94                RCC_IRQHandler
                0x0000000008002d94                UART9_IRQHandler
                0x0000000008002d94                TIM8_BRK_TIM12_IRQHandler
                0x0000000008002d94                TIM1_TRG_COM_IRQHandler
                0x0000000008002d94                Default_Handler
                0x0000000008002d94                ECC_IRQHandler
                0x0000000008002d94                BDMA2_Channel2_IRQHandler
                0x0000000008002d94                CEC_IRQHandler
                0x0000000008002d94                EXTI15_10_IRQHandler
                0x0000000008002d94                DFSDM1_FLT4_IRQHandler
                0x0000000008002d94                ADC_IRQHandler
                0x0000000008002d94                OTFDEC1_IRQHandler
                0x0000000008002d94                DMA1_Stream7_IRQHandler
                0x0000000008002d94                SPI5_IRQHandler
                0x0000000008002d94                TIM7_IRQHandler
                0x0000000008002d94                SDMMC1_IRQHandler
                0x0000000008002d94                TIM5_IRQHandler
                0x0000000008002d94                DMA2_Stream7_IRQHandler
                0x0000000008002d94                TIM15_IRQHandler
                0x0000000008002d94                I2C3_EV_IRQHandler
                0x0000000008002d94                DFSDM2_IRQHandler
                0x0000000008002d94                EXTI9_5_IRQHandler
                0x0000000008002d94                RTC_WKUP_IRQHandler
                0x0000000008002d94                LTDC_IRQHandler
                0x0000000008002d94                SPDIF_RX_IRQHandler
                0x0000000008002d94                PVD_PVM_IRQHandler
                0x0000000008002d94                SPI2_IRQHandler
                0x0000000008002d94                OTG_HS_EP1_IN_IRQHandler
                0x0000000008002d94                DFSDM1_FLT5_IRQHandler
                0x0000000008002d94                OTFDEC2_IRQHandler
                0x0000000008002d94                CRS_IRQHandler
                0x0000000008002d94                EXTI4_IRQHandler
                0x0000000008002d94                DFSDM1_FLT6_IRQHandler
                0x0000000008002d94                FDCAN2_IT1_IRQHandler
                0x0000000008002d94                COMP_IRQHandler
                0x0000000008002d94                TIM1_UP_IRQHandler
                0x0000000008002d94                OTG_HS_EP1_OUT_IRQHandler
                0x0000000008002d94                WWDG_IRQHandler
                0x0000000008002d94                SPI6_IRQHandler
                0x0000000008002d94                MDIOS_IRQHandler
                0x0000000008002d94                I2C4_EV_IRQHandler
                0x0000000008002d94                FDCAN2_IT0_IRQHandler
                0x0000000008002d94                LPUART1_IRQHandler
                0x0000000008002d94                FDCAN1_IT0_IRQHandler
                0x0000000008002d94                TIM2_IRQHandler
                0x0000000008002d94                BDMA2_Channel5_IRQHandler
                0x0000000008002d94                OTG_HS_IRQHandler
                0x0000000008002d94                DMA2D_IRQHandler
                0x0000000008002d94                TIM1_BRK_IRQHandler
                0x0000000008002d94                EXTI1_IRQHandler
                0x0000000008002d94                SDMMC2_IRQHandler
                0x0000000008002d94                DTS_IRQHandler
                0x0000000008002d94                UART7_IRQHandler
                0x0000000008002d94                MDIOS_WKUP_IRQHandler
                0x0000000008002d94                USART2_IRQHandler
                0x0000000008002d94                DFSDM1_FLT0_IRQHandler
                0x0000000008002d94                I2C2_ER_IRQHandler
                0x0000000008002d94                DMA2_Stream1_IRQHandler
                0x0000000008002d94                DFSDM1_FLT7_IRQHandler
                0x0000000008002d94                FLASH_IRQHandler
                0x0000000008002d94                DMA2_Stream4_IRQHandler
                0x0000000008002d94                USART1_IRQHandler
                0x0000000008002d94                SPI3_IRQHandler
                0x0000000008002d94                WAKEUP_PIN_IRQHandler
                0x0000000008002d94                DMA1_Stream4_IRQHandler
                0x0000000008002d94                I2C1_ER_IRQHandler
                0x0000000008002d94                FMC_IRQHandler
                0x0000000008002d94                BDMA2_Channel7_IRQHandler
                0x0000000008002d94                FDCAN_CAL_IRQHandler
                0x0000000008002d94                SWPMI1_IRQHandler
                0x0000000008002d94                LPTIM1_IRQHandler
                0x0000000008002d94                DCMI_PSSI_IRQHandler
                0x0000000008002d94                I2C4_ER_IRQHandler
                0x0000000008002d94                DMA2_Stream6_IRQHandler
                0x0000000008002d94                DMA1_Stream3_IRQHandler
                0x0000000008002d94                RTC_TAMP_STAMP_CSS_LSE_IRQHandler
                0x0000000008002d94                BDMA2_Channel4_IRQHandler
 *fill*         0x0000000008002d96        0x2 
 .text.HAL_Init
                0x0000000008002d98       0x78 Drivers/STM32H7xx_HAL_Driver/Src/stm32h7xx_hal.o
                0x0000000008002d98                HAL_Init
 .text.HAL_InitTick
                0x0000000008002e10       0x6c Drivers/STM32H7xx_HAL_Driver/Src/stm32h7xx_hal.o
                0x0000000008002e10                HAL_InitTick
 .text.HAL_IncTick
                0x0000000008002e7c       0x28 Drivers/STM32H7xx_HAL_Driver/Src/stm32h7xx_hal.o
                0x0000000008002e7c                HAL_IncTick
 .text.HAL_GetTick
                0x0000000008002ea4       0x18 Drivers/STM32H7xx_HAL_Driver/Src/stm32h7xx_hal.o
                0x0000000008002ea4                HAL_GetTick
 .text.HAL_Delay
                0x0000000008002ebc       0x44 Drivers/STM32H7xx_HAL_Driver/Src/stm32h7xx_hal.o
                0x0000000008002ebc                HAL_Delay
 .text.__NVIC_SetPriorityGrouping
                0x0000000008002f00       0x48 Drivers/STM32H7xx_HAL_Driver/Src/stm32h7xx_hal_cortex.o
 .text.__NVIC_GetPriorityGrouping
                0x0000000008002f48       0x1c Drivers/STM32H7xx_HAL_Driver/Src/stm32h7xx_hal_cortex.o
 .text.__NVIC_EnableIRQ
                0x0000000008002f64       0x3c Drivers/STM32H7xx_HAL_Driver/Src/stm32h7xx_hal_cortex.o
 .text.__NVIC_SetPriority
                0x0000000008002fa0       0x54 Drivers/STM32H7xx_HAL_Driver/Src/stm32h7xx_hal_cortex.o
 .text.NVIC_EncodePriority
                0x0000000008002ff4       0x66 Drivers/STM32H7xx_HAL_Driver/Src/stm32h7xx_hal_cortex.o
 *fill*         0x000000000800305a        0x2 
 .text.SysTick_Config
                0x000000000800305c       0x44 Drivers/STM32H7xx_HAL_Driver/Src/stm32h7xx_hal_cortex.o
 .text.HAL_NVIC_SetPriorityGrouping
                0x00000000080030a0       0x16 Drivers/STM32H7xx_HAL_Driver/Src/stm32h7xx_hal_cortex.o
                0x00000000080030a0                HAL_NVIC_SetPriorityGrouping
 .text.HAL_NVIC_SetPriority
                0x00000000080030b6       0x34 Drivers/STM32H7xx_HAL_Driver/Src/stm32h7xx_hal_cortex.o
                0x00000000080030b6                HAL_NVIC_SetPriority
 .text.HAL_NVIC_EnableIRQ
                0x00000000080030ea       0x1c Drivers/STM32H7xx_HAL_Driver/Src/stm32h7xx_hal_cortex.o
                0x00000000080030ea                HAL_NVIC_EnableIRQ
 .text.HAL_SYSTICK_Config
                0x0000000008003106       0x18 Drivers/STM32H7xx_HAL_Driver/Src/stm32h7xx_hal_cortex.o
                0x0000000008003106                HAL_SYSTICK_Config
 *fill*         0x000000000800311e        0x2 
 .text.HAL_DMA_Init
                0x0000000008003120      0x720 Drivers/STM32H7xx_HAL_Driver/Src/stm32h7xx_hal_dma.o
                0x0000000008003120                HAL_DMA_Init
 .text.HAL_DMA_Abort
                0x0000000008003840      0x63c Drivers/STM32H7xx_HAL_Driver/Src/stm32h7xx_hal_dma.o
                0x0000000008003840                HAL_DMA_Abort
 .text.HAL_DMA_Abort_IT
                0x0000000008003e7c      0x488 Drivers/STM32H7xx_HAL_Driver/Src/stm32h7xx_hal_dma.o
                0x0000000008003e7c                HAL_DMA_Abort_IT
 .text.HAL_DMA_IRQHandler
                0x0000000008004304      0xec4 Drivers/STM32H7xx_HAL_Driver/Src/stm32h7xx_hal_dma.o
                0x0000000008004304                HAL_DMA_IRQHandler
 .text.DMA_CalcBaseAndBitshift
                0x00000000080051c8      0x164 Drivers/STM32H7xx_HAL_Driver/Src/stm32h7xx_hal_dma.o
 .text.DMA_CheckFifoParam
                0x000000000800532c       0xf8 Drivers/STM32H7xx_HAL_Driver/Src/stm32h7xx_hal_dma.o
 .text.DMA_CalcDMAMUXChannelBaseAndMask
                0x0000000008005424      0x134 Drivers/STM32H7xx_HAL_Driver/Src/stm32h7xx_hal_dma.o
 .text.DMA_CalcDMAMUXRequestGenBaseAndMask
                0x0000000008005558       0xe8 Drivers/STM32H7xx_HAL_Driver/Src/stm32h7xx_hal_dma.o
 .text.HAL_GPIO_Init
                0x0000000008005640      0x360 Drivers/STM32H7xx_HAL_Driver/Src/stm32h7xx_hal_gpio.o
                0x0000000008005640                HAL_GPIO_Init
 .text.HAL_GPIO_ReadPin
                0x00000000080059a0       0x30 Drivers/STM32H7xx_HAL_Driver/Src/stm32h7xx_hal_gpio.o
                0x00000000080059a0                HAL_GPIO_ReadPin
 .text.HAL_GPIO_WritePin
                0x00000000080059d0       0x32 Drivers/STM32H7xx_HAL_Driver/Src/stm32h7xx_hal_gpio.o
                0x00000000080059d0                HAL_GPIO_WritePin
 *fill*         0x0000000008005a02        0x2 
 .text.HAL_LTDC_Init
                0x0000000008005a04      0x1a0 Drivers/STM32H7xx_HAL_Driver/Src/stm32h7xx_hal_ltdc.o
                0x0000000008005a04                HAL_LTDC_Init
 .text.HAL_LTDC_ConfigLayer
                0x0000000008005ba4       0x7c Drivers/STM32H7xx_HAL_Driver/Src/stm32h7xx_hal_ltdc.o
                0x0000000008005ba4                HAL_LTDC_ConfigLayer
 .text.HAL_LTDC_SetAddress
                0x0000000008005c20       0x6c Drivers/STM32H7xx_HAL_Driver/Src/stm32h7xx_hal_ltdc.o
                0x0000000008005c20                HAL_LTDC_SetAddress
 .text.LTDC_SetConfig
                0x0000000008005c8c      0x334 Drivers/STM32H7xx_HAL_Driver/Src/stm32h7xx_hal_ltdc.o
 .text.HAL_MDMA_Abort_IT
                0x0000000008005fc0       0x4e Drivers/STM32H7xx_HAL_Driver/Src/stm32h7xx_hal_mdma.o
                0x0000000008005fc0                HAL_MDMA_Abort_IT
 *fill*         0x000000000800600e        0x2 
 .text.HAL_OSPI_Init
                0x0000000008006010      0x180 Drivers/STM32H7xx_HAL_Driver/Src/stm32h7xx_hal_ospi.o
                0x0000000008006010                HAL_OSPI_Init
 .text.HAL_OSPI_IRQHandler
                0x0000000008006190      0x284 Drivers/STM32H7xx_HAL_Driver/Src/stm32h7xx_hal_ospi.o
                0x0000000008006190                HAL_OSPI_IRQHandler
 .text.HAL_OSPI_Command
                0x0000000008006414      0x11a Drivers/STM32H7xx_HAL_Driver/Src/stm32h7xx_hal_ospi.o
                0x0000000008006414                HAL_OSPI_Command
 *fill*         0x000000000800652e        0x2 
 .text.HAL_OSPI_MemoryMapped
                0x0000000008006530       0x9c Drivers/STM32H7xx_HAL_Driver/Src/stm32h7xx_hal_ospi.o
                0x0000000008006530                HAL_OSPI_MemoryMapped
 .text.HAL_OSPI_ErrorCallback
                0x00000000080065cc       0x14 Drivers/STM32H7xx_HAL_Driver/Src/stm32h7xx_hal_ospi.o
                0x00000000080065cc                HAL_OSPI_ErrorCallback
 .text.HAL_OSPI_AbortCpltCallback
                0x00000000080065e0       0x14 Drivers/STM32H7xx_HAL_Driver/Src/stm32h7xx_hal_ospi.o
                0x00000000080065e0                HAL_OSPI_AbortCpltCallback
 .text.HAL_OSPI_FifoThresholdCallback
                0x00000000080065f4       0x14 Drivers/STM32H7xx_HAL_Driver/Src/stm32h7xx_hal_ospi.o
                0x00000000080065f4                HAL_OSPI_FifoThresholdCallback
 .text.HAL_OSPI_CmdCpltCallback
                0x0000000008006608       0x14 Drivers/STM32H7xx_HAL_Driver/Src/stm32h7xx_hal_ospi.o
                0x0000000008006608                HAL_OSPI_CmdCpltCallback
 .text.HAL_OSPI_RxCpltCallback
                0x000000000800661c       0x14 Drivers/STM32H7xx_HAL_Driver/Src/stm32h7xx_hal_ospi.o
                0x000000000800661c                HAL_OSPI_RxCpltCallback
 .text.HAL_OSPI_TxCpltCallback
                0x0000000008006630       0x14 Drivers/STM32H7xx_HAL_Driver/Src/stm32h7xx_hal_ospi.o
                0x0000000008006630                HAL_OSPI_TxCpltCallback
 .text.HAL_OSPI_StatusMatchCallback
                0x0000000008006644       0x14 Drivers/STM32H7xx_HAL_Driver/Src/stm32h7xx_hal_ospi.o
                0x0000000008006644                HAL_OSPI_StatusMatchCallback
 .text.HAL_OSPI_TimeOutCallback
                0x0000000008006658       0x14 Drivers/STM32H7xx_HAL_Driver/Src/stm32h7xx_hal_ospi.o
                0x0000000008006658                HAL_OSPI_TimeOutCallback
 .text.HAL_OSPI_SetTimeout
                0x000000000800666c       0x1e Drivers/STM32H7xx_HAL_Driver/Src/stm32h7xx_hal_ospi.o
                0x000000000800666c                HAL_OSPI_SetTimeout
 *fill*         0x000000000800668a        0x2 
 .text.HAL_OSPIM_Config
                0x000000000800668c      0x914 Drivers/STM32H7xx_HAL_Driver/Src/stm32h7xx_hal_ospi.o
                0x000000000800668c                HAL_OSPIM_Config
 .text.OSPI_DMAAbortCplt
                0x0000000008006fa0       0x78 Drivers/STM32H7xx_HAL_Driver/Src/stm32h7xx_hal_ospi.o
 .text.OSPI_WaitFlagStateUntilTimeout
                0x0000000008007018       0x6e Drivers/STM32H7xx_HAL_Driver/Src/stm32h7xx_hal_ospi.o
 *fill*         0x0000000008007086        0x2 
 .text.OSPI_ConfigCmd
                0x0000000008007088      0x2f4 Drivers/STM32H7xx_HAL_Driver/Src/stm32h7xx_hal_ospi.o
 .text.OSPIM_GetConfig
                0x000000000800737c      0x174 Drivers/STM32H7xx_HAL_Driver/Src/stm32h7xx_hal_ospi.o
 .text.HAL_PWREx_ConfigSupply
                0x00000000080074f0       0x74 Drivers/STM32H7xx_HAL_Driver/Src/stm32h7xx_hal_pwr_ex.o
                0x00000000080074f0                HAL_PWREx_ConfigSupply
 .text.HAL_RCC_OscConfig
                0x0000000008007564      0x7d0 Drivers/STM32H7xx_HAL_Driver/Src/stm32h7xx_hal_rcc.o
                0x0000000008007564                HAL_RCC_OscConfig
 .text.HAL_RCC_ClockConfig
                0x0000000008007d34      0x36c Drivers/STM32H7xx_HAL_Driver/Src/stm32h7xx_hal_rcc.o
                0x0000000008007d34                HAL_RCC_ClockConfig
 .text.HAL_RCC_GetSysClockFreq
                0x00000000080080a0      0x2e4 Drivers/STM32H7xx_HAL_Driver/Src/stm32h7xx_hal_rcc.o
                0x00000000080080a0                HAL_RCC_GetSysClockFreq
 .text.HAL_RCC_GetHCLKFreq
                0x0000000008008384       0x60 Drivers/STM32H7xx_HAL_Driver/Src/stm32h7xx_hal_rcc.o
                0x0000000008008384                HAL_RCC_GetHCLKFreq
 .text.HAL_RCCEx_PeriphCLKConfig
                0x00000000080083e4      0xd68 Drivers/STM32H7xx_HAL_Driver/Src/stm32h7xx_hal_rcc_ex.o
                0x00000000080083e4                HAL_RCCEx_PeriphCLKConfig
 .text.HAL_RCCEx_GetPeriphCLKFreq
                0x000000000800914c      0x44c Drivers/STM32H7xx_HAL_Driver/Src/stm32h7xx_hal_rcc_ex.o
                0x000000000800914c                HAL_RCCEx_GetPeriphCLKFreq
 .text.HAL_RCCEx_GetD3PCLK1Freq
                0x0000000008009598       0x2c Drivers/STM32H7xx_HAL_Driver/Src/stm32h7xx_hal_rcc_ex.o
                0x0000000008009598                HAL_RCCEx_GetD3PCLK1Freq
 .text.HAL_RCCEx_GetPLL2ClockFreq
                0x00000000080095c4      0x298 Drivers/STM32H7xx_HAL_Driver/Src/stm32h7xx_hal_rcc_ex.o
                0x00000000080095c4                HAL_RCCEx_GetPLL2ClockFreq
 .text.HAL_RCCEx_GetPLL3ClockFreq
                0x000000000800985c      0x298 Drivers/STM32H7xx_HAL_Driver/Src/stm32h7xx_hal_rcc_ex.o
                0x000000000800985c                HAL_RCCEx_GetPLL3ClockFreq
 .text.HAL_RCCEx_GetPLL1ClockFreq
                0x0000000008009af4      0x298 Drivers/STM32H7xx_HAL_Driver/Src/stm32h7xx_hal_rcc_ex.o
                0x0000000008009af4                HAL_RCCEx_GetPLL1ClockFreq
 .text.RCCEx_PLL2_Config
                0x0000000008009d8c      0x164 Drivers/STM32H7xx_HAL_Driver/Src/stm32h7xx_hal_rcc_ex.o
 .text.RCCEx_PLL3_Config
                0x0000000008009ef0      0x164 Drivers/STM32H7xx_HAL_Driver/Src/stm32h7xx_hal_rcc_ex.o
 .text.HAL_RNG_Init
                0x000000000800a054      0x12c Drivers/STM32H7xx_HAL_Driver/Src/stm32h7xx_hal_rng.o
                0x000000000800a054                HAL_RNG_Init
 .text.HAL_RNG_GenerateRandomNumber
                0x000000000800a180       0x9e Drivers/STM32H7xx_HAL_Driver/Src/stm32h7xx_hal_rng.o
                0x000000000800a180                HAL_RNG_GenerateRandomNumber
 *fill*         0x000000000800a21e        0x2 
 .text.HAL_SAI_InitProtocol
                0x000000000800a220       0x74 Drivers/STM32H7xx_HAL_Driver/Src/stm32h7xx_hal_sai.o
                0x000000000800a220                HAL_SAI_InitProtocol
 .text.HAL_SAI_Init
                0x000000000800a294      0x400 Drivers/STM32H7xx_HAL_Driver/Src/stm32h7xx_hal_sai.o
                0x000000000800a294                HAL_SAI_Init
 .text.HAL_SAI_Abort
                0x000000000800a694      0x11e Drivers/STM32H7xx_HAL_Driver/Src/stm32h7xx_hal_sai.o
                0x000000000800a694                HAL_SAI_Abort
 *fill*         0x000000000800a7b2        0x2 
 .text.HAL_SAI_IRQHandler
                0x000000000800a7b4      0x370 Drivers/STM32H7xx_HAL_Driver/Src/stm32h7xx_hal_sai.o
                0x000000000800a7b4                HAL_SAI_IRQHandler
 .text.HAL_SAI_ErrorCallback
                0x000000000800ab24       0x14 Drivers/STM32H7xx_HAL_Driver/Src/stm32h7xx_hal_sai.o
                0x000000000800ab24                HAL_SAI_ErrorCallback
 .text.SAI_InitI2S
                0x000000000800ab38      0x164 Drivers/STM32H7xx_HAL_Driver/Src/stm32h7xx_hal_sai.o
 .text.SAI_InitPCM
                0x000000000800ac9c      0x104 Drivers/STM32H7xx_HAL_Driver/Src/stm32h7xx_hal_sai.o
 .text.SAI_Disable
                0x000000000800ada0       0x74 Drivers/STM32H7xx_HAL_Driver/Src/stm32h7xx_hal_sai.o
 .text.SAI_DMAAbort
                0x000000000800ae14       0x6e Drivers/STM32H7xx_HAL_Driver/Src/stm32h7xx_hal_sai.o
 *fill*         0x000000000800ae82        0x2 
 .text.HAL_SPI_Init
                0x000000000800ae84      0x1f0 Drivers/STM32H7xx_HAL_Driver/Src/stm32h7xx_hal_spi.o
                0x000000000800ae84                HAL_SPI_Init
 .text.HAL_SPI_Transmit
                0x000000000800b074      0x3e4 Drivers/STM32H7xx_HAL_Driver/Src/stm32h7xx_hal_spi.o
                0x000000000800b074                HAL_SPI_Transmit
 .text.SPI_CloseTransfer
                0x000000000800b458      0x140 Drivers/STM32H7xx_HAL_Driver/Src/stm32h7xx_hal_spi.o
 .text.SPI_WaitOnFlagUntilTimeout
                0x000000000800b598       0x5c Drivers/STM32H7xx_HAL_Driver/Src/stm32h7xx_hal_spi.o
 .text.SPI_GetPacketSize
                0x000000000800b5f4       0x36 Drivers/STM32H7xx_HAL_Driver/Src/stm32h7xx_hal_spi.o
 *fill*         0x000000000800b62a        0x2 
 .text.__libc_init_array
                0x000000000800b62c       0x48 c:/st/stm32cubeide_1.5.0/stm32cubeide/plugins/com.st.stm32cube.ide.mcu.externaltools.gnu-tools-for-stm32.7-2018-q2-update.win32_1.5.0.202011040924/tools/bin/../lib/gcc/arm-none-eabi/7.3.1/../../../../arm-none-eabi/lib/thumb/v7e-m/fpv5/hard\libc_nano.a(lib_a-init.o)
                0x000000000800b62c                __libc_init_array
 .text.memset   0x000000000800b674       0x10 c:/st/stm32cubeide_1.5.0/stm32cubeide/plugins/com.st.stm32cube.ide.mcu.externaltools.gnu-tools-for-stm32.7-2018-q2-update.win32_1.5.0.202011040924/tools/bin/../lib/gcc/arm-none-eabi/7.3.1/../../../../arm-none-eabi/lib/thumb/v7e-m/fpv5/hard\libc_nano.a(lib_a-memset.o)
                0x000000000800b674                memset
 *(.glue_7)
 .glue_7        0x000000000800b684        0x0 linker stubs
 *(.glue_7t)
 .glue_7t       0x000000000800b684        0x0 linker stubs
 *(.eh_frame)
 .eh_frame      0x000000000800b684        0x0 c:/st/stm32cubeide_1.5.0/stm32cubeide/plugins/com.st.stm32cube.ide.mcu.externaltools.gnu-tools-for-stm32.7-2018-q2-update.win32_1.5.0.202011040924/tools/bin/../lib/gcc/arm-none-eabi/7.3.1/thumb/v7e-m/fpv5/hard/crtbegin.o
 *(.init)
 .init          0x000000000800b684        0x4 c:/st/stm32cubeide_1.5.0/stm32cubeide/plugins/com.st.stm32cube.ide.mcu.externaltools.gnu-tools-for-stm32.7-2018-q2-update.win32_1.5.0.202011040924/tools/bin/../lib/gcc/arm-none-eabi/7.3.1/thumb/v7e-m/fpv5/hard/crti.o
                0x000000000800b684                _init
 .init          0x000000000800b688        0x8 c:/st/stm32cubeide_1.5.0/stm32cubeide/plugins/com.st.stm32cube.ide.mcu.externaltools.gnu-tools-for-stm32.7-2018-q2-update.win32_1.5.0.202011040924/tools/bin/../lib/gcc/arm-none-eabi/7.3.1/thumb/v7e-m/fpv5/hard/crtn.o
 *(.fini)
 .fini          0x000000000800b690        0x4 c:/st/stm32cubeide_1.5.0/stm32cubeide/plugins/com.st.stm32cube.ide.mcu.externaltools.gnu-tools-for-stm32.7-2018-q2-update.win32_1.5.0.202011040924/tools/bin/../lib/gcc/arm-none-eabi/7.3.1/thumb/v7e-m/fpv5/hard/crti.o
                0x000000000800b690                _fini
 .fini          0x000000000800b694        0x8 c:/st/stm32cubeide_1.5.0/stm32cubeide/plugins/com.st.stm32cube.ide.mcu.externaltools.gnu-tools-for-stm32.7-2018-q2-update.win32_1.5.0.202011040924/tools/bin/../lib/gcc/arm-none-eabi/7.3.1/thumb/v7e-m/fpv5/hard/crtn.o
                0x000000000800b69c                . = ALIGN (0x4)
                0x000000000800b69c                _etext = .

.vfp11_veneer   0x000000000800b69c        0x0
 .vfp11_veneer  0x000000000800b69c        0x0 linker stubs

.v4_bx          0x000000000800b69c        0x0
 .v4_bx         0x000000000800b69c        0x0 linker stubs

.iplt           0x000000000800b69c        0x0
 .iplt          0x000000000800b69c        0x0 c:/st/stm32cubeide_1.5.0/stm32cubeide/plugins/com.st.stm32cube.ide.mcu.externaltools.gnu-tools-for-stm32.7-2018-q2-update.win32_1.5.0.202011040924/tools/bin/../lib/gcc/arm-none-eabi/7.3.1/thumb/v7e-m/fpv5/hard/crtbegin.o

.rodata         0x000000000800b69c     0x248c
                0x000000000800b69c                . = ALIGN (0x4)
 *(.rodata)
 .rodata        0x000000000800b69c       0x27 Core/Src/lcd.o
 *(.rodata*)
 *fill*         0x000000000800b6c3        0x1 
 .rodata.scoregfx
                0x000000000800b6c4      0x26d Core/Src/main.o
                0x000000000800b6c4                scoregfx
 *fill*         0x000000000800b931        0x3 
 .rodata.stage  0x000000000800b934      0xa02 Core/Src/main.o
                0x000000000800b934                stage
 *fill*         0x000000000800c336        0x2 
 .rodata.tipgfx
                0x000000000800c338      0x1b9 Core/Src/main.o
                0x000000000800c338                tipgfx
 *fill*         0x000000000800c4f1        0x3 
 .rodata.tiptext
                0x000000000800c4f4      0x153 Core/Src/main.o
                0x000000000800c4f4                tiptext
 *fill*         0x000000000800c647        0x1 
 .rodata.wall   0x000000000800c648       0x39 Core/Src/main.o
                0x000000000800c648                wall
 *fill*         0x000000000800c681        0x3 
 .rodata.table  0x000000000800c684      0x834 Core/Src/main.o
                0x000000000800c684                table
 .rodata.keg    0x000000000800ceb8      0x2d9 Core/Src/main.o
                0x000000000800ceb8                keg
 *fill*         0x000000000800d191        0x3 
 .rodata.digits
                0x000000000800d194      0x190 Core/Src/main.o
                0x000000000800d194                digits
 .rodata.barKeepTend
                0x000000000800d324       0x98 Core/Src/main.o
                0x000000000800d324                barKeepTend
 .rodata.barKeepPour
                0x000000000800d3bc       0x9b Core/Src/main.o
                0x000000000800d3bc                barKeepPour
 *fill*         0x000000000800d457        0x1 
 .rodata.mugFilling
                0x000000000800d458       0x24 Core/Src/main.o
                0x000000000800d458                mugFilling
 .rodata.armPull
                0x000000000800d47c       0x3e Core/Src/main.o
                0x000000000800d47c                armPull
 *fill*         0x000000000800d4ba        0x2 
 .rodata.mugFull
                0x000000000800d4bc       0x24 Core/Src/main.o
                0x000000000800d4bc                mugFull
 .rodata.money  0x000000000800d4e0        0xc Core/Src/main.o
                0x000000000800d4e0                money
 .rodata.barDashGFX
                0x000000000800d4ec      0x20a Core/Src/main.o
                0x000000000800d4ec                barDashGFX
 *fill*         0x000000000800d6f6        0x2 
 .rodata.vWhoosh
                0x000000000800d6f8       0x1a Core/Src/main.o
                0x000000000800d6f8                vWhoosh
 *fill*         0x000000000800d712        0x2 
 .rodata.hWhoosh
                0x000000000800d714       0x1e Core/Src/main.o
                0x000000000800d714                hWhoosh
 *fill*         0x000000000800d732        0x2 
 .rodata.mugThrown
                0x000000000800d734       0x47 Core/Src/main.o
                0x000000000800d734                mugThrown
 *fill*         0x000000000800d77b        0x1 
 .rodata.wipe1  0x000000000800d77c       0x1a Core/Src/main.o
                0x000000000800d77c                wipe1
 *fill*         0x000000000800d796        0x2 
 .rodata.wipe2  0x000000000800d798       0x1a Core/Src/main.o
                0x000000000800d798                wipe2
 *fill*         0x000000000800d7b2        0x2 
 .rodata.patron0
                0x000000000800d7b4       0x56 Core/Src/main.o
                0x000000000800d7b4                patron0
 *fill*         0x000000000800d80a        0x2 
 .rodata.patron1
                0x000000000800d80c       0x41 Core/Src/main.o
                0x000000000800d80c                patron1
 *fill*         0x000000000800d84d        0x3 
 .rodata.patron2
                0x000000000800d850       0x2c Core/Src/main.o
                0x000000000800d850                patron2
 .rodata.patron3
                0x000000000800d87c       0x41 Core/Src/main.o
                0x000000000800d87c                patron3
 *fill*         0x000000000800d8bd        0x3 
 .rodata.patron4
                0x000000000800d8c0       0x41 Core/Src/main.o
                0x000000000800d8c0                patron4
 *fill*         0x000000000800d901        0x3 
 .rodata.patron5
                0x000000000800d904       0x38 Core/Src/main.o
                0x000000000800d904                patron5
 .rodata.patron6
                0x000000000800d93c       0x41 Core/Src/main.o
                0x000000000800d93c                patron6
 *fill*         0x000000000800d97d        0x3 
 .rodata.patron7
                0x000000000800d980       0x26 Core/Src/main.o
                0x000000000800d980                patron7
 *fill*         0x000000000800d9a6        0x2 
 .rodata.patron8
                0x000000000800d9a8       0x41 Core/Src/main.o
                0x000000000800d9a8                patron8
 *fill*         0x000000000800d9e9        0x3 
 .rodata.patron9
                0x000000000800d9ec       0x41 Core/Src/main.o
                0x000000000800d9ec                patron9
 *fill*         0x000000000800da2d        0x3 
 .rodata.patron10
                0x000000000800da30       0x41 Core/Src/main.o
                0x000000000800da30                patron10
 *fill*         0x000000000800da71        0x3 
 .rodata.patron11
                0x000000000800da74       0x41 Core/Src/main.o
                0x000000000800da74                patron11
 *fill*         0x000000000800dab5        0x3 
 .rodata.patronPunch
                0x000000000800dab8       0x56 Core/Src/main.o
                0x000000000800dab8                patronPunch
 *fill*         0x000000000800db0e        0x2 
 .rodata.D1CorePrescTable
                0x000000000800db10       0x10 Core/Src/system_stm32h7xx.o
                0x000000000800db10                D1CorePrescTable
 .rodata.flagBitshiftOffset.10597
                0x000000000800db20        0x8 Drivers/STM32H7xx_HAL_Driver/Src/stm32h7xx_hal_dma.o
                0x000000000800db28                . = ALIGN (0x4)

.rel.dyn        0x000000000800db28        0x0
 .rel.iplt      0x000000000800db28        0x0 c:/st/stm32cubeide_1.5.0/stm32cubeide/plugins/com.st.stm32cube.ide.mcu.externaltools.gnu-tools-for-stm32.7-2018-q2-update.win32_1.5.0.202011040924/tools/bin/../lib/gcc/arm-none-eabi/7.3.1/thumb/v7e-m/fpv5/hard/crtbegin.o

.ARM.extab
 *(.ARM.extab* .gnu.linkonce.armextab.*)

.ARM            0x000000000800db28        0x0
                0x000000000800db28                __exidx_start = .
 *(.ARM.exidx*)
                0x000000000800db28                __exidx_end = .

.preinit_array  0x000000000800db28        0x0
                0x000000000800db28                PROVIDE (__preinit_array_start = .)
 *(.preinit_array*)
                0x000000000800db28                PROVIDE (__preinit_array_end = .)

.init_array     0x000000000800db28        0x4
                0x000000000800db28                PROVIDE (__init_array_start = .)
 *(SORT_BY_NAME(.init_array.*))
 *(.init_array*)
 .init_array    0x000000000800db28        0x4 c:/st/stm32cubeide_1.5.0/stm32cubeide/plugins/com.st.stm32cube.ide.mcu.externaltools.gnu-tools-for-stm32.7-2018-q2-update.win32_1.5.0.202011040924/tools/bin/../lib/gcc/arm-none-eabi/7.3.1/thumb/v7e-m/fpv5/hard/crtbegin.o
                0x000000000800db2c                PROVIDE (__init_array_end = .)

.fini_array     0x000000000800db2c        0x4
                [!provide]                        PROVIDE (__fini_array_start = .)
 *(SORT_BY_NAME(.fini_array.*))
 *(.fini_array*)
 .fini_array    0x000000000800db2c        0x4 c:/st/stm32cubeide_1.5.0/stm32cubeide/plugins/com.st.stm32cube.ide.mcu.externaltools.gnu-tools-for-stm32.7-2018-q2-update.win32_1.5.0.202011040924/tools/bin/../lib/gcc/arm-none-eabi/7.3.1/thumb/v7e-m/fpv5/hard/crtbegin.o
                [!provide]                        PROVIDE (__fini_array_end = .)
                0x000000000800db30                _sidata = LOADADDR (.data)

.data           0x0000000020000000       0x38 load address 0x000000000800db30
                0x0000000020000000                . = ALIGN (0x4)
                0x0000000020000000                _sdata = .
 *(.data)
 *(.data*)
 .data.barKeepState
                0x0000000020000000        0x1 Core/Src/main.o
                0x0000000020000000                barKeepState
 *fill*         0x0000000020000001        0x3 
 .data.barDash  0x0000000020000004        0x4 Core/Src/main.o
                0x0000000020000004                barDash
 .data.patronSpeed
                0x0000000020000008        0x1 Core/Src/main.o
                0x0000000020000008                patronSpeed
 *fill*         0x0000000020000009        0x3 
 .data.patronXpos
                0x000000002000000c       0x1a Core/Src/main.o
                0x000000002000000c                patronXpos
 *fill*         0x0000000020000026        0x2 
 .data.SystemCoreClock
                0x0000000020000028        0x4 Core/Src/system_stm32h7xx.o
                0x0000000020000028                SystemCoreClock
 .data.SystemD2Clock
                0x000000002000002c        0x4 Core/Src/system_stm32h7xx.o
                0x000000002000002c                SystemD2Clock
 .data.uwTickPrio
                0x0000000020000030        0x4 Drivers/STM32H7xx_HAL_Driver/Src/stm32h7xx_hal.o
                0x0000000020000030                uwTickPrio
 .data.uwTickFreq
                0x0000000020000034        0x1 Drivers/STM32H7xx_HAL_Driver/Src/stm32h7xx_hal.o
                0x0000000020000034                uwTickFreq
                0x0000000020000038                . = ALIGN (0x4)
 *fill*         0x0000000020000035        0x3 
                0x0000000020000038                _edata = .

.igot.plt       0x0000000020000038        0x0 load address 0x000000000800db68
 .igot.plt      0x0000000020000038        0x0 c:/st/stm32cubeide_1.5.0/stm32cubeide/plugins/com.st.stm32cube.ide.mcu.externaltools.gnu-tools-for-stm32.7-2018-q2-update.win32_1.5.0.202011040924/tools/bin/../lib/gcc/arm-none-eabi/7.3.1/thumb/v7e-m/fpv5/hard/crtbegin.o
                0x0000000020000038                . = ALIGN (0x4)

.bss            0x0000000020000038      0x608 load address 0x000000000800db68
                0x0000000020000038                _sbss = .
                0x0000000020000038                __bss_start__ = _sbss
 *(.bss)
 .bss           0x0000000020000038       0x1c c:/st/stm32cubeide_1.5.0/stm32cubeide/plugins/com.st.stm32cube.ide.mcu.externaltools.gnu-tools-for-stm32.7-2018-q2-update.win32_1.5.0.202011040924/tools/bin/../lib/gcc/arm-none-eabi/7.3.1/thumb/v7e-m/fpv5/hard/crtbegin.o
 *(.bss*)
 .bss.buffer    0x0000000020000054        0x4 Core/Src/main.o
                0x0000000020000054                buffer
 .bss.barRow    0x0000000020000058        0x4 Core/Src/main.o
                0x0000000020000058                barRow
 .bss.keepRow   0x000000002000005c        0x4 Core/Src/main.o
                0x000000002000005c                keepRow
 .bss.barAnimation
                0x0000000020000060        0x4 Core/Src/main.o
                0x0000000020000060                barAnimation
 .bss.beerFull  0x0000000020000064        0x4 Core/Src/main.o
                0x0000000020000064                beerFull
 .bss.patronCounter
                0x0000000020000068        0x1 Core/Src/main.o
                0x0000000020000068                patronCounter
 .bss.tipsTotal
                0x0000000020000069        0x1 Core/Src/main.o
                0x0000000020000069                tipsTotal
 .bss.score     0x000000002000006a        0x2 Core/Src/main.o
                0x000000002000006a                score
 .bss.SAI1_client
                0x000000002000006c        0x4 Core/Src/stm32h7xx_hal_msp.o
 *(COMMON)
 COMMON         0x0000000020000070      0x5cb Core/Src/main.o
                0x0000000020000070                rando
                0x0000000020000074                hspi2
                0x00000000200000fc                patron
                0x00000000200002ac                hospi1
                0x000000002000030c                mug
                0x00000000200003fc                hltdc
                0x00000000200004a4                hdma_sai1_a
                0x000000002000051c                patronGFX
                0x0000000020000550                tableTop
                0x0000000020000574                whoosh
                0x0000000020000578                hrng
                0x000000002000058c                buttonDebounce
                0x0000000020000590                hsai_BlockA1
                0x0000000020000628                dashWhoosh
                0x000000002000062c                tips
 *fill*         0x000000002000063b        0x1 
 COMMON         0x000000002000063c        0x4 Drivers/STM32H7xx_HAL_Driver/Src/stm32h7xx_hal.o
                0x000000002000063c                uwTick
                0x0000000020000640                . = ALIGN (0x4)
                0x0000000020000640                _ebss = .
                0x0000000020000640                __bss_end__ = _ebss

._user_heap_stack
                0x0000000020000640      0x600 load address 0x000000000800db68
                0x0000000020000640                . = ALIGN (0x8)
                [!provide]                        PROVIDE (end = .)
                0x0000000020000640                PROVIDE (_end = .)
                0x0000000020000840                . = (. + _Min_Heap_Size)
 *fill*         0x0000000020000640      0x200 
                0x0000000020000c40                . = (. + _Min_Stack_Size)
 *fill*         0x0000000020000840      0x400 
                0x0000000020000c40                . = ALIGN (0x8)

/DISCARD/
 libc.a(*)
 libm.a(*)
 libgcc.a(*)

.ARM.attributes
                0x0000000000000000       0x2e
 *(.ARM.attributes)
 .ARM.attributes
                0x0000000000000000       0x20 c:/st/stm32cubeide_1.5.0/stm32cubeide/plugins/com.st.stm32cube.ide.mcu.externaltools.gnu-tools-for-stm32.7-2018-q2-update.win32_1.5.0.202011040924/tools/bin/../lib/gcc/arm-none-eabi/7.3.1/thumb/v7e-m/fpv5/hard/crti.o
 .ARM.attributes
                0x0000000000000020       0x32 c:/st/stm32cubeide_1.5.0/stm32cubeide/plugins/com.st.stm32cube.ide.mcu.externaltools.gnu-tools-for-stm32.7-2018-q2-update.win32_1.5.0.202011040924/tools/bin/../lib/gcc/arm-none-eabi/7.3.1/thumb/v7e-m/fpv5/hard/crtbegin.o
 .ARM.attributes
                0x0000000000000052       0x37 Core/Src/buttons.o
 .ARM.attributes
                0x0000000000000089       0x37 Core/Src/flash.o
 .ARM.attributes
                0x00000000000000c0       0x37 Core/Src/lcd.o
 .ARM.attributes
                0x00000000000000f7       0x37 Core/Src/main.o
 .ARM.attributes
                0x000000000000012e       0x37 Core/Src/stm32h7xx_hal_msp.o
 .ARM.attributes
                0x0000000000000165       0x37 Core/Src/stm32h7xx_it.o
 .ARM.attributes
                0x000000000000019c       0x37 Core/Src/system_stm32h7xx.o
 .ARM.attributes
                0x00000000000001d3       0x21 Core/Startup/startup_stm32h7b0vbtx.o
 .ARM.attributes
                0x00000000000001f4       0x37 Drivers/STM32H7xx_HAL_Driver/Src/stm32h7xx_hal.o
 .ARM.attributes
                0x000000000000022b       0x37 Drivers/STM32H7xx_HAL_Driver/Src/stm32h7xx_hal_cortex.o
 .ARM.attributes
                0x0000000000000262       0x37 Drivers/STM32H7xx_HAL_Driver/Src/stm32h7xx_hal_dma.o
 .ARM.attributes
                0x0000000000000299       0x37 Drivers/STM32H7xx_HAL_Driver/Src/stm32h7xx_hal_gpio.o
 .ARM.attributes
                0x00000000000002d0       0x37 Drivers/STM32H7xx_HAL_Driver/Src/stm32h7xx_hal_ltdc.o
 .ARM.attributes
                0x0000000000000307       0x37 Drivers/STM32H7xx_HAL_Driver/Src/stm32h7xx_hal_mdma.o
 .ARM.attributes
                0x000000000000033e       0x37 Drivers/STM32H7xx_HAL_Driver/Src/stm32h7xx_hal_ospi.o
 .ARM.attributes
                0x0000000000000375       0x37 Drivers/STM32H7xx_HAL_Driver/Src/stm32h7xx_hal_pwr_ex.o
 .ARM.attributes
                0x00000000000003ac       0x37 Drivers/STM32H7xx_HAL_Driver/Src/stm32h7xx_hal_rcc.o
 .ARM.attributes
                0x00000000000003e3       0x37 Drivers/STM32H7xx_HAL_Driver/Src/stm32h7xx_hal_rcc_ex.o
 .ARM.attributes
                0x000000000000041a       0x37 Drivers/STM32H7xx_HAL_Driver/Src/stm32h7xx_hal_rng.o
 .ARM.attributes
                0x0000000000000451       0x37 Drivers/STM32H7xx_HAL_Driver/Src/stm32h7xx_hal_sai.o
 .ARM.attributes
                0x0000000000000488       0x37 Drivers/STM32H7xx_HAL_Driver/Src/stm32h7xx_hal_spi.o
 .ARM.attributes
                0x00000000000004bf       0x32 c:/st/stm32cubeide_1.5.0/stm32cubeide/plugins/com.st.stm32cube.ide.mcu.externaltools.gnu-tools-for-stm32.7-2018-q2-update.win32_1.5.0.202011040924/tools/bin/../lib/gcc/arm-none-eabi/7.3.1/../../../../arm-none-eabi/lib/thumb/v7e-m/fpv5/hard\libc_nano.a(lib_a-init.o)
 .ARM.attributes
                0x00000000000004f1       0x32 c:/st/stm32cubeide_1.5.0/stm32cubeide/plugins/com.st.stm32cube.ide.mcu.externaltools.gnu-tools-for-stm32.7-2018-q2-update.win32_1.5.0.202011040924/tools/bin/../lib/gcc/arm-none-eabi/7.3.1/../../../../arm-none-eabi/lib/thumb/v7e-m/fpv5/hard\libc_nano.a(lib_a-memset.o)
 .ARM.attributes
                0x0000000000000523       0x20 c:/st/stm32cubeide_1.5.0/stm32cubeide/plugins/com.st.stm32cube.ide.mcu.externaltools.gnu-tools-for-stm32.7-2018-q2-update.win32_1.5.0.202011040924/tools/bin/../lib/gcc/arm-none-eabi/7.3.1/thumb/v7e-m/fpv5/hard/crtn.o
OUTPUT(gw_base.elf elf32-littlearm)

.debug_info     0x0000000000000000    0x21871
 .debug_info    0x0000000000000000      0xc15 Core/Src/buttons.o
 .debug_info    0x0000000000000c15     0x14c7 Core/Src/flash.o
 .debug_info    0x00000000000020dc     0x1601 Core/Src/lcd.o
 .debug_info    0x00000000000036dd     0x3e51 Core/Src/main.o
 .debug_info    0x000000000000752e     0x2d39 Core/Src/stm32h7xx_hal_msp.o
 .debug_info    0x000000000000a267     0x19f5 Core/Src/stm32h7xx_it.o
 .debug_info    0x000000000000bc5c     0x156d Core/Src/system_stm32h7xx.o
 .debug_info    0x000000000000d1c9       0x22 Core/Startup/startup_stm32h7b0vbtx.o
 .debug_info    0x000000000000d1eb     0x1c7d Drivers/STM32H7xx_HAL_Driver/Src/stm32h7xx_hal.o
 .debug_info    0x000000000000ee68     0x1a68 Drivers/STM32H7xx_HAL_Driver/Src/stm32h7xx_hal_cortex.o
 .debug_info    0x00000000000108d0     0x14f6 Drivers/STM32H7xx_HAL_Driver/Src/stm32h7xx_hal_dma.o
 .debug_info    0x0000000000011dc6     0x1513 Drivers/STM32H7xx_HAL_Driver/Src/stm32h7xx_hal_gpio.o
 .debug_info    0x00000000000132d9     0x1a0b Drivers/STM32H7xx_HAL_Driver/Src/stm32h7xx_hal_ltdc.o
 .debug_info    0x0000000000014ce4     0x1576 Drivers/STM32H7xx_HAL_Driver/Src/stm32h7xx_hal_mdma.o
 .debug_info    0x000000000001625a     0x2262 Drivers/STM32H7xx_HAL_Driver/Src/stm32h7xx_hal_ospi.o
 .debug_info    0x00000000000184bc     0x1843 Drivers/STM32H7xx_HAL_Driver/Src/stm32h7xx_hal_pwr_ex.o
 .debug_info    0x0000000000019cff     0x17ee Drivers/STM32H7xx_HAL_Driver/Src/stm32h7xx_hal_rcc.o
 .debug_info    0x000000000001b4ed     0x1aec Drivers/STM32H7xx_HAL_Driver/Src/stm32h7xx_hal_rcc_ex.o
 .debug_info    0x000000000001cfd9      0xe5b Drivers/STM32H7xx_HAL_Driver/Src/stm32h7xx_hal_rng.o
 .debug_info    0x000000000001de34     0x1c9d Drivers/STM32H7xx_HAL_Driver/Src/stm32h7xx_hal_sai.o
 .debug_info    0x000000000001fad1     0x1da0 Drivers/STM32H7xx_HAL_Driver/Src/stm32h7xx_hal_spi.o

.debug_abbrev   0x0000000000000000     0x3526
 .debug_abbrev  0x0000000000000000      0x1de Core/Src/buttons.o
 .debug_abbrev  0x00000000000001de      0x242 Core/Src/flash.o
 .debug_abbrev  0x0000000000000420      0x20a Core/Src/lcd.o
 .debug_abbrev  0x000000000000062a      0x3a9 Core/Src/main.o
 .debug_abbrev  0x00000000000009d3      0x287 Core/Src/stm32h7xx_hal_msp.o
 .debug_abbrev  0x0000000000000c5a      0x201 Core/Src/stm32h7xx_it.o
 .debug_abbrev  0x0000000000000e5b      0x22e Core/Src/system_stm32h7xx.o
 .debug_abbrev  0x0000000000001089       0x12 Core/Startup/startup_stm32h7b0vbtx.o
 .debug_abbrev  0x000000000000109b      0x2d9 Drivers/STM32H7xx_HAL_Driver/Src/stm32h7xx_hal.o
 .debug_abbrev  0x0000000000001374      0x3b5 Drivers/STM32H7xx_HAL_Driver/Src/stm32h7xx_hal_cortex.o
 .debug_abbrev  0x0000000000001729      0x289 Drivers/STM32H7xx_HAL_Driver/Src/stm32h7xx_hal_dma.o
 .debug_abbrev  0x00000000000019b2      0x28f Drivers/STM32H7xx_HAL_Driver/Src/stm32h7xx_hal_gpio.o
 .debug_abbrev  0x0000000000001c41      0x2ad Drivers/STM32H7xx_HAL_Driver/Src/stm32h7xx_hal_ltdc.o
 .debug_abbrev  0x0000000000001eee      0x266 Drivers/STM32H7xx_HAL_Driver/Src/stm32h7xx_hal_mdma.o
 .debug_abbrev  0x0000000000002154      0x300 Drivers/STM32H7xx_HAL_Driver/Src/stm32h7xx_hal_ospi.o
 .debug_abbrev  0x0000000000002454      0x302 Drivers/STM32H7xx_HAL_Driver/Src/stm32h7xx_hal_pwr_ex.o
 .debug_abbrev  0x0000000000002756      0x2e2 Drivers/STM32H7xx_HAL_Driver/Src/stm32h7xx_hal_rcc.o
 .debug_abbrev  0x0000000000002a38      0x2ea Drivers/STM32H7xx_HAL_Driver/Src/stm32h7xx_hal_rcc_ex.o
 .debug_abbrev  0x0000000000002d22      0x271 Drivers/STM32H7xx_HAL_Driver/Src/stm32h7xx_hal_rng.o
 .debug_abbrev  0x0000000000002f93      0x2be Drivers/STM32H7xx_HAL_Driver/Src/stm32h7xx_hal_sai.o
 .debug_abbrev  0x0000000000003251      0x2d5 Drivers/STM32H7xx_HAL_Driver/Src/stm32h7xx_hal_spi.o

.debug_aranges  0x0000000000000000     0x1048
 .debug_aranges
                0x0000000000000000       0x20 Core/Src/buttons.o
 .debug_aranges
                0x0000000000000020       0x20 Core/Src/flash.o
 .debug_aranges
                0x0000000000000040       0x38 Core/Src/lcd.o
 .debug_aranges
                0x0000000000000078       0xd0 Core/Src/main.o
 .debug_aranges
                0x0000000000000148       0x70 Core/Src/stm32h7xx_hal_msp.o
 .debug_aranges
                0x00000000000001b8       0x78 Core/Src/stm32h7xx_it.o
 .debug_aranges
                0x0000000000000230       0x28 Core/Src/system_stm32h7xx.o
 .debug_aranges
                0x0000000000000258       0x28 Core/Startup/startup_stm32h7b0vbtx.o
 .debug_aranges
                0x0000000000000280      0x1a0 Drivers/STM32H7xx_HAL_Driver/Src/stm32h7xx_hal.o
 .debug_aranges
                0x0000000000000420      0x120 Drivers/STM32H7xx_HAL_Driver/Src/stm32h7xx_hal_cortex.o
 .debug_aranges
                0x0000000000000540       0xa0 Drivers/STM32H7xx_HAL_Driver/Src/stm32h7xx_hal_dma.o
 .debug_aranges
                0x00000000000005e0       0x58 Drivers/STM32H7xx_HAL_Driver/Src/stm32h7xx_hal_gpio.o
 .debug_aranges
                0x0000000000000638      0x158 Drivers/STM32H7xx_HAL_Driver/Src/stm32h7xx_hal_ltdc.o
 .debug_aranges
                0x0000000000000790       0xc0 Drivers/STM32H7xx_HAL_Driver/Src/stm32h7xx_hal_mdma.o
 .debug_aranges
                0x0000000000000850      0x168 Drivers/STM32H7xx_HAL_Driver/Src/stm32h7xx_hal_ospi.o
 .debug_aranges
                0x00000000000009b8      0x188 Drivers/STM32H7xx_HAL_Driver/Src/stm32h7xx_hal_pwr_ex.o
 .debug_aranges
                0x0000000000000b40       0x88 Drivers/STM32H7xx_HAL_Driver/Src/stm32h7xx_hal_rcc.o
 .debug_aranges
                0x0000000000000bc8       0xf0 Drivers/STM32H7xx_HAL_Driver/Src/stm32h7xx_hal_rcc_ex.o
 .debug_aranges
                0x0000000000000cb8       0x78 Drivers/STM32H7xx_HAL_Driver/Src/stm32h7xx_hal_rng.o
 .debug_aranges
                0x0000000000000d30      0x178 Drivers/STM32H7xx_HAL_Driver/Src/stm32h7xx_hal_sai.o
 .debug_aranges
                0x0000000000000ea8      0x1a0 Drivers/STM32H7xx_HAL_Driver/Src/stm32h7xx_hal_spi.o

.debug_ranges   0x0000000000000000      0xf18
 .debug_ranges  0x0000000000000000       0x10 Core/Src/buttons.o
 .debug_ranges  0x0000000000000010       0x10 Core/Src/flash.o
 .debug_ranges  0x0000000000000020       0x28 Core/Src/lcd.o
 .debug_ranges  0x0000000000000048       0xc0 Core/Src/main.o
 .debug_ranges  0x0000000000000108       0x60 Core/Src/stm32h7xx_hal_msp.o
 .debug_ranges  0x0000000000000168       0x68 Core/Src/stm32h7xx_it.o
 .debug_ranges  0x00000000000001d0       0x18 Core/Src/system_stm32h7xx.o
 .debug_ranges  0x00000000000001e8       0x20 Core/Startup/startup_stm32h7b0vbtx.o
 .debug_ranges  0x0000000000000208      0x190 Drivers/STM32H7xx_HAL_Driver/Src/stm32h7xx_hal.o
 .debug_ranges  0x0000000000000398      0x110 Drivers/STM32H7xx_HAL_Driver/Src/stm32h7xx_hal_cortex.o
 .debug_ranges  0x00000000000004a8       0x90 Drivers/STM32H7xx_HAL_Driver/Src/stm32h7xx_hal_dma.o
 .debug_ranges  0x0000000000000538       0x48 Drivers/STM32H7xx_HAL_Driver/Src/stm32h7xx_hal_gpio.o
 .debug_ranges  0x0000000000000580      0x148 Drivers/STM32H7xx_HAL_Driver/Src/stm32h7xx_hal_ltdc.o
 .debug_ranges  0x00000000000006c8       0xb0 Drivers/STM32H7xx_HAL_Driver/Src/stm32h7xx_hal_mdma.o
 .debug_ranges  0x0000000000000778      0x158 Drivers/STM32H7xx_HAL_Driver/Src/stm32h7xx_hal_ospi.o
 .debug_ranges  0x00000000000008d0      0x178 Drivers/STM32H7xx_HAL_Driver/Src/stm32h7xx_hal_pwr_ex.o
 .debug_ranges  0x0000000000000a48       0x78 Drivers/STM32H7xx_HAL_Driver/Src/stm32h7xx_hal_rcc.o
 .debug_ranges  0x0000000000000ac0       0xe0 Drivers/STM32H7xx_HAL_Driver/Src/stm32h7xx_hal_rcc_ex.o
 .debug_ranges  0x0000000000000ba0       0x68 Drivers/STM32H7xx_HAL_Driver/Src/stm32h7xx_hal_rng.o
 .debug_ranges  0x0000000000000c08      0x180 Drivers/STM32H7xx_HAL_Driver/Src/stm32h7xx_hal_sai.o
 .debug_ranges  0x0000000000000d88      0x190 Drivers/STM32H7xx_HAL_Driver/Src/stm32h7xx_hal_spi.o

.debug_macro    0x0000000000000000    0x316f3
 .debug_macro   0x0000000000000000      0x304 Core/Src/buttons.o
 .debug_macro   0x0000000000000304      0xa66 Core/Src/buttons.o
 .debug_macro   0x0000000000000d6a       0x22 Core/Src/buttons.o
 .debug_macro   0x0000000000000d8c       0x8e Core/Src/buttons.o
 .debug_macro   0x0000000000000e1a       0x51 Core/Src/buttons.o
 .debug_macro   0x0000000000000e6b       0xef Core/Src/buttons.o
 .debug_macro   0x0000000000000f5a       0x6a Core/Src/buttons.o
 .debug_macro   0x0000000000000fc4      0x1df Core/Src/buttons.o
 .debug_macro   0x00000000000011a3       0x40 Core/Src/buttons.o
 .debug_macro   0x00000000000011e3      0x24a Core/Src/buttons.o
 .debug_macro   0x000000000000142d       0x2e Core/Src/buttons.o
 .debug_macro   0x000000000000145b       0x3b Core/Src/buttons.o
 .debug_macro   0x0000000000001496       0x1c Core/Src/buttons.o
 .debug_macro   0x00000000000014b2       0x22 Core/Src/buttons.o
 .debug_macro   0x00000000000014d4       0xdf Core/Src/buttons.o
 .debug_macro   0x00000000000015b3     0x12cd Core/Src/buttons.o
 .debug_macro   0x0000000000002880      0x11f Core/Src/buttons.o
 .debug_macro   0x000000000000299f       0x19 Core/Src/buttons.o
 .debug_macro   0x00000000000029b8    0x1f160 Core/Src/buttons.o
 .debug_macro   0x0000000000021b18       0x43 Core/Src/buttons.o
 .debug_macro   0x0000000000021b5b     0x3cda Core/Src/buttons.o
 .debug_macro   0x0000000000025835      0x174 Core/Src/buttons.o
 .debug_macro   0x00000000000259a9       0x46 Core/Src/buttons.o
 .debug_macro   0x00000000000259ef       0x17 Core/Src/buttons.o
 .debug_macro   0x0000000000025a06       0x3c Core/Src/buttons.o
 .debug_macro   0x0000000000025a42       0x34 Core/Src/buttons.o
 .debug_macro   0x0000000000025a76       0x52 Core/Src/buttons.o
 .debug_macro   0x0000000000025ac8       0x1f Core/Src/buttons.o
 .debug_macro   0x0000000000025ae7       0x43 Core/Src/buttons.o
 .debug_macro   0x0000000000025b2a       0x20 Core/Src/buttons.o
 .debug_macro   0x0000000000025b4a      0x1a3 Core/Src/buttons.o
 .debug_macro   0x0000000000025ced      0x32a Core/Src/buttons.o
 .debug_macro   0x0000000000026017      0x1e1 Core/Src/buttons.o
 .debug_macro   0x00000000000261f8       0x54 Core/Src/buttons.o
 .debug_macro   0x000000000002624c     0x2606 Core/Src/buttons.o
 .debug_macro   0x0000000000028852     0x1017 Core/Src/buttons.o
 .debug_macro   0x0000000000029869      0x138 Core/Src/buttons.o
 .debug_macro   0x00000000000299a1      0x117 Core/Src/buttons.o
 .debug_macro   0x0000000000029ab8      0x3bf Core/Src/buttons.o
 .debug_macro   0x0000000000029e77       0x27 Core/Src/buttons.o
 .debug_macro   0x0000000000029e9e      0x70a Core/Src/buttons.o
 .debug_macro   0x000000000002a5a8      0x20d Core/Src/buttons.o
 .debug_macro   0x000000000002a7b5       0x66 Core/Src/buttons.o
 .debug_macro   0x000000000002a81b      0x3c9 Core/Src/buttons.o
 .debug_macro   0x000000000002abe4      0x3ec Core/Src/buttons.o
 .debug_macro   0x000000000002afd0      0x275 Core/Src/buttons.o
 .debug_macro   0x000000000002b245      0x381 Core/Src/buttons.o
 .debug_macro   0x000000000002b5c6      0x478 Core/Src/buttons.o
 .debug_macro   0x000000000002ba3e       0x43 Core/Src/buttons.o
 .debug_macro   0x000000000002ba81       0x4a Core/Src/buttons.o
 .debug_macro   0x000000000002bacb      0x22c Core/Src/buttons.o
 .debug_macro   0x000000000002bcf7       0x64 Core/Src/buttons.o
 .debug_macro   0x000000000002bd5b       0xa5 Core/Src/buttons.o
 .debug_macro   0x000000000002be00      0x198 Core/Src/buttons.o
 .debug_macro   0x000000000002bf98       0xd6 Core/Src/buttons.o
 .debug_macro   0x000000000002c06e      0x519 Core/Src/buttons.o
 .debug_macro   0x000000000002c587      0x1be Core/Src/buttons.o
 .debug_macro   0x000000000002c745      0x2ac Core/Src/buttons.o
 .debug_macro   0x000000000002c9f1       0x35 Core/Src/buttons.o
 .debug_macro   0x000000000002ca26       0xa4 Core/Src/buttons.o
 .debug_macro   0x000000000002caca       0x99 Core/Src/buttons.o
 .debug_macro   0x000000000002cb63       0x19 Core/Src/buttons.o
 .debug_macro   0x000000000002cb7c      0x3ad Core/Src/buttons.o
 .debug_macro   0x000000000002cf29       0x10 Core/Src/buttons.o
 .debug_macro   0x000000000002cf39       0xe4 Core/Src/buttons.o
 .debug_macro   0x000000000002d01d      0x5dd Core/Src/buttons.o
 .debug_macro   0x000000000002d5fa       0x9e Core/Src/buttons.o
 .debug_macro   0x000000000002d698      0x5be Core/Src/buttons.o
 .debug_macro   0x000000000002dc56       0x8e Core/Src/buttons.o
 .debug_macro   0x000000000002dce4       0x22 Core/Src/buttons.o
 .debug_macro   0x000000000002dd06      0x2ed Core/Src/flash.o
 .debug_macro   0x000000000002dff3      0x2fc Core/Src/lcd.o
 .debug_macro   0x000000000002e2ef      0x312 Core/Src/main.o
 .debug_macro   0x000000000002e601       0x88 Core/Src/main.o
 .debug_macro   0x000000000002e689       0x46 Core/Src/main.o
 .debug_macro   0x000000000002e6cf       0x10 Core/Src/main.o
 .debug_macro   0x000000000002e6df      0x2f2 Core/Src/stm32h7xx_hal_msp.o
 .debug_macro   0x000000000002e9d1      0x2fc Core/Src/stm32h7xx_it.o
 .debug_macro   0x000000000002eccd      0x2e9 Core/Src/system_stm32h7xx.o
 .debug_macro   0x000000000002efb6      0x30d Drivers/STM32H7xx_HAL_Driver/Src/stm32h7xx_hal.o
 .debug_macro   0x000000000002f2c3      0x2e3 Drivers/STM32H7xx_HAL_Driver/Src/stm32h7xx_hal_cortex.o
 .debug_macro   0x000000000002f5a6      0x337 Drivers/STM32H7xx_HAL_Driver/Src/stm32h7xx_hal_dma.o
 .debug_macro   0x000000000002f8dd      0x31f Drivers/STM32H7xx_HAL_Driver/Src/stm32h7xx_hal_gpio.o
 .debug_macro   0x000000000002fbfc      0x2e4 Drivers/STM32H7xx_HAL_Driver/Src/stm32h7xx_hal_ltdc.o
 .debug_macro   0x000000000002fee0      0x2f2 Drivers/STM32H7xx_HAL_Driver/Src/stm32h7xx_hal_mdma.o
 .debug_macro   0x00000000000301d2      0x32a Drivers/STM32H7xx_HAL_Driver/Src/stm32h7xx_hal_ospi.o
 .debug_macro   0x00000000000304fc      0x31c Drivers/STM32H7xx_HAL_Driver/Src/stm32h7xx_hal_pwr_ex.o
 .debug_macro   0x0000000000030818      0x307 Drivers/STM32H7xx_HAL_Driver/Src/stm32h7xx_hal_rcc.o
 .debug_macro   0x0000000000030b1f      0x301 Drivers/STM32H7xx_HAL_Driver/Src/stm32h7xx_hal_rcc_ex.o
 .debug_macro   0x0000000000030e20      0x2f6 Drivers/STM32H7xx_HAL_Driver/Src/stm32h7xx_hal_rng.o
 .debug_macro   0x0000000000031116      0x2f2 Drivers/STM32H7xx_HAL_Driver/Src/stm32h7xx_hal_sai.o
 .debug_macro   0x0000000000031408      0x2eb Drivers/STM32H7xx_HAL_Driver/Src/stm32h7xx_hal_spi.o

.debug_line     0x0000000000000000    0x10dd2
 .debug_line    0x0000000000000000      0x8db Core/Src/buttons.o
 .debug_line    0x00000000000008db      0x8cc Core/Src/flash.o
 .debug_line    0x00000000000011a7      0x939 Core/Src/lcd.o
 .debug_line    0x0000000000001ae0      0xe6f Core/Src/main.o
 .debug_line    0x000000000000294f      0xa2a Core/Src/stm32h7xx_hal_msp.o
 .debug_line    0x0000000000003379      0x99c Core/Src/stm32h7xx_it.o
 .debug_line    0x0000000000003d15      0x90b Core/Src/system_stm32h7xx.o
 .debug_line    0x0000000000004620       0x87 Core/Startup/startup_stm32h7b0vbtx.o
 .debug_line    0x00000000000046a7      0xc84 Drivers/STM32H7xx_HAL_Driver/Src/stm32h7xx_hal.o
 .debug_line    0x000000000000532b      0xbfe Drivers/STM32H7xx_HAL_Driver/Src/stm32h7xx_hal_cortex.o
 .debug_line    0x0000000000005f29     0x1e65 Drivers/STM32H7xx_HAL_Driver/Src/stm32h7xx_hal_dma.o
 .debug_line    0x0000000000007d8e      0xab9 Drivers/STM32H7xx_HAL_Driver/Src/stm32h7xx_hal_gpio.o
 .debug_line    0x0000000000008847     0x1199 Drivers/STM32H7xx_HAL_Driver/Src/stm32h7xx_hal_ltdc.o
 .debug_line    0x00000000000099e0      0xd82 Drivers/STM32H7xx_HAL_Driver/Src/stm32h7xx_hal_mdma.o
 .debug_line    0x000000000000a762      0xfd6 Drivers/STM32H7xx_HAL_Driver/Src/stm32h7xx_hal_ospi.o
 .debug_line    0x000000000000b738      0xcfc Drivers/STM32H7xx_HAL_Driver/Src/stm32h7xx_hal_pwr_ex.o
 .debug_line    0x000000000000c434      0xc45 Drivers/STM32H7xx_HAL_Driver/Src/stm32h7xx_hal_rcc.o
 .debug_line    0x000000000000d079      0xeba Drivers/STM32H7xx_HAL_Driver/Src/stm32h7xx_hal_rcc_ex.o
 .debug_line    0x000000000000df33      0xa21 Drivers/STM32H7xx_HAL_Driver/Src/stm32h7xx_hal_rng.o
 .debug_line    0x000000000000e954     0x1159 Drivers/STM32H7xx_HAL_Driver/Src/stm32h7xx_hal_sai.o
 .debug_line    0x000000000000faad     0x1325 Drivers/STM32H7xx_HAL_Driver/Src/stm32h7xx_hal_spi.o

.debug_str      0x0000000000000000   0x13b7bd
 .debug_str     0x0000000000000000   0x134e58 Core/Src/buttons.o
                                     0x13539b (size before relaxing)
 .debug_str     0x0000000000134e58      0x6b8 Core/Src/flash.o
                                     0x135706 (size before relaxing)
 .debug_str     0x0000000000135510      0x763 Core/Src/lcd.o
                                     0x135b0c (size before relaxing)
 .debug_str     0x0000000000135c73     0x1552 Core/Src/main.o
                                     0x1377c3 (size before relaxing)
 .debug_str     0x00000000001371c5      0x109 Core/Src/stm32h7xx_hal_msp.o
                                     0x136df7 (size before relaxing)
 .debug_str     0x00000000001372ce       0xf9 Core/Src/stm32h7xx_it.o
                                     0x135ddd (size before relaxing)
 .debug_str     0x00000000001373c7      0x2fc Core/Src/system_stm32h7xx.o
                                     0x13552f (size before relaxing)
 .debug_str     0x00000000001376c3       0x36 Core/Startup/startup_stm32h7b0vbtx.o
                                         0x6e (size before relaxing)
 .debug_str     0x00000000001376f9      0x755 Drivers/STM32H7xx_HAL_Driver/Src/stm32h7xx_hal.o
                                     0x136327 (size before relaxing)
 .debug_str     0x0000000000137e4e      0x3a1 Drivers/STM32H7xx_HAL_Driver/Src/stm32h7xx_hal_cortex.o
                                     0x135e3b (size before relaxing)
 .debug_str     0x00000000001381ef      0x8c5 Drivers/STM32H7xx_HAL_Driver/Src/stm32h7xx_hal_dma.o
                                     0x135c1d (size before relaxing)
 .debug_str     0x0000000000138ab4      0x204 Drivers/STM32H7xx_HAL_Driver/Src/stm32h7xx_hal_gpio.o
                                     0x1355d9 (size before relaxing)
 .debug_str     0x0000000000138cb8      0x49f Drivers/STM32H7xx_HAL_Driver/Src/stm32h7xx_hal_ltdc.o
                                     0x1357a1 (size before relaxing)
 .debug_str     0x0000000000139157      0x4b1 Drivers/STM32H7xx_HAL_Driver/Src/stm32h7xx_hal_mdma.o
                                     0x13582e (size before relaxing)
 .debug_str     0x0000000000139608      0x748 Drivers/STM32H7xx_HAL_Driver/Src/stm32h7xx_hal_ospi.o
                                     0x135ecc (size before relaxing)
 .debug_str     0x0000000000139d50      0x74c Drivers/STM32H7xx_HAL_Driver/Src/stm32h7xx_hal_pwr_ex.o
                                     0x135a51 (size before relaxing)
 .debug_str     0x000000000013a49c      0x26c Drivers/STM32H7xx_HAL_Driver/Src/stm32h7xx_hal_rcc.o
                                     0x1358b9 (size before relaxing)
 .debug_str     0x000000000013a708      0x633 Drivers/STM32H7xx_HAL_Driver/Src/stm32h7xx_hal_rcc_ex.o
                                     0x135d12 (size before relaxing)
 .debug_str     0x000000000013ad3b      0x170 Drivers/STM32H7xx_HAL_Driver/Src/stm32h7xx_hal_rng.o
                                     0x13529d (size before relaxing)
 .debug_str     0x000000000013aeab      0x43a Drivers/STM32H7xx_HAL_Driver/Src/stm32h7xx_hal_sai.o
                                     0x135aa5 (size before relaxing)
 .debug_str     0x000000000013b2e5      0x4d8 Drivers/STM32H7xx_HAL_Driver/Src/stm32h7xx_hal_spi.o
                                     0x135b35 (size before relaxing)

.comment        0x0000000000000000       0x7b
 .comment       0x0000000000000000       0x7b Core/Src/buttons.o
                                         0x7c (size before relaxing)
 .comment       0x000000000000007b       0x7c Core/Src/flash.o
 .comment       0x000000000000007b       0x7c Core/Src/lcd.o
 .comment       0x000000000000007b       0x7c Core/Src/main.o
 .comment       0x000000000000007b       0x7c Core/Src/stm32h7xx_hal_msp.o
 .comment       0x000000000000007b       0x7c Core/Src/stm32h7xx_it.o
 .comment       0x000000000000007b       0x7c Core/Src/system_stm32h7xx.o
 .comment       0x000000000000007b       0x7c Drivers/STM32H7xx_HAL_Driver/Src/stm32h7xx_hal.o
 .comment       0x000000000000007b       0x7c Drivers/STM32H7xx_HAL_Driver/Src/stm32h7xx_hal_cortex.o
 .comment       0x000000000000007b       0x7c Drivers/STM32H7xx_HAL_Driver/Src/stm32h7xx_hal_dma.o
 .comment       0x000000000000007b       0x7c Drivers/STM32H7xx_HAL_Driver/Src/stm32h7xx_hal_gpio.o
 .comment       0x000000000000007b       0x7c Drivers/STM32H7xx_HAL_Driver/Src/stm32h7xx_hal_ltdc.o
 .comment       0x000000000000007b       0x7c Drivers/STM32H7xx_HAL_Driver/Src/stm32h7xx_hal_mdma.o
 .comment       0x000000000000007b       0x7c Drivers/STM32H7xx_HAL_Driver/Src/stm32h7xx_hal_ospi.o
 .comment       0x000000000000007b       0x7c Drivers/STM32H7xx_HAL_Driver/Src/stm32h7xx_hal_pwr_ex.o
 .comment       0x000000000000007b       0x7c Drivers/STM32H7xx_HAL_Driver/Src/stm32h7xx_hal_rcc.o
 .comment       0x000000000000007b       0x7c Drivers/STM32H7xx_HAL_Driver/Src/stm32h7xx_hal_rcc_ex.o
 .comment       0x000000000000007b       0x7c Drivers/STM32H7xx_HAL_Driver/Src/stm32h7xx_hal_rng.o
 .comment       0x000000000000007b       0x7c Drivers/STM32H7xx_HAL_Driver/Src/stm32h7xx_hal_sai.o
 .comment       0x000000000000007b       0x7c Drivers/STM32H7xx_HAL_Driver/Src/stm32h7xx_hal_spi.o

.debug_frame    0x0000000000000000     0x4364
 .debug_frame   0x0000000000000000       0x34 Core/Src/buttons.o
 .debug_frame   0x0000000000000034       0x38 Core/Src/flash.o
 .debug_frame   0x000000000000006c       0x94 Core/Src/lcd.o
 .debug_frame   0x0000000000000100      0x348 Core/Src/main.o
 .debug_frame   0x0000000000000448      0x1ac Core/Src/stm32h7xx_hal_msp.o
 .debug_frame   0x00000000000005f4      0x160 Core/Src/stm32h7xx_it.o
 .debug_frame   0x0000000000000754       0x58 Core/Src/system_stm32h7xx.o
 .debug_frame   0x00000000000007ac      0x6a8 Drivers/STM32H7xx_HAL_Driver/Src/stm32h7xx_hal.o
 .debug_frame   0x0000000000000e54      0x4b8 Drivers/STM32H7xx_HAL_Driver/Src/stm32h7xx_hal_cortex.o
 .debug_frame   0x000000000000130c      0x2b4 Drivers/STM32H7xx_HAL_Driver/Src/stm32h7xx_hal_dma.o
 .debug_frame   0x00000000000015c0      0x14c Drivers/STM32H7xx_HAL_Driver/Src/stm32h7xx_hal_gpio.o
 .debug_frame   0x000000000000170c      0x61c Drivers/STM32H7xx_HAL_Driver/Src/stm32h7xx_hal_ltdc.o
 .debug_frame   0x0000000000001d28      0x34c Drivers/STM32H7xx_HAL_Driver/Src/stm32h7xx_hal_mdma.o
 .debug_frame   0x0000000000002074      0x688 Drivers/STM32H7xx_HAL_Driver/Src/stm32h7xx_hal_ospi.o
 .debug_frame   0x00000000000026fc      0x660 Drivers/STM32H7xx_HAL_Driver/Src/stm32h7xx_hal_pwr_ex.o
 .debug_frame   0x0000000000002d5c      0x1fc Drivers/STM32H7xx_HAL_Driver/Src/stm32h7xx_hal_rcc.o
 .debug_frame   0x0000000000002f58      0x3cc Drivers/STM32H7xx_HAL_Driver/Src/stm32h7xx_hal_rcc_ex.o
 .debug_frame   0x0000000000003324      0x1e0 Drivers/STM32H7xx_HAL_Driver/Src/stm32h7xx_hal_rng.o
 .debug_frame   0x0000000000003504      0x69c Drivers/STM32H7xx_HAL_Driver/Src/stm32h7xx_hal_sai.o
 .debug_frame   0x0000000000003ba0      0x778 Drivers/STM32H7xx_HAL_Driver/Src/stm32h7xx_hal_spi.o
 .debug_frame   0x0000000000004318       0x2c c:/st/stm32cubeide_1.5.0/stm32cubeide/plugins/com.st.stm32cube.ide.mcu.externaltools.gnu-tools-for-stm32.7-2018-q2-update.win32_1.5.0.202011040924/tools/bin/../lib/gcc/arm-none-eabi/7.3.1/../../../../arm-none-eabi/lib/thumb/v7e-m/fpv5/hard\libc_nano.a(lib_a-init.o)
 .debug_frame   0x0000000000004344       0x20 c:/st/stm32cubeide_1.5.0/stm32cubeide/plugins/com.st.stm32cube.ide.mcu.externaltools.gnu-tools-for-stm32.7-2018-q2-update.win32_1.5.0.202011040924/tools/bin/../lib/gcc/arm-none-eabi/7.3.1/../../../../arm-none-eabi/lib/thumb/v7e-m/fpv5/hard\libc_nano.a(lib_a-memset.o)
