../Core/Src/audio.c:40:6:musicControl	0	static
../Core/Src/audio.c:44:6:volumeUp	0	static
../Core/Src/audio.c:54:6:volumeDown	0	static
../Core/Src/audio.c:64:5:getVolume	0	static
../Core/Src/audio.c:69:6:audio_set_frequency	192	static
../Core/Src/audio.c:95:10:audio_get_buffer_length	0	static
../Core/Src/audio.c:99:10:audio_get_buffer_size	0	static
../Core/Src/audio.c:103:10:audio_get_active_buffer	0	static
../Core/Src/audio.c:108:10:audio_get_inactive_buffer	0	static
../Core/Src/audio.c:113:6:audio_clear_active_buffer	8	static
../Core/Src/audio.c:117:6:audio_clear_inactive_buffer	8	static
../Core/Src/audio.c:121:6:audio_clear_buffers	0	static
../Core/Src/audio.c:125:6:audio_set_buffer_length	0	static
../Core/Src/audio.c:170:6:audio_start_playing	8	static
../Core/Src/audio.c:176:6:audio_stop_playing	8	static
../Core/Src/audio.c:129:6:audio_generate_square_wave_chunk	32	static
../Core/Src/audio.c:22:6:HAL_SAI_TxHalfCpltCallback	0	static
../Core/Src/audio.c:31:6:HAL_SAI_TxCpltCallback	0	static
../Core/Src/audio.c:156:6:squareWave	8	static
