../Core/Src/main.c:59:6:fillRLE	56	static
../Core/Src/main.c:111:6:fillRLEshadow	32	static
../Core/Src/main.c:123:6:fillSegment	56	static
../Core/Src/main.c:176:6:drawRect	28	static
../Core/Src/main.c:205:6:decimal	40	static
../Core/Src/main.c:384:6:gameReset	0	static
../Core/Src/main.c:397:6:stageSetup	8	static
../Core/Src/main.c:406:6:stageStart	16	static
../Core/Src/main.c:463:6:stageEnd	0	static
../Core/Src/main.c:470:6:gameStart	0	static
../Core/Src/main.c:480:6:gameEnd	0	static
../Core/Src/main.c:493:6:loseLife	0	static
../Core/Src/main.c:504:6:speedUp	0	static
../Core/Src/main.c:739:6:spawnMug	12	static
../Core/Src/main.c:758:6:drawBarkeep	48	static
../Core/Src/main.c:1041:6:checkOpening	8	static
../Core/Src/main.c:1061:5:checkCollisions	8	static
../Core/Src/main.c:1079:6:drawMugs	32	static
../Core/Src/main.c:1198:6:drawTips	32	static
../Core/Src/main.c:1214:6:drawPatrons	40	static
../Core/Src/main.c:1388:6:drawGirls	16	static
../Core/Src/main.c:1470:6:endofStageLoop	24	static
../Core/Src/main.c:2189:6:Error_Handler	8	static
../Core/Src/main.c:360:6:updateRandomNumber	8	static
../Core/Src/main.c:367:5:getRandom	8	static
../Core/Src/main.c:1339:6:scanCollisions	40	static
../Core/Src/main.c:705:6:spawnPatron	24	static
../Core/Src/main.c:1432:6:activeGameLoop	32	static
../Core/Src/main.c:1736:6:SystemClock_Config	312	static
../Core/Src/main.c:2203:6:GW_EnterDeepSleep	8	static
../Core/Src/main.c:516:6:gameResetControls	24	static
../Core/Src/main.c:1529:6:mainGameLoop	24	static
../Core/Src/main.c:1653:5:main	208	static
