stm32h7xx_hal_ospi.c:318:19:HAL_OSPI_Init	32	static
stm32h7xx_hal_ospi.c:448:13:HAL_OSPI_MspInit	16	static
stm32h7xx_hal_ospi.c:463:19:HAL_OSPI_DeInit	24	static
stm32h7xx_hal_ospi.c:506:13:HAL_OSPI_MspDeInit	16	static
stm32h7xx_hal_ospi.c:546:6:HAL_OSPI_IRQHandler	32	static
stm32h7xx_hal_ospi.c:777:19:HAL_OSPI_Command	48	static
stm32h7xx_hal_ospi.c:907:19:HAL_OSPI_Command_IT	32	static
stm32h7xx_hal_ospi.c:997:19:HAL_OSPI_HyperbusCfg	48	static
stm32h7xx_hal_ospi.c:1044:19:HAL_OSPI_HyperbusCmd	40	static
stm32h7xx_hal_ospi.c:1106:19:HAL_OSPI_Transmit	48	static
stm32h7xx_hal_ospi.c:1180:19:HAL_OSPI_Receive	56	static
stm32h7xx_hal_ospi.c:1272:19:HAL_OSPI_Transmit_IT	24	static
stm32h7xx_hal_ospi.c:1322:19:HAL_OSPI_Receive_IT	32	static
stm32h7xx_hal_ospi.c:1395:19:HAL_OSPI_Transmit_DMA	40	static
stm32h7xx_hal_ospi.c:1496:19:HAL_OSPI_Receive_DMA	48	static
stm32h7xx_hal_ospi.c:1613:19:HAL_OSPI_AutoPolling	48	static
stm32h7xx_hal_ospi.c:1691:19:HAL_OSPI_AutoPolling_IT	40	static
stm32h7xx_hal_ospi.c:1766:19:HAL_OSPI_MemoryMapped	32	static
stm32h7xx_hal_ospi.c:1819:13:HAL_OSPI_ErrorCallback	16	static
stm32h7xx_hal_ospi.c:1834:13:HAL_OSPI_AbortCpltCallback	16	static
stm32h7xx_hal_ospi.c:1849:13:HAL_OSPI_FifoThresholdCallback	16	static
stm32h7xx_hal_ospi.c:1864:13:HAL_OSPI_CmdCpltCallback	16	static
stm32h7xx_hal_ospi.c:1879:13:HAL_OSPI_RxCpltCallback	16	static
stm32h7xx_hal_ospi.c:1894:14:HAL_OSPI_TxCpltCallback	16	static
stm32h7xx_hal_ospi.c:1909:13:HAL_OSPI_RxHalfCpltCallback	16	static
stm32h7xx_hal_ospi.c:1924:13:HAL_OSPI_TxHalfCpltCallback	16	static
stm32h7xx_hal_ospi.c:1939:13:HAL_OSPI_StatusMatchCallback	16	static
stm32h7xx_hal_ospi.c:1954:13:HAL_OSPI_TimeOutCallback	16	static
stm32h7xx_hal_ospi.c:2204:19:HAL_OSPI_Abort	40	static
stm32h7xx_hal_ospi.c:2272:19:HAL_OSPI_Abort_IT	24	static
stm32h7xx_hal_ospi.c:2350:19:HAL_OSPI_SetFifoThreshold	24	static
stm32h7xx_hal_ospi.c:2378:10:HAL_OSPI_GetFifoThreshold	16	static
stm32h7xx_hal_ospi.c:2388:19:HAL_OSPI_SetTimeout	16	static
stm32h7xx_hal_ospi.c:2399:10:HAL_OSPI_GetError	16	static
stm32h7xx_hal_ospi.c:2409:10:HAL_OSPI_GetState	16	static
stm32h7xx_hal_ospi.c:2441:19:HAL_OSPIM_Config	88	static
stm32h7xx_hal_ospi.c:2627:13:OSPI_DMACplt	24	static
stm32h7xx_hal_ospi.c:2647:13:OSPI_DMAError	24	static
stm32h7xx_hal_ospi.c:2679:13:OSPI_DMAAbortCplt	24	static
stm32h7xx_hal_ospi.c:2736:26:OSPI_WaitFlagStateUntilTimeout	24	static
stm32h7xx_hal_ospi.c:2763:26:OSPI_ConfigCmd	40	static
stm32h7xx_hal_ospi.c:2941:26:OSPIM_GetConfig	32	static
