stm32h7xx_hal_sai.c:331:19:HAL_SAI_InitProtocol	32	static
stm32h7xx_hal_sai.c:370:19:HAL_SAI_Init	48	static
stm32h7xx_hal_sai.c:783:19:HAL_SAI_DeInit	24	static
stm32h7xx_hal_sai.c:864:13:HAL_SAI_MspInit	16	static
stm32h7xx_hal_sai.c:880:13:HAL_SAI_MspDeInit	16	static
stm32h7xx_hal_sai.c:1121:19:HAL_SAI_Transmit	32	static
stm32h7xx_hal_sai.c:1234:19:HAL_SAI_Receive	32	static
stm32h7xx_hal_sai.c:1344:19:HAL_SAI_Transmit_IT	24	static
stm32h7xx_hal_sai.c:1406:19:HAL_SAI_Receive_IT	24	static
stm32h7xx_hal_sai.c:1464:19:HAL_SAI_DMAPause	16	static
stm32h7xx_hal_sai.c:1484:19:HAL_SAI_DMAResume	16	static
stm32h7xx_hal_sai.c:1511:19:HAL_SAI_DMAStop	24	static
stm32h7xx_hal_sai.c:1573:19:HAL_SAI_Abort	24	static
stm32h7xx_hal_sai.c:1645:19:HAL_SAI_Transmit_DMA	32	static
stm32h7xx_hal_sai.c:1732:19:HAL_SAI_Receive_DMA	24	static
stm32h7xx_hal_sai.c:1801:19:HAL_SAI_EnableTxMuteMode	16	static
stm32h7xx_hal_sai.c:1820:19:HAL_SAI_DisableTxMuteMode	16	static
stm32h7xx_hal_sai.c:1838:19:HAL_SAI_EnableRxMuteMode	24	static
stm32h7xx_hal_sai.c:1861:19:HAL_SAI_DisableRxMuteMode	16	static
stm32h7xx_hal_sai.c:1880:6:HAL_SAI_IRQHandler	32	static
stm32h7xx_hal_sai.c:2153:13:HAL_SAI_TxCpltCallback	16	static
stm32h7xx_hal_sai.c:2169:13:HAL_SAI_TxHalfCpltCallback	16	static
stm32h7xx_hal_sai.c:2185:13:HAL_SAI_RxCpltCallback	16	static
stm32h7xx_hal_sai.c:2201:13:HAL_SAI_RxHalfCpltCallback	16	static
stm32h7xx_hal_sai.c:2217:13:HAL_SAI_ErrorCallback	16	static
stm32h7xx_hal_sai.c:2252:22:HAL_SAI_GetState	16	static
stm32h7xx_hal_sai.c:2263:10:HAL_SAI_GetError	16	static
stm32h7xx_hal_sai.c:2292:26:SAI_InitI2S	32	static
stm32h7xx_hal_sai.c:2387:26:SAI_InitPCM	32	static
stm32h7xx_hal_sai.c:2457:13:SAI_FillFifo	24	static
stm32h7xx_hal_sai.c:2500:17:SAI_InterruptFlag	24	static
stm32h7xx_hal_sai.c:2533:26:SAI_Disable	24	static
stm32h7xx_hal_sai.c:2564:13:SAI_Transmit_IT8Bit	16	static
stm32h7xx_hal_sai.c:2593:13:SAI_Transmit_IT16Bit	24	static
stm32h7xx_hal_sai.c:2626:13:SAI_Transmit_IT32Bit	24	static
stm32h7xx_hal_sai.c:2663:13:SAI_Receive_IT8Bit	16	static
stm32h7xx_hal_sai.c:2694:13:SAI_Receive_IT16Bit	24	static
stm32h7xx_hal_sai.c:2730:13:SAI_Receive_IT32Bit	24	static
stm32h7xx_hal_sai.c:2770:13:SAI_DMATxCplt	24	static
stm32h7xx_hal_sai.c:2799:13:SAI_DMATxHalfCplt	24	static
stm32h7xx_hal_sai.c:2816:13:SAI_DMARxCplt	24	static
stm32h7xx_hal_sai.c:2844:13:SAI_DMARxHalfCplt	24	static
stm32h7xx_hal_sai.c:2861:13:SAI_DMAError	24	static
stm32h7xx_hal_sai.c:2899:13:SAI_DMAAbort	24	static
