main.c:81:6:fillRLE	64	static
main.c:134:6:fillRLEshadow	32	static
main.c:149:6:fillSegment	64	static
main.c:202:6:drawRect	40	static
main.c:231:6:decimal	32	static
main.c:321:6:spawnMug	16	static
main.c:341:6:drawBarkeep	24	static
main.c:521:6:drawMugs	24	static
main.c:561:6:drawTips	16	static
main.c:577:6:checkCollisions	16	static
main.c:602:6:drawPatrons	16	static
main.c:652:6:spawnPatron	16	static
main.c:680:5:main	48	static
main.c:844:6:SystemClock_Config	304	static
main.c:933:13:MX_NVIC_Init	8	static
main.c:945:13:MX_LTDC_Init	112	static
main.c:1027:13:MX_OCTOSPI1_Init	32	static
main.c:1079:13:MX_RNG_Init	8	static
main.c:1106:13:MX_SAI1_Init	8	static
main.c:1142:13:MX_SPI2_Init	8	static
main.c:1188:13:MX_DMA_Init	16	static
main.c:1206:13:MX_GPIO_Init	48	static
main.c:1290:6:Error_Handler	8	static
