../Drivers/STM32H7xx_HAL_Driver/Src/stm32h7xx_hal_ospi.c:2627:13:OSPI_DMACplt	0	static
../Drivers/STM32H7xx_HAL_Driver/Src/stm32h7xx_hal_ospi.c:2763:26:OSPI_ConfigCmd	28	static
../Drivers/STM32H7xx_HAL_Driver/Src/stm32h7xx_hal_ospi.c:2736:26:OSPI_WaitFlagStateUntilTimeout	24	static
../Drivers/STM32H7xx_HAL_Driver/Src/stm32h7xx_hal_ospi.c:448:13:HAL_OSPI_MspInit	0	static
../Drivers/STM32H7xx_HAL_Driver/Src/stm32h7xx_hal_ospi.c:318:19:HAL_OSPI_Init	32	static
../Drivers/STM32H7xx_HAL_Driver/Src/stm32h7xx_hal_ospi.c:506:13:HAL_OSPI_MspDeInit	0	static
../Drivers/STM32H7xx_HAL_Driver/Src/stm32h7xx_hal_ospi.c:463:19:HAL_OSPI_DeInit	8	static
../Drivers/STM32H7xx_HAL_Driver/Src/stm32h7xx_hal_ospi.c:777:19:HAL_OSPI_Command	32	static
../Drivers/STM32H7xx_HAL_Driver/Src/stm32h7xx_hal_ospi.c:907:19:HAL_OSPI_Command_IT	24	static
../Drivers/STM32H7xx_HAL_Driver/Src/stm32h7xx_hal_ospi.c:997:19:HAL_OSPI_HyperbusCfg	24	static
../Drivers/STM32H7xx_HAL_Driver/Src/stm32h7xx_hal_ospi.c:1044:19:HAL_OSPI_HyperbusCmd	24	static
../Drivers/STM32H7xx_HAL_Driver/Src/stm32h7xx_hal_ospi.c:1106:19:HAL_OSPI_Transmit	32	static
../Drivers/STM32H7xx_HAL_Driver/Src/stm32h7xx_hal_ospi.c:1180:19:HAL_OSPI_Receive	32	static
../Drivers/STM32H7xx_HAL_Driver/Src/stm32h7xx_hal_ospi.c:1272:19:HAL_OSPI_Transmit_IT	0	static
../Drivers/STM32H7xx_HAL_Driver/Src/stm32h7xx_hal_ospi.c:1322:19:HAL_OSPI_Receive_IT	12	static
../Drivers/STM32H7xx_HAL_Driver/Src/stm32h7xx_hal_ospi.c:1395:19:HAL_OSPI_Transmit_DMA	24	static
../Drivers/STM32H7xx_HAL_Driver/Src/stm32h7xx_hal_ospi.c:1496:19:HAL_OSPI_Receive_DMA	32	static
../Drivers/STM32H7xx_HAL_Driver/Src/stm32h7xx_hal_ospi.c:1613:19:HAL_OSPI_AutoPolling	40	static
../Drivers/STM32H7xx_HAL_Driver/Src/stm32h7xx_hal_ospi.c:1691:19:HAL_OSPI_AutoPolling_IT	32	static
../Drivers/STM32H7xx_HAL_Driver/Src/stm32h7xx_hal_ospi.c:1766:19:HAL_OSPI_MemoryMapped	24	static
../Drivers/STM32H7xx_HAL_Driver/Src/stm32h7xx_hal_ospi.c:1819:13:HAL_OSPI_ErrorCallback	0	static
../Drivers/STM32H7xx_HAL_Driver/Src/stm32h7xx_hal_ospi.c:1834:13:HAL_OSPI_AbortCpltCallback	0	static
../Drivers/STM32H7xx_HAL_Driver/Src/stm32h7xx_hal_ospi.c:2679:13:OSPI_DMAAbortCplt	8	static
../Drivers/STM32H7xx_HAL_Driver/Src/stm32h7xx_hal_ospi.c:1849:13:HAL_OSPI_FifoThresholdCallback	0	static
../Drivers/STM32H7xx_HAL_Driver/Src/stm32h7xx_hal_ospi.c:1864:13:HAL_OSPI_CmdCpltCallback	0	static
../Drivers/STM32H7xx_HAL_Driver/Src/stm32h7xx_hal_ospi.c:1879:13:HAL_OSPI_RxCpltCallback	0	static
../Drivers/STM32H7xx_HAL_Driver/Src/stm32h7xx_hal_ospi.c:1894:14:HAL_OSPI_TxCpltCallback	0	static
../Drivers/STM32H7xx_HAL_Driver/Src/stm32h7xx_hal_ospi.c:1909:13:HAL_OSPI_RxHalfCpltCallback	0	static
../Drivers/STM32H7xx_HAL_Driver/Src/stm32h7xx_hal_ospi.c:1924:13:HAL_OSPI_TxHalfCpltCallback	0	static
../Drivers/STM32H7xx_HAL_Driver/Src/stm32h7xx_hal_ospi.c:1939:13:HAL_OSPI_StatusMatchCallback	0	static
../Drivers/STM32H7xx_HAL_Driver/Src/stm32h7xx_hal_ospi.c:1954:13:HAL_OSPI_TimeOutCallback	0	static
../Drivers/STM32H7xx_HAL_Driver/Src/stm32h7xx_hal_ospi.c:546:6:HAL_OSPI_IRQHandler	16	static
../Drivers/STM32H7xx_HAL_Driver/Src/stm32h7xx_hal_ospi.c:2204:19:HAL_OSPI_Abort	24	static
../Drivers/STM32H7xx_HAL_Driver/Src/stm32h7xx_hal_ospi.c:2272:19:HAL_OSPI_Abort_IT	8	static
../Drivers/STM32H7xx_HAL_Driver/Src/stm32h7xx_hal_ospi.c:2647:13:OSPI_DMAError	8	static
../Drivers/STM32H7xx_HAL_Driver/Src/stm32h7xx_hal_ospi.c:2350:19:HAL_OSPI_SetFifoThreshold	0	static
../Drivers/STM32H7xx_HAL_Driver/Src/stm32h7xx_hal_ospi.c:2378:10:HAL_OSPI_GetFifoThreshold	0	static
../Drivers/STM32H7xx_HAL_Driver/Src/stm32h7xx_hal_ospi.c:2388:19:HAL_OSPI_SetTimeout	0	static
../Drivers/STM32H7xx_HAL_Driver/Src/stm32h7xx_hal_ospi.c:2399:10:HAL_OSPI_GetError	0	static
../Drivers/STM32H7xx_HAL_Driver/Src/stm32h7xx_hal_ospi.c:2409:10:HAL_OSPI_GetState	0	static
../Drivers/STM32H7xx_HAL_Driver/Src/stm32h7xx_hal_ospi.c:2441:19:HAL_OSPIM_Config	96	static
