Archive member included to satisfy reference by file (symbol)

C:/ST/STM32CubeIDE_1.5.0/STM32CubeIDE/plugins/com.st.stm32cube.ide.mcu.externaltools.gnu-tools-for-stm32.12.3.rel1.win32_1.0.200.202406191623/tools/bin/../lib/gcc/arm-none-eabi/12.3.1/../../../../arm-none-eabi/lib/thumb/v7e-m+dp/hard\libc_nano.a(libc_a-exit.o)
                              C:/ST/STM32CubeIDE_1.5.0/STM32CubeIDE/plugins/com.st.stm32cube.ide.mcu.externaltools.gnu-tools-for-stm32.12.3.rel1.win32_1.0.200.202406191623/tools/bin/../lib/gcc/arm-none-eabi/12.3.1/../../../../arm-none-eabi/lib/thumb/v7e-m+dp/hard/crt0.o (exit)
C:/ST/STM32CubeIDE_1.5.0/STM32CubeIDE/plugins/com.st.stm32cube.ide.mcu.externaltools.gnu-tools-for-stm32.12.3.rel1.win32_1.0.200.202406191623/tools/bin/../lib/gcc/arm-none-eabi/12.3.1/../../../../arm-none-eabi/lib/thumb/v7e-m+dp/hard\libc_nano.a(libc_a-findfp.o)
                              C:/ST/STM32CubeIDE_1.5.0/STM32CubeIDE/plugins/com.st.stm32cube.ide.mcu.externaltools.gnu-tools-for-stm32.12.3.rel1.win32_1.0.200.202406191623/tools/bin/../lib/gcc/arm-none-eabi/12.3.1/../../../../arm-none-eabi/lib/thumb/v7e-m+dp/hard\libc_nano.a(libc_a-exit.o) (__stdio_exit_handler)
C:/ST/STM32CubeIDE_1.5.0/STM32CubeIDE/plugins/com.st.stm32cube.ide.mcu.externaltools.gnu-tools-for-stm32.12.3.rel1.win32_1.0.200.202406191623/tools/bin/../lib/gcc/arm-none-eabi/12.3.1/../../../../arm-none-eabi/lib/thumb/v7e-m+dp/hard\libc_nano.a(libc_a-fwalk.o)
                              C:/ST/STM32CubeIDE_1.5.0/STM32CubeIDE/plugins/com.st.stm32cube.ide.mcu.externaltools.gnu-tools-for-stm32.12.3.rel1.win32_1.0.200.202406191623/tools/bin/../lib/gcc/arm-none-eabi/12.3.1/../../../../arm-none-eabi/lib/thumb/v7e-m+dp/hard\libc_nano.a(libc_a-findfp.o) (_fwalk_sglue)
C:/ST/STM32CubeIDE_1.5.0/STM32CubeIDE/plugins/com.st.stm32cube.ide.mcu.externaltools.gnu-tools-for-stm32.12.3.rel1.win32_1.0.200.202406191623/tools/bin/../lib/gcc/arm-none-eabi/12.3.1/../../../../arm-none-eabi/lib/thumb/v7e-m+dp/hard\libc_nano.a(libc_a-stdio.o)
                              C:/ST/STM32CubeIDE_1.5.0/STM32CubeIDE/plugins/com.st.stm32cube.ide.mcu.externaltools.gnu-tools-for-stm32.12.3.rel1.win32_1.0.200.202406191623/tools/bin/../lib/gcc/arm-none-eabi/12.3.1/../../../../arm-none-eabi/lib/thumb/v7e-m+dp/hard\libc_nano.a(libc_a-findfp.o) (__sread)
C:/ST/STM32CubeIDE_1.5.0/STM32CubeIDE/plugins/com.st.stm32cube.ide.mcu.externaltools.gnu-tools-for-stm32.12.3.rel1.win32_1.0.200.202406191623/tools/bin/../lib/gcc/arm-none-eabi/12.3.1/../../../../arm-none-eabi/lib/thumb/v7e-m+dp/hard\libc_nano.a(libc_a-memset.o)
                              C:/ST/STM32CubeIDE_1.5.0/STM32CubeIDE/plugins/com.st.stm32cube.ide.mcu.externaltools.gnu-tools-for-stm32.12.3.rel1.win32_1.0.200.202406191623/tools/bin/../lib/gcc/arm-none-eabi/12.3.1/../../../../arm-none-eabi/lib/thumb/v7e-m+dp/hard/crt0.o (memset)
C:/ST/STM32CubeIDE_1.5.0/STM32CubeIDE/plugins/com.st.stm32cube.ide.mcu.externaltools.gnu-tools-for-stm32.12.3.rel1.win32_1.0.200.202406191623/tools/bin/../lib/gcc/arm-none-eabi/12.3.1/../../../../arm-none-eabi/lib/thumb/v7e-m+dp/hard\libc_nano.a(libc_a-closer.o)
                              C:/ST/STM32CubeIDE_1.5.0/STM32CubeIDE/plugins/com.st.stm32cube.ide.mcu.externaltools.gnu-tools-for-stm32.12.3.rel1.win32_1.0.200.202406191623/tools/bin/../lib/gcc/arm-none-eabi/12.3.1/../../../../arm-none-eabi/lib/thumb/v7e-m+dp/hard\libc_nano.a(libc_a-stdio.o) (_close_r)
C:/ST/STM32CubeIDE_1.5.0/STM32CubeIDE/plugins/com.st.stm32cube.ide.mcu.externaltools.gnu-tools-for-stm32.12.3.rel1.win32_1.0.200.202406191623/tools/bin/../lib/gcc/arm-none-eabi/12.3.1/../../../../arm-none-eabi/lib/thumb/v7e-m+dp/hard\libc_nano.a(libc_a-reent.o)
                              C:/ST/STM32CubeIDE_1.5.0/STM32CubeIDE/plugins/com.st.stm32cube.ide.mcu.externaltools.gnu-tools-for-stm32.12.3.rel1.win32_1.0.200.202406191623/tools/bin/../lib/gcc/arm-none-eabi/12.3.1/../../../../arm-none-eabi/lib/thumb/v7e-m+dp/hard\libc_nano.a(libc_a-closer.o) (errno)
C:/ST/STM32CubeIDE_1.5.0/STM32CubeIDE/plugins/com.st.stm32cube.ide.mcu.externaltools.gnu-tools-for-stm32.12.3.rel1.win32_1.0.200.202406191623/tools/bin/../lib/gcc/arm-none-eabi/12.3.1/../../../../arm-none-eabi/lib/thumb/v7e-m+dp/hard\libc_nano.a(libc_a-impure.o)
                              C:/ST/STM32CubeIDE_1.5.0/STM32CubeIDE/plugins/com.st.stm32cube.ide.mcu.externaltools.gnu-tools-for-stm32.12.3.rel1.win32_1.0.200.202406191623/tools/bin/../lib/gcc/arm-none-eabi/12.3.1/../../../../arm-none-eabi/lib/thumb/v7e-m+dp/hard\libc_nano.a(libc_a-reent.o) (_impure_ptr)
C:/ST/STM32CubeIDE_1.5.0/STM32CubeIDE/plugins/com.st.stm32cube.ide.mcu.externaltools.gnu-tools-for-stm32.12.3.rel1.win32_1.0.200.202406191623/tools/bin/../lib/gcc/arm-none-eabi/12.3.1/../../../../arm-none-eabi/lib/thumb/v7e-m+dp/hard\libc_nano.a(libc_a-lseekr.o)
[...]
Memory Configuration

Name             Origin             Length             Attributes
ITCMRAM          0x00000000         0x00010000         xrw
DTCMRAM          0x20000000         0x00020000         xrw
RAM              0x24000000         0x00100000         xrw
FLASH            0x08000000         0x00020000         xr
EXTFLASH         0x90000000         0x00100000         xr
*default*        0x00000000         0xffffffff

Linker script and memory map

LOAD C:/ST/STM32CubeIDE_1.5.0/STM32CubeIDE/plugins/com.st.stm32cube.ide.mcu.externaltools.gnu-tools-for-stm32.12.3.rel1.win32_1.0.200.202406191623/tools/bin/../lib/gcc/arm-none-eabi/12.3.1/thumb/v7e-m+dp/hard/crti.o
LOAD C:/ST/STM32CubeIDE_1.5.0/STM32CubeIDE/plugins/com.st.stm32cube.ide.mcu.externaltools.gnu-tools-for-stm32.12.3.rel1.win32_1.0.200.202406191623/tools/bin/../lib/gcc/arm-none-eabi/12.3.1/thumb/v7e-m+dp/hard/crtbegin.o
LOAD C:/ST/STM32CubeIDE_1.5.0/STM32CubeIDE/plugins/com.st.stm32cube.ide.mcu.externaltools.gnu-tools-for-stm32.12.3.rel1.win32_1.0.200.202406191623/tools/bin/../lib/gcc/arm-none-eabi/12.3.1/../../../../arm-none-eabi/lib/thumb/v7e-m+dp/hard/crt0.o
LOAD ./Core/Src/audio.o
LOAD ./Core/Src/buttons.o
LOAD ./Core/Src/flash.o
LOAD ./Core/Src/lcd.o
LOAD ./Core/Src/main.o
LOAD ./Core/Src/stm32h7xx_hal_msp.o
LOAD ./Core/Src/stm32h7xx_it.o
LOAD ./Core/Src/syscalls.o
LOAD ./Core/Src/sysmem.o
LOAD ./Core/Src/system_stm32h7xx.o
LOAD ./Core/Startup/startup_stm32h7b0vbtx.o
LOAD ./Drivers/STM32H7xx_HAL_Driver/Src/stm32h7xx_hal.o
LOAD ./Drivers/STM32H7xx_HAL_Driver/Src/stm32h7xx_hal_cortex.o
LOAD ./Drivers/STM32H7xx_HAL_Driver/Src/stm32h7xx_hal_dma.o
LOAD ./Drivers/STM32H7xx_HAL_Driver/Src/stm32h7xx_hal_dma_ex.o
LOAD ./Drivers/STM32H7xx_HAL_Driver/Src/stm32h7xx_hal_exti.o
LOAD ./Drivers/STM32H7xx_HAL_Driver/Src/stm32h7xx_hal_flash.o
LOAD ./Drivers/STM32H7xx_HAL_Driver/Src/stm32h7xx_hal_flash_ex.o
LOAD ./Drivers/STM32H7xx_HAL_Driver/Src/stm32h7xx_hal_gpio.o
LOAD ./Drivers/STM32H7xx_HAL_Driver/Src/stm32h7xx_hal_hsem.o
LOAD ./Drivers/STM32H7xx_HAL_Driver/Src/stm32h7xx_hal_i2c.o
LOAD ./Drivers/STM32H7xx_HAL_Driver/Src/stm32h7xx_hal_i2c_ex.o
LOAD ./Drivers/STM32H7xx_HAL_Driver/Src/stm32h7xx_hal_ltdc.o
LOAD ./Drivers/STM32H7xx_HAL_Driver/Src/stm32h7xx_hal_ltdc_ex.o
LOAD ./Drivers/STM32H7xx_HAL_Driver/Src/stm32h7xx_hal_mdma.o
LOAD ./Drivers/STM32H7xx_HAL_Driver/Src/stm32h7xx_hal_ospi.o
LOAD ./Drivers/STM32H7xx_HAL_Driver/Src/stm32h7xx_hal_pwr.o
LOAD ./Drivers/STM32H7xx_HAL_Driver/Src/stm32h7xx_hal_pwr_ex.o
LOAD ./Drivers/STM32H7xx_HAL_Driver/Src/stm32h7xx_hal_rcc.o
LOAD ./Drivers/STM32H7xx_HAL_Driver/Src/stm32h7xx_hal_rcc_ex.o
LOAD ./Drivers/STM32H7xx_HAL_Driver/Src/stm32h7xx_hal_rng.o
LOAD ./Drivers/STM32H7xx_HAL_Driver/Src/stm32h7xx_hal_rng_ex.o
LOAD ./Drivers/STM32H7xx_HAL_Driver/Src/stm32h7xx_hal_sai.o
LOAD ./Drivers/STM32H7xx_HAL_Driver/Src/stm32h7xx_hal_sai_ex.o
LOAD ./Drivers/STM32H7xx_HAL_Driver/Src/stm32h7xx_hal_spi.o
LOAD ./Drivers/STM32H7xx_HAL_Driver/Src/stm32h7xx_hal_spi_ex.o
LOAD ./Drivers/STM32H7xx_HAL_Driver/Src/stm32h7xx_hal_tim.o
LOAD ./Drivers/STM32H7xx_HAL_Driver/Src/stm32h7xx_hal_tim_ex.o
START GROUP
LOAD C:/ST/STM32CubeIDE_1.5.0/STM32CubeIDE/plugins/com.st.stm32cube.ide.mcu.externaltools.gnu-tools-for-stm32.12.3.rel1.win32_1.0.200.202406191623/tools/bin/../lib/gcc/arm-none-eabi/12.3.1/../../../../arm-none-eabi/lib/thumb/v7e-m+dp/hard\libc_nano.a
LOAD C:/ST/STM32CubeIDE_1.5.0/STM32CubeIDE/plugins/com.st.stm32cube.ide.mcu.externaltools.gnu-tools-for-stm32.12.3.rel1.win32_1.0.200.202406191623/tools/bin/../lib/gcc/arm-none-eabi/12.3.1/../../../../arm-none-eabi/lib/thumb/v7e-m+dp/hard\libm.a
END GROUP
START GROUP
LOAD C:/ST/STM32CubeIDE_1.5.0/STM32CubeIDE/plugins/com.st.stm32cube.ide.mcu.externaltools.gnu-tools-for-stm32.12.3.rel1.win32_1.0.200.202406191623/tools/bin/../lib/gcc/arm-none-eabi/12.3.1/thumb/v7e-m+dp/hard\libgcc.a
LOAD C:/ST/STM32CubeIDE_1.5.0/STM32CubeIDE/plugins/com.st.stm32cube.ide.mcu.externaltools.gnu-tools-for-stm32.12.3.rel1.win32_1.0.200.202406191623/tools/bin/../lib/gcc/arm-none-eabi/12.3.1/../../../../arm-none-eabi/lib/thumb/v7e-m+dp/hard\libc_nano.a
END GROUP
START GROUP
LOAD C:/ST/STM32CubeIDE_1.5.0/STM32CubeIDE/plugins/com.st.stm32cube.ide.mcu.externaltools.gnu-tools-for-stm32.12.3.rel1.win32_1.0.200.202406191623/tools/bin/../lib/gcc/arm-none-eabi/12.3.1/thumb/v7e-m+dp/hard\libgcc.a
LOAD C:/ST/STM32CubeIDE_1.5.0/STM32CubeIDE/plugins/com.st.stm32cube.ide.mcu.externaltools.gnu-tools-for-stm32.12.3.rel1.win32_1.0.200.202406191623/tools/bin/../lib/gcc/arm-none-eabi/12.3.1/../../../../arm-none-eabi/lib/thumb/v7e-m+dp/hard\libc_nano.a
LOAD C:/ST/STM32CubeIDE_1.5.0/STM32CubeIDE/plugins/com.st.stm32cube.ide.mcu.externaltools.gnu-tools-for-stm32.12.3.rel1.win32_1.0.200.202406191623/tools/bin/../lib/gcc/arm-none-eabi/12.3.1/../../../../arm-none-eabi/lib/thumb/v7e-m+dp/hard\libnosys.a
END GROUP
START GROUP
LOAD C:/ST/STM32CubeIDE_1.5.0/STM32CubeIDE/plugins/com.st.stm32cube.ide.mcu.externaltools.gnu-tools-for-stm32.12.3.rel1.win32_1.0.200.202406191623/tools/bin/../lib/gcc/arm-none-eabi/12.3.1/thumb/v7e-m+dp/hard\libgcc.a
LOAD C:/ST/STM32CubeIDE_1.5.0/STM32CubeIDE/plugins/com.st.stm32cube.ide.mcu.externaltools.gnu-tools-for-stm32.12.3.rel1.win32_1.0.200.202406191623/tools/bin/../lib/gcc/arm-none-eabi/12.3.1/../../../../arm-none-eabi/lib/thumb/v7e-m+dp/hard\libc_nano.a
LOAD C:/ST/STM32CubeIDE_1.5.0/STM32CubeIDE/plugins/com.st.stm32cube.ide.mcu.externaltools.gnu-tools-for-stm32.12.3.rel1.win32_1.0.200.202406191623/tools/bin/../lib/gcc/arm-none-eabi/12.3.1/../../../../arm-none-eabi/lib/thumb/v7e-m+dp/hard\libnosys.a
END GROUP
LOAD C:/ST/STM32CubeIDE_1.5.0/STM32CubeIDE/plugins/com.st.stm32cube.ide.mcu.externaltools.gnu-tools-for-stm32.12.3.rel1.win32_1.0.200.202406191623/tools/bin/../lib/gcc/arm-none-eabi/12.3.1/thumb/v7e-m+dp/hard/crtend.o
LOAD C:/ST/STM32CubeIDE_1.5.0/STM32CubeIDE/plugins/com.st.stm32cube.ide.mcu.externaltools.gnu-tools-for-stm32.12.3.rel1.win32_1.0.200.202406191623/tools/bin/../lib/gcc/arm-none-eabi/12.3.1/thumb/v7e-m+dp/hard/crtn.o
                0x20020000                        _estack = 0x20020000
                0x00000200                        _Min_Heap_Size = 0x200
                0x00000400                        _Min_Stack_Size = 0x400

.lcd            0x24000000    0x96f00
                0x24000000                        . = ALIGN (0x4)
 *(.lcd)
 .lcd           0x24000000    0x96000 ./Core/Src/lcd.o
                0x24000000                framebufferSEG1
                0x24025800                framebufferSEG0
                0x2404b000                framebufferBG
 *(.audio)
 .audio         0x24096000      0xf00 ./Core/Src/audio.o
                0x24096000                audiobuffer_dma
                0x24096f00                        . = ALIGN (0x4)

._extflash      0x90000000        0x0
                0x90000000                        . = ALIGN (0x4)
                0x90000000                        _extflash = .

.isr_vector     0x08000000      0x2ac
                0x08000000                        . = ALIGN (0x4)
 *(.isr_vector)
 .isr_vector    0x08000000      0x2ac ./Core/Startup/startup_stm32h7b0vbtx.o
                0x08000000                g_pfnVectors
                0x080002ac                        . = ALIGN (0x4)

.text           0x080002ac     0x7bb8
                0x080002ac                        . = ALIGN (0x4)
 *(.text)
 .text          0x080002ac       0x40 C:/ST/STM32CubeIDE_1.5.0/STM32CubeIDE/plugins/com.st.stm32cube.ide.mcu.externaltools.gnu-tools-for-stm32.12.3.rel1.win32_1.0.200.202406191623/tools/bin/../lib/gcc/arm-none-eabi/12.3.1/thumb/v7e-m+dp/hard/crtbegin.o
 *(.text*)
 .text.musicControl
                0x080002ec        0xc ./Core/Src/audio.o
                0x080002ec                musicControl
 .text.volumeUp
                0x080002f8       0x14 ./Core/Src/audio.o
                0x080002f8                volumeUp
 .text.volumeDown
                0x0800030c       0x14 ./Core/Src/audio.o
                0x0800030c                volumeDown
 .text.getVolume
                0x08000320        0xc ./Core/Src/audio.o
                0x08000320                getVolume
 .text.audio_set_frequency
                0x0800032c       0x60 ./Core/Src/audio.o
                0x0800032c                audio_set_frequency
 .text.audio_get_inactive_buffer
                0x0800038c       0x24 ./Core/Src/audio.o
                0x0800038c                audio_get_inactive_buffer
 .text.audio_clear_buffers
                0x080003b0       0x10 ./Core/Src/audio.o
                0x080003b0                audio_clear_buffers
 .text.audio_start_playing
                0x080003c0       0x28 ./Core/Src/audio.o
                0x080003c0                audio_start_playing
 .text.audio_stop_playing
                0x080003e8       0x14 ./Core/Src/audio.o
                0x080003e8                audio_stop_playing
 .text.audio_generate_square_wave_chunk
                0x080003fc       0x94 ./Core/Src/audio.o
                0x080003fc                audio_generate_square_wave_chunk
 .text.HAL_SAI_TxHalfCpltCallback
                0x08000490       0x1c ./Core/Src/audio.o
                0x08000490                HAL_SAI_TxHalfCpltCallback
 .text.HAL_SAI_TxCpltCallback
                0x080004ac       0x1c ./Core/Src/audio.o
                0x080004ac                HAL_SAI_TxCpltCallback
 .text.squareWave
                0x080004c8       0x50 ./Core/Src/audio.o
                0x080004c8                squareWave
 .text.buttons_get
                0x08000518       0xf0 ./Core/Src/buttons.o
                0x08000518                buttons_get
 .text.flash_memory_map
                0x08000608       0xbe ./Core/Src/flash.o
                0x08000608                flash_memory_map
 *fill*         0x080006c6        0x2 
 .text.lcd_backlight_off
                0x080006c8       0x2c ./Core/Src/lcd.o
                0x080006c8                lcd_backlight_off
 .text.lcd_backlight_on
                0x080006f4       0x2c ./Core/Src/lcd.o
                0x080006f4                lcd_backlight_on
 .text.bufferSwap
                0x08000720       0x18 ./Core/Src/lcd.o
                0x08000720                bufferSwap
 .text.lcd_init
                0x08000738      0x2d8 ./Core/Src/lcd.o
                0x08000738                lcd_init
 .text.lcd_deinit
                0x08000a10       0x20 ./Core/Src/lcd.o
                0x08000a10                lcd_deinit
 .text.fillRLE  0x08000a30       0xe0 ./Core/Src/main.o
                0x08000a30                fillRLE
 .text.fillRLEshadow
                0x08000b10       0x5a ./Core/Src/main.o
                0x08000b10                fillRLEshadow
 *fill*         0x08000b6a        0x2 
 .text.fillSegment
                0x08000b6c       0xe4 ./Core/Src/main.o
                0x08000b6c                fillSegment
 .text.drawRect
                0x08000c50       0x78 ./Core/Src/main.o
                0x08000c50                drawRect
 .text.decimal  0x08000cc8       0x78 ./Core/Src/main.o
                0x08000cc8                decimal
 .text.gameReset
                0x08000d40       0x2c ./Core/Src/main.o
                0x08000d40                gameReset
 .text.stageSetup
                0x08000d6c       0x30 ./Core/Src/main.o
                0x08000d6c                stageSetup
 .text.stageStart
                0x08000d9c      0x140 ./Core/Src/main.o
                0x08000d9c                stageStart
 .text.stageEnd
                0x08000edc       0x18 ./Core/Src/main.o
                0x08000edc                stageEnd
 .text.gameStart
                0x08000ef4       0x28 ./Core/Src/main.o
                0x08000ef4                gameStart
 .text.gameEnd  0x08000f1c       0x2c ./Core/Src/main.o
                0x08000f1c                gameEnd
 .text.loseLife
                0x08000f48       0x18 ./Core/Src/main.o
                0x08000f48                loseLife
 .text.speedUp  0x08000f60       0x24 ./Core/Src/main.o
                0x08000f60                speedUp
 .text.spawnMug
                0x08000f84       0x3c ./Core/Src/main.o
                0x08000f84                spawnMug
 .text.drawBarkeep
                0x08000fc0      0x4fc ./Core/Src/main.o
                0x08000fc0                drawBarkeep
 .text.checkOpening
                0x080014bc       0x30 ./Core/Src/main.o
                0x080014bc                checkOpening
 .text.checkCollisions
                0x080014ec       0x30 ./Core/Src/main.o
                0x080014ec                checkCollisions
 .text.drawMugs
                0x0800151c      0x1d4 ./Core/Src/main.o
                0x0800151c                drawMugs
 .text.drawTips
                0x080016f0       0x48 ./Core/Src/main.o
                0x080016f0                drawTips
 .text.drawPatrons
                0x08001738      0x258 ./Core/Src/main.o
                0x08001738                drawPatrons
 .text.drawGirls
                0x08001990       0x90 ./Core/Src/main.o
                0x08001990                drawGirls
 .text.endofStageLoop
                0x08001a20      0x114 ./Core/Src/main.o
                0x08001a20                endofStageLoop
 .text.Error_Handler
                0x08001b34       0x1c ./Core/Src/main.o
                0x08001b34                Error_Handler
 .text.updateRandomNumber
                0x08001b50       0x1c ./Core/Src/main.o
                0x08001b50                updateRandomNumber
 .text.getRandom
                0x08001b6c       0x28 ./Core/Src/main.o
                0x08001b6c                getRandom
 .text.scanCollisions
                0x08001b94      0x120 ./Core/Src/main.o
                0x08001b94                scanCollisions
 .text.spawnPatron
                0x08001cb4       0x9c ./Core/Src/main.o
                0x08001cb4                spawnPatron
 .text.activeGameLoop
                0x08001d50       0xc0 ./Core/Src/main.o
                0x08001d50                activeGameLoop
 .text.SystemClock_Config
                0x08001e10      0x110 ./Core/Src/main.o
                0x08001e10                SystemClock_Config
 .text.GW_EnterDeepSleep
                0x08001f20       0x38 ./Core/Src/main.o
                0x08001f20                GW_EnterDeepSleep
 .text.gameResetControls
                0x08001f58      0x1f0 ./Core/Src/main.o
                0x08001f58                gameResetControls
 .text.mainGameLoop
                0x08002148      0x1a8 ./Core/Src/main.o
                0x08002148                mainGameLoop
 .text.startup.main
                0x080022f0      0x544 ./Core/Src/main.o
                0x080022f0                main
 .text.HAL_MspInit
                0x08002834       0x24 ./Core/Src/stm32h7xx_hal_msp.o
                0x08002834                HAL_MspInit
 .text.HAL_LTDC_MspInit
                0x08002858      0x1cc ./Core/Src/stm32h7xx_hal_msp.o
                0x08002858                HAL_LTDC_MspInit
 .text.HAL_OSPI_MspInit
                0x08002a24      0x154 ./Core/Src/stm32h7xx_hal_msp.o
                0x08002a24                HAL_OSPI_MspInit
 .text.HAL_RNG_MspInit
                0x08002b78       0x30 ./Core/Src/stm32h7xx_hal_msp.o
                0x08002b78                HAL_RNG_MspInit
 .text.HAL_SPI_MspInit
                0x08002ba8       0x70 ./Core/Src/stm32h7xx_hal_msp.o
                0x08002ba8                HAL_SPI_MspInit
 .text.HAL_SAI_MspInit
                0x08002c18       0xbc ./Core/Src/stm32h7xx_hal_msp.o
                0x08002c18                HAL_SAI_MspInit
 .text.HAL_SAI_MspDeInit
                0x08002cd4       0x58 ./Core/Src/stm32h7xx_hal_msp.o
                0x08002cd4                HAL_SAI_MspDeInit
 .text.NMI_Handler
                0x08002d2c        0x2 ./Core/Src/stm32h7xx_it.o
                0x08002d2c                NMI_Handler
 .text.HardFault_Handler
                0x08002d2e        0x2 ./Core/Src/stm32h7xx_it.o
                0x08002d2e                HardFault_Handler
 .text.MemManage_Handler
                0x08002d30        0x2 ./Core/Src/stm32h7xx_it.o
                0x08002d30                MemManage_Handler
 .text.BusFault_Handler
                0x08002d32        0x2 ./Core/Src/stm32h7xx_it.o
                0x08002d32                BusFault_Handler
 .text.UsageFault_Handler
                0x08002d34        0x2 ./Core/Src/stm32h7xx_it.o
                0x08002d34                UsageFault_Handler
 .text.SVC_Handler
                0x08002d36        0x2 ./Core/Src/stm32h7xx_it.o
                0x08002d36                SVC_Handler
 .text.DebugMon_Handler
                0x08002d38        0x2 ./Core/Src/stm32h7xx_it.o
                0x08002d38                DebugMon_Handler
 .text.PendSV_Handler
                0x08002d3a        0x2 ./Core/Src/stm32h7xx_it.o
                0x08002d3a                PendSV_Handler
 .text.SysTick_Handler
                0x08002d3c        0x4 ./Core/Src/stm32h7xx_it.o
                0x08002d3c                SysTick_Handler
 .text.DMA1_Stream0_IRQHandler
                0x08002d40        0xc ./Core/Src/stm32h7xx_it.o
                0x08002d40                DMA1_Stream0_IRQHandler
 .text.SAI1_IRQHandler
                0x08002d4c        0xc ./Core/Src/stm32h7xx_it.o
                0x08002d4c                SAI1_IRQHandler
 .text.OCTOSPI1_IRQHandler
                0x08002d58        0xc ./Core/Src/stm32h7xx_it.o
                0x08002d58                OCTOSPI1_IRQHandler
 .text.SystemInit
                0x08002d64       0xac ./Core/Src/system_stm32h7xx.o
                0x08002d64                SystemInit
 .text.Reset_Handler
                0x08002e10       0x50 ./Core/Startup/startup_stm32h7b0vbtx.o
                0x08002e10                Reset_Handler
 .text.Default_Handler
                0x08002e60        0x2 ./Core/Startup/startup_stm32h7b0vbtx.o
                0x08002e60                RTC_Alarm_IRQHandler
                0x08002e60                HASH_RNG_IRQHandler
                0x08002e60                EXTI2_IRQHandler
                0x08002e60                TIM8_CC_IRQHandler
                0x08002e60                UART8_IRQHandler
                0x08002e60                BDMA2_Channel1_IRQHandler
                0x08002e60                SPI4_IRQHandler
                0x08002e60                BDMA2_Channel0_IRQHandler
                0x08002e60                TIM1_CC_IRQHandler
                0x08002e60                DMA2_Stream5_IRQHandler
                0x08002e60                JPEG_IRQHandler
                0x08002e60                DMA1_Stream5_IRQHandler
                0x08002e60                EXTI3_IRQHandler
                0x08002e60                LPTIM4_IRQHandler
                0x08002e60                TIM8_TRG_COM_TIM14_IRQHandler
                0x08002e60                LPTIM2_IRQHandler
                0x08002e60                DFSDM1_FLT1_IRQHandler
                0x08002e60                DMAMUX2_OVR_IRQHandler
                0x08002e60                GFXMMU_IRQHandler
                0x08002e60                TIM8_UP_TIM13_IRQHandler
                0x08002e60                I2C3_ER_IRQHandler
                0x08002e60                DFSDM1_FLT2_IRQHandler
                0x08002e60                USART10_IRQHandler
                0x08002e60                MDMA_IRQHandler
                0x08002e60                LPTIM3_IRQHandler
                0x08002e60                BDMA2_Channel3_IRQHandler
                0x08002e60                HSEM1_IRQHandler
                0x08002e60                EXTI0_IRQHandler
                0x08002e60                I2C2_EV_IRQHandler
                0x08002e60                DAC2_IRQHandler
                0x08002e60                DMA1_Stream2_IRQHandler
                0x08002e60                FPU_IRQHandler
                0x08002e60                OTG_HS_WKUP_IRQHandler
                0x08002e60                FDCAN1_IT1_IRQHandler
                0x08002e60                LTDC_ER_IRQHandler
                0x08002e60                DMA2_Stream2_IRQHandler
                0x08002e60                SPI1_IRQHandler
                0x08002e60                TIM6_DAC_IRQHandler
                0x08002e60                BDMA2_Channel6_IRQHandler
                0x08002e60                DMA2_Stream3_IRQHandler
                0x08002e60                OCTOSPI2_IRQHandler
                0x08002e60                SAI2_IRQHandler
                0x08002e60                BDMA1_IRQHandler
                0x08002e60                DFSDM1_FLT3_IRQHandler
                0x08002e60                USART6_IRQHandler
                0x08002e60                TIM17_IRQHandler
                0x08002e60                USART3_IRQHandler
                0x08002e60                CRYP_IRQHandler
                0x08002e60                LPTIM5_IRQHandler
                0x08002e60                UART5_IRQHandler
                0x08002e60                DMA2_Stream0_IRQHandler
                0x08002e60                TIM4_IRQHandler
                0x08002e60                I2C1_EV_IRQHandler
                0x08002e60                DMA1_Stream6_IRQHandler
                0x08002e60                DMAMUX1_OVR_IRQHandler
                0x08002e60                DMA1_Stream1_IRQHandler
                0x08002e60                TIM16_IRQHandler
                0x08002e60                UART4_IRQHandler
                0x08002e60                TIM3_IRQHandler
                0x08002e60                RCC_IRQHandler
                0x08002e60                UART9_IRQHandler
                0x08002e60                TIM8_BRK_TIM12_IRQHandler
                0x08002e60                TIM1_TRG_COM_IRQHandler
                0x08002e60                Default_Handler
                0x08002e60                ECC_IRQHandler
                0x08002e60                BDMA2_Channel2_IRQHandler
                0x08002e60                CEC_IRQHandler
                0x08002e60                EXTI15_10_IRQHandler
                0x08002e60                DFSDM1_FLT4_IRQHandler
                0x08002e60                ADC_IRQHandler
                0x08002e60                OTFDEC1_IRQHandler
                0x08002e60                DMA1_Stream7_IRQHandler
                0x08002e60                SPI5_IRQHandler
                0x08002e60                TIM7_IRQHandler
                0x08002e60                SDMMC1_IRQHandler
                0x08002e60                TIM5_IRQHandler
                0x08002e60                DMA2_Stream7_IRQHandler
                0x08002e60                TIM15_IRQHandler
                0x08002e60                I2C3_EV_IRQHandler
                0x08002e60                DFSDM2_IRQHandler
                0x08002e60                EXTI9_5_IRQHandler
                0x08002e60                RTC_WKUP_IRQHandler
                0x08002e60                LTDC_IRQHandler
                0x08002e60                SPDIF_RX_IRQHandler
                0x08002e60                PVD_PVM_IRQHandler
                0x08002e60                SPI2_IRQHandler
                0x08002e60                OTG_HS_EP1_IN_IRQHandler
                0x08002e60                DFSDM1_FLT5_IRQHandler
                0x08002e60                OTFDEC2_IRQHandler
                0x08002e60                CRS_IRQHandler
                0x08002e60                EXTI4_IRQHandler
                0x08002e60                DFSDM1_FLT6_IRQHandler
                0x08002e60                FDCAN2_IT1_IRQHandler
                0x08002e60                COMP_IRQHandler
                0x08002e60                TIM1_UP_IRQHandler
                0x08002e60                OTG_HS_EP1_OUT_IRQHandler
                0x08002e60                WWDG_IRQHandler
                0x08002e60                SPI6_IRQHandler
                0x08002e60                MDIOS_IRQHandler
                0x08002e60                I2C4_EV_IRQHandler
                0x08002e60                FDCAN2_IT0_IRQHandler
                0x08002e60                LPUART1_IRQHandler
                0x08002e60                FDCAN1_IT0_IRQHandler
                0x08002e60                TIM2_IRQHandler
                0x08002e60                BDMA2_Channel5_IRQHandler
                0x08002e60                OTG_HS_IRQHandler
                0x08002e60                DMA2D_IRQHandler
                0x08002e60                TIM1_BRK_IRQHandler
                0x08002e60                EXTI1_IRQHandler
                0x08002e60                SDMMC2_IRQHandler
                0x08002e60                DTS_IRQHandler
                0x08002e60                UART7_IRQHandler
                0x08002e60                MDIOS_WKUP_IRQHandler
                0x08002e60                USART2_IRQHandler
                0x08002e60                DFSDM1_FLT0_IRQHandler
                0x08002e60                I2C2_ER_IRQHandler
                0x08002e60                DMA2_Stream1_IRQHandler
                0x08002e60                DFSDM1_FLT7_IRQHandler
                0x08002e60                FLASH_IRQHandler
                0x08002e60                DMA2_Stream4_IRQHandler
                0x08002e60                USART1_IRQHandler
                0x08002e60                SPI3_IRQHandler
                0x08002e60                WAKEUP_PIN_IRQHandler
                0x08002e60                DMA1_Stream4_IRQHandler
                0x08002e60                I2C1_ER_IRQHandler
                0x08002e60                FMC_IRQHandler
                0x08002e60                BDMA2_Channel7_IRQHandler
                0x08002e60                FDCAN_CAL_IRQHandler
                0x08002e60                SWPMI1_IRQHandler
                0x08002e60                LPTIM1_IRQHandler
                0x08002e60                DCMI_PSSI_IRQHandler
                0x08002e60                I2C4_ER_IRQHandler
                0x08002e60                DMA2_Stream6_IRQHandler
                0x08002e60                DMA1_Stream3_IRQHandler
                0x08002e60                RTC_TAMP_STAMP_CSS_LSE_IRQHandler
                0x08002e60                BDMA2_Channel4_IRQHandler
 *fill*         0x08002e62        0x2 
 .text.HAL_InitTick
                0x08002e64       0x4c ./Drivers/STM32H7xx_HAL_Driver/Src/stm32h7xx_hal.o
                0x08002e64                HAL_InitTick
 .text.HAL_Init
                0x08002eb0       0x5c ./Drivers/STM32H7xx_HAL_Driver/Src/stm32h7xx_hal.o
                0x08002eb0                HAL_Init
 .text.HAL_IncTick
                0x08002f0c       0x18 ./Drivers/STM32H7xx_HAL_Driver/Src/stm32h7xx_hal.o
                0x08002f0c                HAL_IncTick
 .text.HAL_GetTick
                0x08002f24        0xc ./Drivers/STM32H7xx_HAL_Driver/Src/stm32h7xx_hal.o
                0x08002f24                HAL_GetTick
 .text.HAL_Delay
                0x08002f30       0x24 ./Drivers/STM32H7xx_HAL_Driver/Src/stm32h7xx_hal.o
                0x08002f30                HAL_Delay
 .text.HAL_NVIC_SetPriorityGrouping
                0x08002f54       0x24 ./Drivers/STM32H7xx_HAL_Driver/Src/stm32h7xx_hal_cortex.o
                0x08002f54                HAL_NVIC_SetPriorityGrouping
 .text.HAL_NVIC_SetPriority
                0x08002f78       0x64 ./Drivers/STM32H7xx_HAL_Driver/Src/stm32h7xx_hal_cortex.o
                0x08002f78                HAL_NVIC_SetPriority
 .text.HAL_NVIC_EnableIRQ
                0x08002fdc       0x1c ./Drivers/STM32H7xx_HAL_Driver/Src/stm32h7xx_hal_cortex.o
                0x08002fdc                HAL_NVIC_EnableIRQ
 .text.HAL_NVIC_DisableIRQ
                0x08002ff8       0x24 ./Drivers/STM32H7xx_HAL_Driver/Src/stm32h7xx_hal_cortex.o
                0x08002ff8                HAL_NVIC_DisableIRQ
 .text.HAL_NVIC_SystemReset
                0x0800301c       0x24 ./Drivers/STM32H7xx_HAL_Driver/Src/stm32h7xx_hal_cortex.o
                0x0800301c                HAL_NVIC_SystemReset
 .text.HAL_SYSTICK_Config
                0x08003040       0x28 ./Drivers/STM32H7xx_HAL_Driver/Src/stm32h7xx_hal_cortex.o
                0x08003040                HAL_SYSTICK_Config
 .text.DMA_SetConfig
                0x08003068      0x1b8 ./Drivers/STM32H7xx_HAL_Driver/Src/stm32h7xx_hal_dma.o
 .text.DMA_CalcBaseAndBitshift
                0x08003220       0x9c ./Drivers/STM32H7xx_HAL_Driver/Src/stm32h7xx_hal_dma.o
 .text.DMA_CalcDMAMUXChannelBaseAndMask
                0x080032bc       0x98 ./Drivers/STM32H7xx_HAL_Driver/Src/stm32h7xx_hal_dma.o
 .text.DMA_CalcDMAMUXRequestGenBaseAndMask
                0x08003354       0x70 ./Drivers/STM32H7xx_HAL_Driver/Src/stm32h7xx_hal_dma.o
 .text.HAL_DMA_Init
                0x080033c4      0x3bc ./Drivers/STM32H7xx_HAL_Driver/Src/stm32h7xx_hal_dma.o
                0x080033c4                HAL_DMA_Init
 .text.HAL_DMA_DeInit
                0x08003780      0x2c8 ./Drivers/STM32H7xx_HAL_Driver/Src/stm32h7xx_hal_dma.o
                0x08003780                HAL_DMA_DeInit
 .text.HAL_DMA_Start_IT
                0x08003a48      0x234 ./Drivers/STM32H7xx_HAL_Driver/Src/stm32h7xx_hal_dma.o
                0x08003a48                HAL_DMA_Start_IT
 .text.HAL_DMA_Abort
                0x08003c7c      0x358 ./Drivers/STM32H7xx_HAL_Driver/Src/stm32h7xx_hal_dma.o
                0x08003c7c                HAL_DMA_Abort
 .text.HAL_DMA_Abort_IT
                0x08003fd4      0x120 ./Drivers/STM32H7xx_HAL_Driver/Src/stm32h7xx_hal_dma.o
                0x08003fd4                HAL_DMA_Abort_IT
 .text.HAL_DMA_IRQHandler
                0x080040f4      0x594 ./Drivers/STM32H7xx_HAL_Driver/Src/stm32h7xx_hal_dma.o
                0x080040f4                HAL_DMA_IRQHandler
 .text.HAL_DMA_GetError
                0x08004688        0x4 ./Drivers/STM32H7xx_HAL_Driver/Src/stm32h7xx_hal_dma.o
                0x08004688                HAL_DMA_GetError
 .text.HAL_GPIO_Init
                0x0800468c      0x1c4 ./Drivers/STM32H7xx_HAL_Driver/Src/stm32h7xx_hal_gpio.o
                0x0800468c                HAL_GPIO_Init
 .text.HAL_GPIO_DeInit
                0x08004850      0x138 ./Drivers/STM32H7xx_HAL_Driver/Src/stm32h7xx_hal_gpio.o
                0x08004850                HAL_GPIO_DeInit
 .text.HAL_GPIO_ReadPin
                0x08004988        0xc ./Drivers/STM32H7xx_HAL_Driver/Src/stm32h7xx_hal_gpio.o
                0x08004988                HAL_GPIO_ReadPin
 .text.HAL_GPIO_WritePin
                0x08004994        0xa ./Drivers/STM32H7xx_HAL_Driver/Src/stm32h7xx_hal_gpio.o
                0x08004994                HAL_GPIO_WritePin
 .text.LTDC_SetConfig
                0x0800499e      0x10c ./Drivers/STM32H7xx_HAL_Driver/Src/stm32h7xx_hal_ltdc.o
 *fill*         0x08004aaa        0x2 
 .text.HAL_LTDC_Init
                0x08004aac       0xd8 ./Drivers/STM32H7xx_HAL_Driver/Src/stm32h7xx_hal_ltdc.o
                0x08004aac                HAL_LTDC_Init
 .text.HAL_LTDC_ConfigLayer
                0x08004b84       0x5a ./Drivers/STM32H7xx_HAL_Driver/Src/stm32h7xx_hal_ltdc.o
                0x08004b84                HAL_LTDC_ConfigLayer
 .text.HAL_LTDC_SetAddress
                0x08004bde       0x40 ./Drivers/STM32H7xx_HAL_Driver/Src/stm32h7xx_hal_ltdc.o
                0x08004bde                HAL_LTDC_SetAddress
 .text.HAL_MDMA_Abort_IT
                0x08004c1e       0x26 ./Drivers/STM32H7xx_HAL_Driver/Src/stm32h7xx_hal_mdma.o
                0x08004c1e                HAL_MDMA_Abort_IT
 .text.OSPI_ConfigCmd
                0x08004c44      0x1c8 ./Drivers/STM32H7xx_HAL_Driver/Src/stm32h7xx_hal_ospi.o
 .text.OSPI_WaitFlagStateUntilTimeout
                0x08004e0c       0x4e ./Drivers/STM32H7xx_HAL_Driver/Src/stm32h7xx_hal_ospi.o
 *fill*         0x08004e5a        0x2 
 .text.HAL_OSPI_Init
                0x08004e5c       0xf0 ./Drivers/STM32H7xx_HAL_Driver/Src/stm32h7xx_hal_ospi.o
                0x08004e5c                HAL_OSPI_Init
 .text.HAL_OSPI_Command
                0x08004f4c       0x9e ./Drivers/STM32H7xx_HAL_Driver/Src/stm32h7xx_hal_ospi.o
                0x08004f4c                HAL_OSPI_Command
 .text.HAL_OSPI_MemoryMapped
                0x08004fea       0x5e ./Drivers/STM32H7xx_HAL_Driver/Src/stm32h7xx_hal_ospi.o
                0x08004fea                HAL_OSPI_MemoryMapped
 .text.HAL_OSPI_ErrorCallback
                0x08005048        0x2 ./Drivers/STM32H7xx_HAL_Driver/Src/stm32h7xx_hal_ospi.o
                0x08005048                HAL_OSPI_ErrorCallback
 .text.HAL_OSPI_AbortCpltCallback
                0x0800504a        0x2 ./Drivers/STM32H7xx_HAL_Driver/Src/stm32h7xx_hal_ospi.o
                0x0800504a                HAL_OSPI_AbortCpltCallback
 .text.OSPI_DMAAbortCplt
                0x0800504c       0x44 ./Drivers/STM32H7xx_HAL_Driver/Src/stm32h7xx_hal_ospi.o
 .text.HAL_OSPI_FifoThresholdCallback
                0x08005090        0x2 ./Drivers/STM32H7xx_HAL_Driver/Src/stm32h7xx_hal_ospi.o
                0x08005090                HAL_OSPI_FifoThresholdCallback
 .text.HAL_OSPI_CmdCpltCallback
                0x08005092        0x2 ./Drivers/STM32H7xx_HAL_Driver/Src/stm32h7xx_hal_ospi.o
                0x08005092                HAL_OSPI_CmdCpltCallback
 .text.HAL_OSPI_RxCpltCallback
                0x08005094        0x2 ./Drivers/STM32H7xx_HAL_Driver/Src/stm32h7xx_hal_ospi.o
                0x08005094                HAL_OSPI_RxCpltCallback
 .text.HAL_OSPI_TxCpltCallback
                0x08005096        0x2 ./Drivers/STM32H7xx_HAL_Driver/Src/stm32h7xx_hal_ospi.o
                0x08005096                HAL_OSPI_TxCpltCallback
 .text.HAL_OSPI_StatusMatchCallback
                0x08005098        0x2 ./Drivers/STM32H7xx_HAL_Driver/Src/stm32h7xx_hal_ospi.o
                0x08005098                HAL_OSPI_StatusMatchCallback
 .text.HAL_OSPI_TimeOutCallback
                0x0800509a        0x2 ./Drivers/STM32H7xx_HAL_Driver/Src/stm32h7xx_hal_ospi.o
                0x0800509a                HAL_OSPI_TimeOutCallback
 .text.HAL_OSPI_IRQHandler
                0x0800509c      0x150 ./Drivers/STM32H7xx_HAL_Driver/Src/stm32h7xx_hal_ospi.o
                0x0800509c                HAL_OSPI_IRQHandler
 .text.HAL_OSPIM_Config
                0x080051ec      0x440 ./Drivers/STM32H7xx_HAL_Driver/Src/stm32h7xx_hal_ospi.o
                0x080051ec                HAL_OSPIM_Config
 .text.HAL_PWR_EnableWakeUpPin
                0x0800562c       0x18 ./Drivers/STM32H7xx_HAL_Driver/Src/stm32h7xx_hal_pwr.o
                0x0800562c                HAL_PWR_EnableWakeUpPin
 .text.HAL_PWR_DisableWakeUpPin
                0x08005644       0x14 ./Drivers/STM32H7xx_HAL_Driver/Src/stm32h7xx_hal_pwr.o
                0x08005644                HAL_PWR_DisableWakeUpPin
 .text.HAL_PWR_EnterSTANDBYMode
                0x08005658       0x28 ./Drivers/STM32H7xx_HAL_Driver/Src/stm32h7xx_hal_pwr.o
                0x08005658                HAL_PWR_EnterSTANDBYMode
 .text.HAL_PWREx_ConfigSupply
                0x08005680       0x48 ./Drivers/STM32H7xx_HAL_Driver/Src/stm32h7xx_hal_pwr_ex.o
                0x08005680                HAL_PWREx_ConfigSupply
 .text.HAL_RCC_OscConfig
                0x080056c8      0x4fc ./Drivers/STM32H7xx_HAL_Driver/Src/stm32h7xx_hal_rcc.o
                0x080056c8                HAL_RCC_OscConfig
 .text.HAL_RCC_GetSysClockFreq
                0x08005bc4      0x144 ./Drivers/STM32H7xx_HAL_Driver/Src/stm32h7xx_hal_rcc.o
                0x08005bc4                HAL_RCC_GetSysClockFreq
 .text.HAL_RCC_ClockConfig
                0x08005d08      0x24c ./Drivers/STM32H7xx_HAL_Driver/Src/stm32h7xx_hal_rcc.o
                0x08005d08                HAL_RCC_ClockConfig
 .text.HAL_RCC_GetHCLKFreq
                0x08005f54       0x44 ./Drivers/STM32H7xx_HAL_Driver/Src/stm32h7xx_hal_rcc.o
                0x08005f54                HAL_RCC_GetHCLKFreq
 .text.RCCEx_PLL2_Config
                0x08005f98       0xf0 ./Drivers/STM32H7xx_HAL_Driver/Src/stm32h7xx_hal_rcc_ex.o
 .text.RCCEx_PLL3_Config
                0x08006088       0xf0 ./Drivers/STM32H7xx_HAL_Driver/Src/stm32h7xx_hal_rcc_ex.o
 .text.HAL_RCCEx_PeriphCLKConfig
                0x08006178      0x8b0 ./Drivers/STM32H7xx_HAL_Driver/Src/stm32h7xx_hal_rcc_ex.o
                0x08006178                HAL_RCCEx_PeriphCLKConfig
 .text.HAL_RCCEx_GetD3PCLK1Freq
                0x08006a28       0x24 ./Drivers/STM32H7xx_HAL_Driver/Src/stm32h7xx_hal_rcc_ex.o
                0x08006a28                HAL_RCCEx_GetD3PCLK1Freq
 .text.HAL_RCCEx_GetPLL2ClockFreq
                0x08006a4c      0x154 ./Drivers/STM32H7xx_HAL_Driver/Src/stm32h7xx_hal_rcc_ex.o
                0x08006a4c                HAL_RCCEx_GetPLL2ClockFreq
 .text.HAL_RCCEx_GetPLL3ClockFreq
                0x08006ba0      0x154 ./Drivers/STM32H7xx_HAL_Driver/Src/stm32h7xx_hal_rcc_ex.o
                0x08006ba0                HAL_RCCEx_GetPLL3ClockFreq
 .text.HAL_RCCEx_GetPLL1ClockFreq
                0x08006cf4      0x154 ./Drivers/STM32H7xx_HAL_Driver/Src/stm32h7xx_hal_rcc_ex.o
                0x08006cf4                HAL_RCCEx_GetPLL1ClockFreq
 .text.HAL_RCCEx_GetPeriphCLKFreq
                0x08006e48      0x198 ./Drivers/STM32H7xx_HAL_Driver/Src/stm32h7xx_hal_rcc_ex.o
                0x08006e48                HAL_RCCEx_GetPeriphCLKFreq
 .text.HAL_RNG_Init
                0x08006fe0       0xb0 ./Drivers/STM32H7xx_HAL_Driver/Src/stm32h7xx_hal_rng.o
                0x08006fe0                HAL_RNG_Init
 .text.HAL_RNG_GenerateRandomNumber
                0x08007090       0x68 ./Drivers/STM32H7xx_HAL_Driver/Src/stm32h7xx_hal_rng.o
                0x08007090                HAL_RNG_GenerateRandomNumber
 .text.SAI_InterruptFlag
                0x080070f8       0x2c ./Drivers/STM32H7xx_HAL_Driver/Src/stm32h7xx_hal_sai.o
 .text.SAI_Disable
                0x08007124       0x40 ./Drivers/STM32H7xx_HAL_Driver/Src/stm32h7xx_hal_sai.o
 .text.HAL_SAI_Init
                0x08007164      0x2b0 ./Drivers/STM32H7xx_HAL_Driver/Src/stm32h7xx_hal_sai.o
                0x08007164                HAL_SAI_Init
 .text.HAL_SAI_InitProtocol
                0x08007414      0x15c ./Drivers/STM32H7xx_HAL_Driver/Src/stm32h7xx_hal_sai.o
                0x08007414                HAL_SAI_InitProtocol
 .text.HAL_SAI_DeInit
                0x08007570       0x64 ./Drivers/STM32H7xx_HAL_Driver/Src/stm32h7xx_hal_sai.o
                0x08007570                HAL_SAI_DeInit
 .text.HAL_SAI_DMAStop
                0x080075d4       0xa4 ./Drivers/STM32H7xx_HAL_Driver/Src/stm32h7xx_hal_sai.o
                0x080075d4                HAL_SAI_DMAStop
 .text.HAL_SAI_Abort
                0x08007678       0xb6 ./Drivers/STM32H7xx_HAL_Driver/Src/stm32h7xx_hal_sai.o
                0x08007678                HAL_SAI_Abort
 *fill*         0x0800772e        0x2 
 .text.HAL_SAI_Transmit_DMA
                0x08007730       0xd8 ./Drivers/STM32H7xx_HAL_Driver/Src/stm32h7xx_hal_sai.o
                0x08007730                HAL_SAI_Transmit_DMA
 .text.SAI_DMATxCplt
                0x08007808       0x38 ./Drivers/STM32H7xx_HAL_Driver/Src/stm32h7xx_hal_sai.o
 .text.SAI_DMATxHalfCplt
                0x08007840        0xa ./Drivers/STM32H7xx_HAL_Driver/Src/stm32h7xx_hal_sai.o
 .text.HAL_SAI_ErrorCallback
                0x0800784a        0x2 ./Drivers/STM32H7xx_HAL_Driver/Src/stm32h7xx_hal_sai.o
                0x0800784a                HAL_SAI_ErrorCallback
 .text.SAI_DMAError
                0x0800784c       0x3c ./Drivers/STM32H7xx_HAL_Driver/Src/stm32h7xx_hal_sai.o
 .text.HAL_SAI_IRQHandler
                0x08007888      0x128 ./Drivers/STM32H7xx_HAL_Driver/Src/stm32h7xx_hal_sai.o
                0x08007888                HAL_SAI_IRQHandler
 .text.SAI_DMAAbort
                0x080079b0       0x42 ./Drivers/STM32H7xx_HAL_Driver/Src/stm32h7xx_hal_sai.o
 .text.SPI_CloseTransfer
                0x080079f2       0xac ./Drivers/STM32H7xx_HAL_Driver/Src/stm32h7xx_hal_spi.o
 *fill*         0x08007a9e        0x2 
 .text.HAL_SPI_Init
                0x08007aa0      0x114 ./Drivers/STM32H7xx_HAL_Driver/Src/stm32h7xx_hal_spi.o
                0x08007aa0                HAL_SPI_Init
 .text.HAL_SPI_Transmit
                0x08007bb4      0x23e ./Drivers/STM32H7xx_HAL_Driver/Src/stm32h7xx_hal_spi.o
                0x08007bb4                HAL_SPI_Transmit
 .text.memset   0x08007df2       0x10 C:/ST/STM32CubeIDE_1.5.0/STM32CubeIDE/plugins/com.st.stm32cube.ide.mcu.externaltools.gnu-tools-for-stm32.12.3.rel1.win32_1.0.200.202406191623/tools/bin/../lib/gcc/arm-none-eabi/12.3.1/../../../../arm-none-eabi/lib/thumb/v7e-m+dp/hard\libc_nano.a(libc_a-memset.o)
                0x08007df2                memset
 *fill*         0x08007e02        0x2 
 .text.__libc_init_array
                0x08007e04       0x48 C:/ST/STM32CubeIDE_1.5.0/STM32CubeIDE/plugins/com.st.stm32cube.ide.mcu.externaltools.gnu-tools-for-stm32.12.3.rel1.win32_1.0.200.202406191623/tools/bin/../lib/gcc/arm-none-eabi/12.3.1/../../../../arm-none-eabi/lib/thumb/v7e-m+dp/hard\libc_nano.a(libc_a-init.o)
                0x08007e04                __libc_init_array
 *(.glue_7)
 .glue_7        0x08007e4c        0x0 linker stubs
 *(.glue_7t)
 .glue_7t       0x08007e4c        0x0 linker stubs
 *(.eh_frame)
 .eh_frame      0x08007e4c        0x0 C:/ST/STM32CubeIDE_1.5.0/STM32CubeIDE/plugins/com.st.stm32cube.ide.mcu.externaltools.gnu-tools-for-stm32.12.3.rel1.win32_1.0.200.202406191623/tools/bin/../lib/gcc/arm-none-eabi/12.3.1/thumb/v7e-m+dp/hard/crtbegin.o
 *(.init)
 .init          0x08007e4c        0x4 C:/ST/STM32CubeIDE_1.5.0/STM32CubeIDE/plugins/com.st.stm32cube.ide.mcu.externaltools.gnu-tools-for-stm32.12.3.rel1.win32_1.0.200.202406191623/tools/bin/../lib/gcc/arm-none-eabi/12.3.1/thumb/v7e-m+dp/hard/crti.o
                0x08007e4c                _init
 .init          0x08007e50        0x8 C:/ST/STM32CubeIDE_1.5.0/STM32CubeIDE/plugins/com.st.stm32cube.ide.mcu.externaltools.gnu-tools-for-stm32.12.3.rel1.win32_1.0.200.202406191623/tools/bin/../lib/gcc/arm-none-eabi/12.3.1/thumb/v7e-m+dp/hard/crtn.o
 *(.fini)
 .fini          0x08007e58        0x4 C:/ST/STM32CubeIDE_1.5.0/STM32CubeIDE/plugins/com.st.stm32cube.ide.mcu.externaltools.gnu-tools-for-stm32.12.3.rel1.win32_1.0.200.202406191623/tools/bin/../lib/gcc/arm-none-eabi/12.3.1/thumb/v7e-m+dp/hard/crti.o
                0x08007e58                _fini
 .fini          0x08007e5c        0x8 C:/ST/STM32CubeIDE_1.5.0/STM32CubeIDE/plugins/com.st.stm32cube.ide.mcu.externaltools.gnu-tools-for-stm32.12.3.rel1.win32_1.0.200.202406191623/tools/bin/../lib/gcc/arm-none-eabi/12.3.1/thumb/v7e-m+dp/hard/crtn.o
                0x08007e64                        . = ALIGN (0x4)
                0x08007e64                        _etext = .

.vfp11_veneer   0x08007e64        0x0
 .vfp11_veneer  0x08007e64        0x0 linker stubs

.v4_bx          0x08007e64        0x0
 .v4_bx         0x08007e64        0x0 linker stubs

.iplt           0x08007e64        0x0
 .iplt          0x08007e64        0x0 C:/ST/STM32CubeIDE_1.5.0/STM32CubeIDE/plugins/com.st.stm32cube.ide.mcu.externaltools.gnu-tools-for-stm32.12.3.rel1.win32_1.0.200.202406191623/tools/bin/../lib/gcc/arm-none-eabi/12.3.1/thumb/v7e-m+dp/hard/crtbegin.o

.rodata         0x08007e64     0x26b4
                0x08007e64                        . = ALIGN (0x4)
 *(.rodata)
 .rodata        0x08007e64        0xf ./Core/Src/lcd.o
 *(.rodata*)
 .rodata.lcd_init.str1.1
                0x08007e73        0xf ./Core/Src/lcd.o
 .rodata.punch_head
                0x08007e82       0x38 ./Core/Src/main.o
                0x08007e82                punch_head
 .rodata.stage_text
                0x08007eba       0x20 ./Core/Src/main.o
                0x08007eba                stage_text
 .rodata.distract_text
                0x08007eda       0x32 ./Core/Src/main.o
                0x08007eda                distract_text
 .rodata.game_over_text
                0x08007f0c       0x38 ./Core/Src/main.o
                0x08007f0c                game_over_text
 .rodata.score_text
                0x08007f44       0x20 ./Core/Src/main.o
                0x08007f44                score_text
 .rodata.hi_text
                0x08007f64        0x8 ./Core/Src/main.o
                0x08007f64                hi_text
 .rodata.b_arrow
                0x08007f6c       0x32 ./Core/Src/main.o
                0x08007f6c                b_arrow
 .rodata.life_head
                0x08007f9e       0x20 ./Core/Src/main.o
                0x08007f9e                life_head
 .rodata.note   0x08007fbe       0x1e ./Core/Src/main.o
                0x08007fbe                note
 .rodata.game_B
                0x08007fdc       0x20 ./Core/Src/main.o
                0x08007fdc                game_B
 .rodata.game_A
                0x08007ffc       0x20 ./Core/Src/main.o
                0x08007ffc                game_A
 .rodata.girls_1
                0x0800801c       0x8a ./Core/Src/main.o
                0x0800801c                girls_1
 .rodata.girls_0
                0x080080a6       0x8a ./Core/Src/main.o
                0x080080a6                girls_0
 .rodata.patronPunch
                0x08008130       0x56 ./Core/Src/main.o
                0x08008130                patronPunch
 .rodata.patron11
                0x08008186       0x41 ./Core/Src/main.o
                0x08008186                patron11
 .rodata.patron10
                0x080081c7       0x41 ./Core/Src/main.o
                0x080081c7                patron10
 .rodata.patron9
                0x08008208       0x41 ./Core/Src/main.o
                0x08008208                patron9
 .rodata.patron8
                0x08008249       0x41 ./Core/Src/main.o
                0x08008249                patron8
 .rodata.patron7
                0x0800828a       0x26 ./Core/Src/main.o
                0x0800828a                patron7
 .rodata.patron6
                0x080082b0       0x41 ./Core/Src/main.o
                0x080082b0                patron6
 .rodata.patron5
                0x080082f1       0x38 ./Core/Src/main.o
                0x080082f1                patron5
 .rodata.patron4
                0x08008329       0x41 ./Core/Src/main.o
                0x08008329                patron4
 .rodata.patron3
                0x0800836a       0x41 ./Core/Src/main.o
                0x0800836a                patron3
 .rodata.patron2
                0x080083ab       0x2c ./Core/Src/main.o
                0x080083ab                patron2
 .rodata.patron1
                0x080083d7       0x41 ./Core/Src/main.o
                0x080083d7                patron1
 .rodata.patron0
                0x08008418       0x56 ./Core/Src/main.o
                0x08008418                patron0
 .rodata.wipe2  0x0800846e       0x1a ./Core/Src/main.o
                0x0800846e                wipe2
 .rodata.wipe1  0x08008488       0x1a ./Core/Src/main.o
                0x08008488                wipe1
 .rodata.mugThrown
                0x080084a2       0x47 ./Core/Src/main.o
                0x080084a2                mugThrown
 .rodata.hWhoosh
                0x080084e9       0x1e ./Core/Src/main.o
                0x080084e9                hWhoosh
 .rodata.vWhoosh
                0x08008507       0x1a ./Core/Src/main.o
                0x08008507                vWhoosh
 .rodata.barDashGFX
                0x08008521      0x20a ./Core/Src/main.o
                0x08008521                barDashGFX
 .rodata.money  0x0800872b        0xc ./Core/Src/main.o
                0x0800872b                money
 .rodata.mugSmashed
                0x08008737       0x3e ./Core/Src/main.o
                0x08008737                mugSmashed
 .rodata.mugReturn
                0x08008775       0x35 ./Core/Src/main.o
                0x08008775                mugReturn
 .rodata.mugFull
                0x080087aa       0x24 ./Core/Src/main.o
                0x080087aa                mugFull
 .rodata.armPull
                0x080087ce       0x3e ./Core/Src/main.o
                0x080087ce                armPull
 .rodata.mugFilling
                0x0800880c       0x24 ./Core/Src/main.o
                0x0800880c                mugFilling
 .rodata.barKeepPour
                0x08008830       0x9b ./Core/Src/main.o
                0x08008830                barKeepPour
 .rodata.barKeepTend
                0x080088cb       0x98 ./Core/Src/main.o
                0x080088cb                barKeepTend
 .rodata.digits
                0x08008963      0x190 ./Core/Src/main.o
                0x08008963                digits
 .rodata.keg    0x08008af3      0x2d9 ./Core/Src/main.o
                0x08008af3                keg
 .rodata.table  0x08008dcc      0x834 ./Core/Src/main.o
                0x08008dcc                table
 .rodata.status_bar
                0x08009600       0xed ./Core/Src/main.o
                0x08009600                status_bar
 .rodata.tiptext
                0x080096ed      0x153 ./Core/Src/main.o
                0x080096ed                tiptext
 .rodata.tipgfx
                0x08009840      0x13e ./Core/Src/main.o
                0x08009840                tipgfx
 .rodata.stage  0x0800997e      0xa02 ./Core/Src/main.o
                0x0800997e                stage
 .rodata.scoregfx
                0x0800a380      0x17d ./Core/Src/main.o
                0x0800a380                scoregfx
 .rodata.D1CorePrescTable
                0x0800a4fd       0x10 ./Core/Src/system_stm32h7xx.o
                0x0800a4fd                D1CorePrescTable
 .rodata.flagBitshiftOffset.0
                0x0800a50d        0x8 ./Drivers/STM32H7xx_HAL_Driver/Src/stm32h7xx_hal_dma.o
                0x0800a518                        . = ALIGN (0x4)
 *fill*         0x0800a515        0x3 

.rel.dyn        0x0800a518        0x0
 .rel.iplt      0x0800a518        0x0 C:/ST/STM32CubeIDE_1.5.0/STM32CubeIDE/plugins/com.st.stm32cube.ide.mcu.externaltools.gnu-tools-for-stm32.12.3.rel1.win32_1.0.200.202406191623/tools/bin/../lib/gcc/arm-none-eabi/12.3.1/thumb/v7e-m+dp/hard/crtbegin.o

.ARM.extab
 *(.ARM.extab* .gnu.linkonce.armextab.*)

.ARM            0x0800a518        0x0
                0x0800a518                        __exidx_start = .
 *(.ARM.exidx*)
                0x0800a518                        __exidx_end = .

.preinit_array  0x0800a518        0x0
                0x0800a518                        PROVIDE (__preinit_array_start = .)
 *(.preinit_array*)
                0x0800a518                        PROVIDE (__preinit_array_end = .)

.init_array     0x0800a518        0x4
                0x0800a518                        PROVIDE (__init_array_start = .)
 *(SORT_BY_NAME(.init_array.*))
 *(.init_array*)
 .init_array    0x0800a518        0x4 C:/ST/STM32CubeIDE_1.5.0/STM32CubeIDE/plugins/com.st.stm32cube.ide.mcu.externaltools.gnu-tools-for-stm32.12.3.rel1.win32_1.0.200.202406191623/tools/bin/../lib/gcc/arm-none-eabi/12.3.1/thumb/v7e-m+dp/hard/crtbegin.o
                0x0800a51c                        PROVIDE (__init_array_end = .)

.fini_array     0x0800a51c        0x4
                [!provide]                        PROVIDE (__fini_array_start = .)
 *(SORT_BY_NAME(.fini_array.*))
 *(.fini_array*)
 .fini_array    0x0800a51c        0x4 C:/ST/STM32CubeIDE_1.5.0/STM32CubeIDE/plugins/com.st.stm32cube.ide.mcu.externaltools.gnu-tools-for-stm32.12.3.rel1.win32_1.0.200.202406191623/tools/bin/../lib/gcc/arm-none-eabi/12.3.1/thumb/v7e-m+dp/hard/crtbegin.o
                [!provide]                        PROVIDE (__fini_array_end = .)
                0x0800a520                        _sidata = LOADADDR (.data)

.data           0x20000000       0x84 load address 0x0800a520
                0x20000000                        . = ALIGN (0x4)
                0x20000000                        _sdata = .
 *(.data)
 *(.data*)
 .data.volumeDisplayed
                0x20000000        0x4 ./Core/Src/audio.o
 .data.musicOn  0x20000004        0x1 ./Core/Src/audio.o
 *fill*         0x20000005        0x1 
 .data.audiobuffer_length
                0x20000006        0x2 ./Core/Src/audio.o
 .data.melody   0x20000008       0x36 ./Core/Src/main.o
                0x20000008                melody
 .data.patronXpos
                0x2000003e       0x1a ./Core/Src/main.o
                0x2000003e                patronXpos
 .data.patronMovePitch
                0x20000058        0x2 ./Core/Src/main.o
                0x20000058                patronMovePitch
 .data.patronSpeed
                0x2000005a        0x1 ./Core/Src/main.o
                0x2000005a                patronSpeed
 *fill*         0x2000005b        0x1 
 .data.barDash  0x2000005c        0x4 ./Core/Src/main.o
                0x2000005c                barDash
 .data.barKeepState
                0x20000060        0x1 ./Core/Src/main.o
                0x20000060                barKeepState
 *fill*         0x20000061        0x3 
 .data.lives    0x20000064        0x4 ./Core/Src/main.o
                0x20000064                lives
 .data.startingLevel
                0x20000068        0x4 ./Core/Src/main.o
                0x20000068                startingLevel
 .data.game     0x2000006c        0x4 ./Core/Src/main.o
                0x2000006c                game
 .data.diffMux  0x20000070        0x4 ./Core/Src/main.o
                0x20000070                diffMux
 .data.SystemD2Clock
                0x20000074        0x4 ./Core/Src/system_stm32h7xx.o
                0x20000074                SystemD2Clock
 .data.SystemCoreClock
                0x20000078        0x4 ./Core/Src/system_stm32h7xx.o
                0x20000078                SystemCoreClock
 .data.uwTickFreq
                0x2000007c        0x1 ./Drivers/STM32H7xx_HAL_Driver/Src/stm32h7xx_hal.o
                0x2000007c                uwTickFreq
 *fill*         0x2000007d        0x3 
 .data.uwTickPrio
                0x20000080        0x4 ./Drivers/STM32H7xx_HAL_Driver/Src/stm32h7xx_hal.o
                0x20000080                uwTickPrio
                0x20000084                        . = ALIGN (0x4)
                0x20000084                        _edata = .

.igot.plt       0x20000084        0x0 load address 0x0800a5a4
 .igot.plt      0x20000084        0x0 C:/ST/STM32CubeIDE_1.5.0/STM32CubeIDE/plugins/com.st.stm32cube.ide.mcu.externaltools.gnu-tools-for-stm32.12.3.rel1.win32_1.0.200.202406191623/tools/bin/../lib/gcc/arm-none-eabi/12.3.1/thumb/v7e-m+dp/hard/crtbegin.o
                0x20000084                        . = ALIGN (0x4)

.bss            0x20000084      0x690 load address 0x0800a5a4
                0x20000084                        _sbss = .
                0x20000084                        __bss_start__ = _sbss
 *(.bss)
 .bss           0x20000084       0x1c C:/ST/STM32CubeIDE_1.5.0/STM32CubeIDE/plugins/com.st.stm32cube.ide.mcu.externaltools.gnu-tools-for-stm32.12.3.rel1.win32_1.0.200.202406191623/tools/bin/../lib/gcc/arm-none-eabi/12.3.1/thumb/v7e-m+dp/hard/crtbegin.o
 *(.bss*)
 .bss.square_wave_phase
                0x200000a0        0x4 ./Core/Src/audio.o
 .bss.square_wave_samples_remaining
                0x200000a4        0x4 ./Core/Src/audio.o
 .bss.square_wave_volume
                0x200000a8        0x2 ./Core/Src/audio.o
 .bss.square_wave_frequency
                0x200000aa        0x2 ./Core/Src/audio.o
 .bss.dma_counter
                0x200000ac        0x4 ./Core/Src/audio.o
                0x200000ac                dma_counter
 .bss.dma_state
                0x200000b0        0x1 ./Core/Src/audio.o
                0x200000b0                dma_state
 *fill*         0x200000b1        0x3 
 .bss.noteFrameGap
                0x200000b4        0x4 ./Core/Src/main.o
                0x200000b4                noteFrameGap
 .bss.noteIndex
                0x200000b8        0x4 ./Core/Src/main.o
                0x200000b8                noteIndex
 .bss.stateTimer
                0x200000bc        0x4 ./Core/Src/main.o
                0x200000bc                stateTimer
 .bss.buttons   0x200000c0        0x4 ./Core/Src/main.o
                0x200000c0                buttons
 .bss.girlsTimer
                0x200000c4        0x4 ./Core/Src/main.o
                0x200000c4                girlsTimer
 .bss.girlsActive
                0x200000c8        0x1 ./Core/Src/main.o
                0x200000c8                girlsActive
 .bss.girlButton
                0x200000c9        0x1 ./Core/Src/main.o
                0x200000c9                girlButton
 .bss.tips      0x200000ca        0xf ./Core/Src/main.o
                0x200000ca                tips
 *fill*         0x200000d9        0x3 
 .bss.patronGFX
                0x200000dc       0x34 ./Core/Src/main.o
                0x200000dc                patronGFX
 .bss.highScore
                0x20000110        0x2 ./Core/Src/main.o
                0x20000110                highScore
 .bss.score     0x20000112        0x2 ./Core/Src/main.o
                0x20000112                score
 .bss.tipsTen   0x20000114        0x1 ./Core/Src/main.o
                0x20000114                tipsTen
 .bss.tipsTotal
                0x20000115        0x1 ./Core/Src/main.o
                0x20000115                tipsTotal
 *fill*         0x20000116        0x2 
 .bss.rando     0x20000118        0x4 ./Core/Src/main.o
                0x20000118                rando
 .bss.patronRespawnTimer
                0x2000011c        0x4 ./Core/Src/main.o
                0x2000011c                patronRespawnTimer
 .bss.patronSubCount
                0x20000120        0x1 ./Core/Src/main.o
                0x20000120                patronSubCount
 .bss.patronsPerLevelServed
                0x20000121        0x1 ./Core/Src/main.o
                0x20000121                patronsPerLevelServed
 .bss.patronsPerLevelToSpawn
                0x20000122        0x1 ./Core/Src/main.o
                0x20000122                patronsPerLevelToSpawn
 .bss.patronMoveTimer
                0x20000123        0x1 ./Core/Src/main.o
                0x20000123                patronMoveTimer
 .bss.moveFlag  0x20000124        0x1 ./Core/Src/main.o
                0x20000124                moveFlag
 .bss.patronSlot
                0x20000125       0x24 ./Core/Src/main.o
                0x20000125                patronSlot
 .bss.patron    0x20000149      0x120 ./Core/Src/main.o
                0x20000149                patron
 .bss.drinkTimeStart
                0x20000269        0x1 ./Core/Src/main.o
                0x20000269                drinkTimeStart
 *fill*         0x2000026a        0x2 
 .bss.mug       0x2000026c      0x1b0 ./Core/Src/main.o
                0x2000026c                mug
 .bss.dashWhoosh
                0x2000041c        0x3 ./Core/Src/main.o
                0x2000041c                dashWhoosh
 .bss.whoosh    0x2000041f        0x2 ./Core/Src/main.o
                0x2000041f                whoosh
 *fill*         0x20000421        0x3 
 .bss.beerFull  0x20000424        0x4 ./Core/Src/main.o
                0x20000424                beerFull
 .bss.mugFillAnimation
                0x20000428        0x4 ./Core/Src/main.o
                0x20000428                mugFillAnimation
 .bss.deathType
                0x2000042c        0x4 ./Core/Src/main.o
                0x2000042c                deathType
 .bss.dying     0x20000430        0x1 ./Core/Src/main.o
                0x20000430                dying
 *fill*         0x20000431        0x3 
 .bss.keepRow   0x20000434        0x4 ./Core/Src/main.o
                0x20000434                keepRow
 .bss.levelTimer2
                0x20000438        0x4 ./Core/Src/main.o
                0x20000438                levelTimer2
 .bss.levelTimer
                0x2000043c        0x4 ./Core/Src/main.o
                0x2000043c                levelTimer
 .bss.level     0x20000440        0x4 ./Core/Src/main.o
                0x20000440                level
 .bss.frame     0x20000444        0x4 ./Core/Src/main.o
                0x20000444                frame
 .bss.gameState
                0x20000448        0x1 ./Core/Src/main.o
                0x20000448                gameState
 *fill*         0x20000449        0x3 
 .bss.barRow    0x2000044c        0x4 ./Core/Src/main.o
                0x2000044c                barRow
 .bss.buttonDebounce
                0x20000450        0x4 ./Core/Src/main.o
                0x20000450                buttonDebounce
 .bss.buffer    0x20000454        0x4 ./Core/Src/main.o
                0x20000454                buffer
 .bss.hspi2     0x20000458       0x88 ./Core/Src/main.o
                0x20000458                hspi2
 .bss.hdma_sai1_a
                0x200004e0       0x78 ./Core/Src/main.o
                0x200004e0                hdma_sai1_a
 .bss.hsai_BlockA1
                0x20000558       0x98 ./Core/Src/main.o
                0x20000558                hsai_BlockA1
 .bss.hrng      0x200005f0       0x14 ./Core/Src/main.o
                0x200005f0                hrng
 .bss.hospi1    0x20000604       0x60 ./Core/Src/main.o
                0x20000604                hospi1
 .bss.hltdc     0x20000664       0xa8 ./Core/Src/main.o
                0x20000664                hltdc
 .bss.SAI1_client
                0x2000070c        0x4 ./Core/Src/stm32h7xx_hal_msp.o
 .bss.uwTick    0x20000710        0x4 ./Drivers/STM32H7xx_HAL_Driver/Src/stm32h7xx_hal.o
                0x20000710                uwTick
 *(COMMON)
                0x20000714                        . = ALIGN (0x4)
                0x20000714                        _ebss = .
                0x20000714                        __bss_end__ = _ebss

._user_heap_stack
                0x20000714      0x604 load address 0x0800a5a4
                0x20000718                        . = ALIGN (0x8)
 *fill*         0x20000714        0x4 
                [!provide]                        PROVIDE (end = .)
                0x20000718                        PROVIDE (_end = .)
                0x20000918                        . = (. + _Min_Heap_Size)
 *fill*         0x20000718      0x200 
                0x20000d18                        . = (. + _Min_Stack_Size)
 *fill*         0x20000918      0x400 
                0x20000d18                        . = ALIGN (0x8)

/DISCARD/
 libc.a(*)
 libm.a(*)
 libgcc.a(*)

.ARM.attributes
                0x00000000       0x2e
 *(.ARM.attributes)
 .ARM.attributes
                0x00000000       0x20 C:/ST/STM32CubeIDE_1.5.0/STM32CubeIDE/plugins/com.st.stm32cube.ide.mcu.externaltools.gnu-tools-for-stm32.12.3.rel1.win32_1.0.200.202406191623/tools/bin/../lib/gcc/arm-none-eabi/12.3.1/thumb/v7e-m+dp/hard/crti.o
 .ARM.attributes
                0x00000020       0x32 C:/ST/STM32CubeIDE_1.5.0/STM32CubeIDE/plugins/com.st.stm32cube.ide.mcu.externaltools.gnu-tools-for-stm32.12.3.rel1.win32_1.0.200.202406191623/tools/bin/../lib/gcc/arm-none-eabi/12.3.1/thumb/v7e-m+dp/hard/crtbegin.o
 .ARM.attributes
                0x00000052       0x32 ./Core/Src/audio.o
 .ARM.attributes
                0x00000084       0x32 ./Core/Src/buttons.o
 .ARM.attributes
                0x000000b6       0x32 ./Core/Src/flash.o
 .ARM.attributes
                0x000000e8       0x32 ./Core/Src/lcd.o
 .ARM.attributes
                0x0000011a       0x32 ./Core/Src/main.o
 .ARM.attributes
                0x0000014c       0x32 ./Core/Src/stm32h7xx_hal_msp.o
 .ARM.attributes
                0x0000017e       0x32 ./Core/Src/stm32h7xx_it.o
 .ARM.attributes
                0x000001b0       0x32 ./Core/Src/system_stm32h7xx.o
 .ARM.attributes
                0x000001e2       0x21 ./Core/Startup/startup_stm32h7b0vbtx.o
 .ARM.attributes
                0x00000203       0x32 ./Drivers/STM32H7xx_HAL_Driver/Src/stm32h7xx_hal.o
 .ARM.attributes
                0x00000235       0x32 ./Drivers/STM32H7xx_HAL_Driver/Src/stm32h7xx_hal_cortex.o
 .ARM.attributes
                0x00000267       0x32 ./Drivers/STM32H7xx_HAL_Driver/Src/stm32h7xx_hal_dma.o
 .ARM.attributes
                0x00000299       0x32 ./Drivers/STM32H7xx_HAL_Driver/Src/stm32h7xx_hal_gpio.o
 .ARM.attributes
                0x000002cb       0x32 ./Drivers/STM32H7xx_HAL_Driver/Src/stm32h7xx_hal_ltdc.o
 .ARM.attributes
                0x000002fd       0x32 ./Drivers/STM32H7xx_HAL_Driver/Src/stm32h7xx_hal_mdma.o
 .ARM.attributes
                0x0000032f       0x32 ./Drivers/STM32H7xx_HAL_Driver/Src/stm32h7xx_hal_ospi.o
 .ARM.attributes
                0x00000361       0x32 ./Drivers/STM32H7xx_HAL_Driver/Src/stm32h7xx_hal_pwr.o
 .ARM.attributes
                0x00000393       0x32 ./Drivers/STM32H7xx_HAL_Driver/Src/stm32h7xx_hal_pwr_ex.o
 .ARM.attributes
                0x000003c5       0x32 ./Drivers/STM32H7xx_HAL_Driver/Src/stm32h7xx_hal_rcc.o
 .ARM.attributes
                0x000003f7       0x32 ./Drivers/STM32H7xx_HAL_Driver/Src/stm32h7xx_hal_rcc_ex.o
 .ARM.attributes
                0x00000429       0x32 ./Drivers/STM32H7xx_HAL_Driver/Src/stm32h7xx_hal_rng.o
 .ARM.attributes
                0x0000045b       0x32 ./Drivers/STM32H7xx_HAL_Driver/Src/stm32h7xx_hal_sai.o
 .ARM.attributes
                0x0000048d       0x32 ./Drivers/STM32H7xx_HAL_Driver/Src/stm32h7xx_hal_spi.o
 .ARM.attributes
                0x000004bf       0x32 C:/ST/STM32CubeIDE_1.5.0/STM32CubeIDE/plugins/com.st.stm32cube.ide.mcu.externaltools.gnu-tools-for-stm32.12.3.rel1.win32_1.0.200.202406191623/tools/bin/../lib/gcc/arm-none-eabi/12.3.1/../../../../arm-none-eabi/lib/thumb/v7e-m+dp/hard\libc_nano.a(libc_a-memset.o)
 .ARM.attributes
                0x000004f1       0x32 C:/ST/STM32CubeIDE_1.5.0/STM32CubeIDE/plugins/com.st.stm32cube.ide.mcu.externaltools.gnu-tools-for-stm32.12.3.rel1.win32_1.0.200.202406191623/tools/bin/../lib/gcc/arm-none-eabi/12.3.1/../../../../arm-none-eabi/lib/thumb/v7e-m+dp/hard\libc_nano.a(libc_a-init.o)
 .ARM.attributes
                0x00000523       0x20 C:/ST/STM32CubeIDE_1.5.0/STM32CubeIDE/plugins/com.st.stm32cube.ide.mcu.externaltools.gnu-tools-for-stm32.12.3.rel1.win32_1.0.200.202406191623/tools/bin/../lib/gcc/arm-none-eabi/12.3.1/thumb/v7e-m+dp/hard/crtn.o
OUTPUT(beer_slinger.elf elf32-littlearm)
LOAD linker stubs
LOAD C:/ST/STM32CubeIDE_1.5.0/STM32CubeIDE/plugins/com.st.stm32cube.ide.mcu.externaltools.gnu-tools-for-stm32.12.3.rel1.win32_1.0.200.202406191623/tools/bin/../lib/gcc/arm-none-eabi/12.3.1/../../../../arm-none-eabi/lib/thumb/v7e-m+dp/hard\libc.a
LOAD C:/ST/STM32CubeIDE_1.5.0/STM32CubeIDE/plugins/com.st.stm32cube.ide.mcu.externaltools.gnu-tools-for-stm32.12.3.rel1.win32_1.0.200.202406191623/tools/bin/../lib/gcc/arm-none-eabi/12.3.1/../../../../arm-none-eabi/lib/thumb/v7e-m+dp/hard\libm.a
LOAD C:/ST/STM32CubeIDE_1.5.0/STM32CubeIDE/plugins/com.st.stm32cube.ide.mcu.externaltools.gnu-tools-for-stm32.12.3.rel1.win32_1.0.200.202406191623/tools/bin/../lib/gcc/arm-none-eabi/12.3.1/thumb/v7e-m+dp/hard\libgcc.a

.comment        0x00000000       0x43
 .comment       0x00000000       0x43 ./Core/Src/audio.o
                                 0x44 (size before relaxing)
 .comment       0x00000043       0x44 ./Core/Src/buttons.o
 .comment       0x00000043       0x44 ./Core/Src/flash.o
 .comment       0x00000043       0x44 ./Core/Src/lcd.o
 .comment       0x00000043       0x44 ./Core/Src/main.o
 .comment       0x00000043       0x44 ./Core/Src/stm32h7xx_hal_msp.o
 .comment       0x00000043       0x44 ./Core/Src/stm32h7xx_it.o
 .comment       0x00000043       0x44 ./Core/Src/system_stm32h7xx.o
 .comment       0x00000043       0x44 ./Drivers/STM32H7xx_HAL_Driver/Src/stm32h7xx_hal.o
 .comment       0x00000043       0x44 ./Drivers/STM32H7xx_HAL_Driver/Src/stm32h7xx_hal_cortex.o
 .comment       0x00000043       0x44 ./Drivers/STM32H7xx_HAL_Driver/Src/stm32h7xx_hal_dma.o
 .comment       0x00000043       0x44 ./Drivers/STM32H7xx_HAL_Driver/Src/stm32h7xx_hal_gpio.o
 .comment       0x00000043       0x44 ./Drivers/STM32H7xx_HAL_Driver/Src/stm32h7xx_hal_ltdc.o
 .comment       0x00000043       0x44 ./Drivers/STM32H7xx_HAL_Driver/Src/stm32h7xx_hal_mdma.o
 .comment       0x00000043       0x44 ./Drivers/STM32H7xx_HAL_Driver/Src/stm32h7xx_hal_ospi.o
 .comment       0x00000043       0x44 ./Drivers/STM32H7xx_HAL_Driver/Src/stm32h7xx_hal_pwr.o
 .comment       0x00000043       0x44 ./Drivers/STM32H7xx_HAL_Driver/Src/stm32h7xx_hal_pwr_ex.o
 .comment       0x00000043       0x44 ./Drivers/STM32H7xx_HAL_Driver/Src/stm32h7xx_hal_rcc.o
 .comment       0x00000043       0x44 ./Drivers/STM32H7xx_HAL_Driver/Src/stm32h7xx_hal_rcc_ex.o
 .comment       0x00000043       0x44 ./Drivers/STM32H7xx_HAL_Driver/Src/stm32h7xx_hal_rng.o
 .comment       0x00000043       0x44 ./Drivers/STM32H7xx_HAL_Driver/Src/stm32h7xx_hal_sai.o
 .comment       0x00000043       0x44 ./Drivers/STM32H7xx_HAL_Driver/Src/stm32h7xx_hal_spi.o

.debug_frame    0x00000000       0x4c
 .debug_frame   0x00000000       0x20 C:/ST/STM32CubeIDE_1.5.0/STM32CubeIDE/plugins/com.st.stm32cube.ide.mcu.externaltools.gnu-tools-for-stm32.12.3.rel1.win32_1.0.200.202406191623/tools/bin/../lib/gcc/arm-none-eabi/12.3.1/../../../../arm-none-eabi/lib/thumb/v7e-m+dp/hard\libc_nano.a(libc_a-memset.o)
 .debug_frame   0x00000020       0x2c C:/ST/STM32CubeIDE_1.5.0/STM32CubeIDE/plugins/com.st.stm32cube.ide.mcu.externaltools.gnu-tools-for-stm32.12.3.rel1.win32_1.0.200.202406191623/tools/bin/../lib/gcc/arm-none-eabi/12.3.1/../../../../arm-none-eabi/lib/thumb/v7e-m+dp/hard\libc_nano.a(libc_a-init.o)
