Archive member included to satisfy reference by file (symbol)

C:/ST/STM32CubeIDE_1.5.0/STM32CubeIDE/plugins/com.st.stm32cube.ide.mcu.externaltools.gnu-tools-for-stm32.12.3.rel1.win32_1.0.200.202406191623/tools/bin/../lib/gcc/arm-none-eabi/12.3.1/../../../../arm-none-eabi/lib/thumb/v7e-m+dp/hard\libc_nano.a(libc_a-exit.o)
                              C:/ST/STM32CubeIDE_1.5.0/STM32CubeIDE/plugins/com.st.stm32cube.ide.mcu.externaltools.gnu-tools-for-stm32.12.3.rel1.win32_1.0.200.202406191623/tools/bin/../lib/gcc/arm-none-eabi/12.3.1/../../../../arm-none-eabi/lib/thumb/v7e-m+dp/hard/crt0.o (exit)
C:/ST/STM32CubeIDE_1.5.0/STM32CubeIDE/plugins/com.st.stm32cube.ide.mcu.externaltools.gnu-tools-for-stm32.12.3.rel1.win32_1.0.200.202406191623/tools/bin/../lib/gcc/arm-none-eabi/12.3.1/../../../../arm-none-eabi/lib/thumb/v7e-m+dp/hard\libc_nano.a(libc_a-findfp.o)
                              C:/ST/STM32CubeIDE_1.5.0/STM32CubeIDE/plugins/com.st.stm32cube.ide.mcu.externaltools.gnu-tools-for-stm32.12.3.rel1.win32_1.0.200.202406191623/tools/bin/../lib/gcc/arm-none-eabi/12.3.1/../../../../arm-none-eabi/lib/thumb/v7e-m+dp/hard\libc_nano.a(libc_a-exit.o) (__stdio_exit_handler)
C:/ST/STM32CubeIDE_1.5.0/STM32CubeIDE/plugins/com.st.stm32cube.ide.mcu.externaltools.gnu-tools-for-stm32.12.3.rel1.win32_1.0.200.202406191623/tools/bin/../lib/gcc/arm-none-eabi/12.3.1/../../../../arm-none-eabi/lib/thumb/v7e-m+dp/hard\libc_nano.a(libc_a-fwalk.o)
                              C:/ST/STM32CubeIDE_1.5.0/STM32CubeIDE/plugins/com.st.stm32cube.ide.mcu.externaltools.gnu-tools-for-stm32.12.3.rel1.win32_1.0.200.202406191623/tools/bin/../lib/gcc/arm-none-eabi/12.3.1/../../../../arm-none-eabi/lib/thumb/v7e-m+dp/hard\libc_nano.a(libc_a-findfp.o) (_fwalk_sglue)
C:/ST/STM32CubeIDE_1.5.0/STM32CubeIDE/plugins/com.st.stm32cube.ide.mcu.externaltools.gnu-tools-for-stm32.12.3.rel1.win32_1.0.200.202406191623/tools/bin/../lib/gcc/arm-none-eabi/12.3.1/../../../../arm-none-eabi/lib/thumb/v7e-m+dp/hard\libc_nano.a(libc_a-stdio.o)
                              C:/ST/STM32CubeIDE_1.5.0/STM32CubeIDE/plugins/com.st.stm32cube.ide.mcu.externaltools.gnu-tools-for-stm32.12.3.rel1.win32_1.0.200.202406191623/tools/bin/../lib/gcc/arm-none-eabi/12.3.1/../../../../arm-none-eabi/lib/thumb/v7e-m+dp/hard\libc_nano.a(libc_a-findfp.o) (__sread)
C:/ST/STM32CubeIDE_1.5.0/STM32CubeIDE/plugins/com.st.stm32cube.ide.mcu.externaltools.gnu-tools-for-stm32.12.3.rel1.win32_1.0.200.202406191623/tools/bin/../lib/gcc/arm-none-eabi/12.3.1/../../../../arm-none-eabi/lib/thumb/v7e-m+dp/hard\libc_nano.a(libc_a-memset.o)
                              C:/ST/STM32CubeIDE_1.5.0/STM32CubeIDE/plugins/com.st.stm32cube.ide.mcu.externaltools.gnu-tools-for-stm32.12.3.rel1.win32_1.0.200.202406191623/tools/bin/../lib/gcc/arm-none-eabi/12.3.1/../../../../arm-none-eabi/lib/thumb/v7e-m+dp/hard/crt0.o (memset)
C:/ST/STM32CubeIDE_1.5.0/STM32CubeIDE/plugins/com.st.stm32cube.ide.mcu.externaltools.gnu-tools-for-stm32.12.3.rel1.win32_1.0.200.202406191623/tools/bin/../lib/gcc/arm-none-eabi/12.3.1/../../../../arm-none-eabi/lib/thumb/v7e-m+dp/hard\libc_nano.a(libc_a-closer.o)
                              C:/ST/STM32CubeIDE_1.5.0/STM32CubeIDE/plugins/com.st.stm32cube.ide.mcu.externaltools.gnu-tools-for-stm32.12.3.rel1.win32_1.0.200.202406191623/tools/bin/../lib/gcc/arm-none-eabi/12.3.1/../../../../arm-none-eabi/lib/thumb/v7e-m+dp/hard\libc_nano.a(libc_a-stdio.o) (_close_r)
C:/ST/STM32CubeIDE_1.5.0/STM32CubeIDE/plugins/com.st.stm32cube.ide.mcu.externaltools.gnu-tools-for-stm32.12.3.rel1.win32_1.0.200.202406191623/tools/bin/../lib/gcc/arm-none-eabi/12.3.1/../../../../arm-none-eabi/lib/thumb/v7e-m+dp/hard\libc_nano.a(libc_a-reent.o)
                              C:/ST/STM32CubeIDE_1.5.0/STM32CubeIDE/plugins/com.st.stm32cube.ide.mcu.externaltools.gnu-tools-for-stm32.12.3.rel1.win32_1.0.200.202406191623/tools/bin/../lib/gcc/arm-none-eabi/12.3.1/../../../../arm-none-eabi/lib/thumb/v7e-m+dp/hard\libc_nano.a(libc_a-closer.o) (errno)
C:/ST/STM32CubeIDE_1.5.0/STM32CubeIDE/plugins/com.st.stm32cube.ide.mcu.externaltools.gnu-tools-for-stm32.12.3.rel1.win32_1.0.200.202406191623/tools/bin/../lib/gcc/arm-none-eabi/12.3.1/../../../../arm-none-eabi/lib/thumb/v7e-m+dp/hard\libc_nano.a(libc_a-impure.o)
                              C:/ST/STM32CubeIDE_1.5.0/STM32CubeIDE/plugins/com.st.stm32cube.ide.mcu.externaltools.gnu-tools-for-stm32.12.3.rel1.win32_1.0.200.202406191623/tools/bin/../lib/gcc/arm-none-eabi/12.3.1/../../../../arm-none-eabi/lib/thumb/v7e-m+dp/hard\libc_nano.a(libc_a-reent.o) (_impure_ptr)
C:/ST/STM32CubeIDE_1.5.0/STM32CubeIDE/plugins/com.st.stm32cube.ide.mcu.externaltools.gnu-tools-for-stm32.12.3.rel1.win32_1.0.200.202406191623/tools/bin/../lib/gcc/arm-none-eabi/12.3.1/../../../../arm-none-eabi/lib/thumb/v7e-m+dp/hard\libc_nano.a(libc_a-lseekr.o)
[...]
Memory Configuration

Name             Origin             Length             Attributes
ITCMRAM          0x00000000         0x00010000         xrw
DTCMRAM          0x20000000         0x00020000         xrw
RAM              0x24000000         0x00100000         xrw
FLASH            0x08000000         0x00020000         xr
EXTFLASH         0x90000000         0x00100000         xr
*default*        0x00000000         0xffffffff

Linker script and memory map

LOAD C:/ST/STM32CubeIDE_1.5.0/STM32CubeIDE/plugins/com.st.stm32cube.ide.mcu.externaltools.gnu-tools-for-stm32.12.3.rel1.win32_1.0.200.202406191623/tools/bin/../lib/gcc/arm-none-eabi/12.3.1/thumb/v7e-m+dp/hard/crti.o
LOAD C:/ST/STM32CubeIDE_1.5.0/STM32CubeIDE/plugins/com.st.stm32cube.ide.mcu.externaltools.gnu-tools-for-stm32.12.3.rel1.win32_1.0.200.202406191623/tools/bin/../lib/gcc/arm-none-eabi/12.3.1/thumb/v7e-m+dp/hard/crtbegin.o
LOAD C:/ST/STM32CubeIDE_1.5.0/STM32CubeIDE/plugins/com.st.stm32cube.ide.mcu.externaltools.gnu-tools-for-stm32.12.3.rel1.win32_1.0.200.202406191623/tools/bin/../lib/gcc/arm-none-eabi/12.3.1/../../../../arm-none-eabi/lib/thumb/v7e-m+dp/hard/crt0.o
LOAD ./Core/Src/buttons.o
LOAD ./Core/Src/flash.o
LOAD ./Core/Src/lcd.o
LOAD ./Core/Src/main.o
LOAD ./Core/Src/stm32h7xx_hal_msp.o
LOAD ./Core/Src/stm32h7xx_it.o
LOAD ./Core/Src/syscalls.o
LOAD ./Core/Src/sysmem.o
LOAD ./Core/Src/system_stm32h7xx.o
LOAD ./Core/Startup/startup_stm32h7b0vbtx.o
LOAD ./Drivers/STM32H7xx_HAL_Driver/Src/stm32h7xx_hal.o
LOAD ./Drivers/STM32H7xx_HAL_Driver/Src/stm32h7xx_hal_cortex.o
LOAD ./Drivers/STM32H7xx_HAL_Driver/Src/stm32h7xx_hal_dma.o
LOAD ./Drivers/STM32H7xx_HAL_Driver/Src/stm32h7xx_hal_dma_ex.o
LOAD ./Drivers/STM32H7xx_HAL_Driver/Src/stm32h7xx_hal_exti.o
LOAD ./Drivers/STM32H7xx_HAL_Driver/Src/stm32h7xx_hal_flash.o
LOAD ./Drivers/STM32H7xx_HAL_Driver/Src/stm32h7xx_hal_flash_ex.o
LOAD ./Drivers/STM32H7xx_HAL_Driver/Src/stm32h7xx_hal_gpio.o
LOAD ./Drivers/STM32H7xx_HAL_Driver/Src/stm32h7xx_hal_hsem.o
LOAD ./Drivers/STM32H7xx_HAL_Driver/Src/stm32h7xx_hal_i2c.o
LOAD ./Drivers/STM32H7xx_HAL_Driver/Src/stm32h7xx_hal_i2c_ex.o
LOAD ./Drivers/STM32H7xx_HAL_Driver/Src/stm32h7xx_hal_ltdc.o
LOAD ./Drivers/STM32H7xx_HAL_Driver/Src/stm32h7xx_hal_ltdc_ex.o
LOAD ./Drivers/STM32H7xx_HAL_Driver/Src/stm32h7xx_hal_mdma.o
LOAD ./Drivers/STM32H7xx_HAL_Driver/Src/stm32h7xx_hal_ospi.o
LOAD ./Drivers/STM32H7xx_HAL_Driver/Src/stm32h7xx_hal_pwr.o
LOAD ./Drivers/STM32H7xx_HAL_Driver/Src/stm32h7xx_hal_pwr_ex.o
LOAD ./Drivers/STM32H7xx_HAL_Driver/Src/stm32h7xx_hal_rcc.o
LOAD ./Drivers/STM32H7xx_HAL_Driver/Src/stm32h7xx_hal_rcc_ex.o
LOAD ./Drivers/STM32H7xx_HAL_Driver/Src/stm32h7xx_hal_rng.o
LOAD ./Drivers/STM32H7xx_HAL_Driver/Src/stm32h7xx_hal_rng_ex.o
LOAD ./Drivers/STM32H7xx_HAL_Driver/Src/stm32h7xx_hal_sai.o
LOAD ./Drivers/STM32H7xx_HAL_Driver/Src/stm32h7xx_hal_sai_ex.o
LOAD ./Drivers/STM32H7xx_HAL_Driver/Src/stm32h7xx_hal_spi.o
LOAD ./Drivers/STM32H7xx_HAL_Driver/Src/stm32h7xx_hal_spi_ex.o
LOAD ./Drivers/STM32H7xx_HAL_Driver/Src/stm32h7xx_hal_tim.o
LOAD ./Drivers/STM32H7xx_HAL_Driver/Src/stm32h7xx_hal_tim_ex.o
START GROUP
LOAD C:/ST/STM32CubeIDE_1.5.0/STM32CubeIDE/plugins/com.st.stm32cube.ide.mcu.externaltools.gnu-tools-for-stm32.12.3.rel1.win32_1.0.200.202406191623/tools/bin/../lib/gcc/arm-none-eabi/12.3.1/../../../../arm-none-eabi/lib/thumb/v7e-m+dp/hard\libc_nano.a
LOAD C:/ST/STM32CubeIDE_1.5.0/STM32CubeIDE/plugins/com.st.stm32cube.ide.mcu.externaltools.gnu-tools-for-stm32.12.3.rel1.win32_1.0.200.202406191623/tools/bin/../lib/gcc/arm-none-eabi/12.3.1/../../../../arm-none-eabi/lib/thumb/v7e-m+dp/hard\libm.a
END GROUP
START GROUP
LOAD C:/ST/STM32CubeIDE_1.5.0/STM32CubeIDE/plugins/com.st.stm32cube.ide.mcu.externaltools.gnu-tools-for-stm32.12.3.rel1.win32_1.0.200.202406191623/tools/bin/../lib/gcc/arm-none-eabi/12.3.1/thumb/v7e-m+dp/hard\libgcc.a
LOAD C:/ST/STM32CubeIDE_1.5.0/STM32CubeIDE/plugins/com.st.stm32cube.ide.mcu.externaltools.gnu-tools-for-stm32.12.3.rel1.win32_1.0.200.202406191623/tools/bin/../lib/gcc/arm-none-eabi/12.3.1/../../../../arm-none-eabi/lib/thumb/v7e-m+dp/hard\libc_nano.a
END GROUP
START GROUP
LOAD C:/ST/STM32CubeIDE_1.5.0/STM32CubeIDE/plugins/com.st.stm32cube.ide.mcu.externaltools.gnu-tools-for-stm32.12.3.rel1.win32_1.0.200.202406191623/tools/bin/../lib/gcc/arm-none-eabi/12.3.1/thumb/v7e-m+dp/hard\libgcc.a
LOAD C:/ST/STM32CubeIDE_1.5.0/STM32CubeIDE/plugins/com.st.stm32cube.ide.mcu.externaltools.gnu-tools-for-stm32.12.3.rel1.win32_1.0.200.202406191623/tools/bin/../lib/gcc/arm-none-eabi/12.3.1/../../../../arm-none-eabi/lib/thumb/v7e-m+dp/hard\libc_nano.a
LOAD C:/ST/STM32CubeIDE_1.5.0/STM32CubeIDE/plugins/com.st.stm32cube.ide.mcu.externaltools.gnu-tools-for-stm32.12.3.rel1.win32_1.0.200.202406191623/tools/bin/../lib/gcc/arm-none-eabi/12.3.1/../../../../arm-none-eabi/lib/thumb/v7e-m+dp/hard\libnosys.a
END GROUP
START GROUP
LOAD C:/ST/STM32CubeIDE_1.5.0/STM32CubeIDE/plugins/com.st.stm32cube.ide.mcu.externaltools.gnu-tools-for-stm32.12.3.rel1.win32_1.0.200.202406191623/tools/bin/../lib/gcc/arm-none-eabi/12.3.1/thumb/v7e-m+dp/hard\libgcc.a
LOAD C:/ST/STM32CubeIDE_1.5.0/STM32CubeIDE/plugins/com.st.stm32cube.ide.mcu.externaltools.gnu-tools-for-stm32.12.3.rel1.win32_1.0.200.202406191623/tools/bin/../lib/gcc/arm-none-eabi/12.3.1/../../../../arm-none-eabi/lib/thumb/v7e-m+dp/hard\libc_nano.a
LOAD C:/ST/STM32CubeIDE_1.5.0/STM32CubeIDE/plugins/com.st.stm32cube.ide.mcu.externaltools.gnu-tools-for-stm32.12.3.rel1.win32_1.0.200.202406191623/tools/bin/../lib/gcc/arm-none-eabi/12.3.1/../../../../arm-none-eabi/lib/thumb/v7e-m+dp/hard\libnosys.a
END GROUP
LOAD C:/ST/STM32CubeIDE_1.5.0/STM32CubeIDE/plugins/com.st.stm32cube.ide.mcu.externaltools.gnu-tools-for-stm32.12.3.rel1.win32_1.0.200.202406191623/tools/bin/../lib/gcc/arm-none-eabi/12.3.1/thumb/v7e-m+dp/hard/crtend.o
LOAD C:/ST/STM32CubeIDE_1.5.0/STM32CubeIDE/plugins/com.st.stm32cube.ide.mcu.externaltools.gnu-tools-for-stm32.12.3.rel1.win32_1.0.200.202406191623/tools/bin/../lib/gcc/arm-none-eabi/12.3.1/thumb/v7e-m+dp/hard/crtn.o
                0x20020000                        _estack = 0x20020000
                0x00000200                        _Min_Heap_Size = 0x200
                0x00000400                        _Min_Stack_Size = 0x400

.lcd            0x24000000    0xad700
                0x24000000                        . = ALIGN (0x4)
 *(.lcd)
 .lcd           0x24000000    0x96000 ./Core/Src/lcd.o
                0x24000000                framebufferSEG1
                0x24025800                framebufferSEG0
                0x2404b000                framebufferBG
 *(.audio)
 .audio         0x24096000    0x17700 ./Core/Src/main.o
                0x24096000                audiobuffer
                0x240ad700                        . = ALIGN (0x4)

._extflash      0x90000000        0x0
                0x90000000                        . = ALIGN (0x4)
                0x90000000                        _extflash = .

.isr_vector     0x08000000      0x2ac
                0x08000000                        . = ALIGN (0x4)
 *(.isr_vector)
 .isr_vector    0x08000000      0x2ac ./Core/Startup/startup_stm32h7b0vbtx.o
                0x08000000                g_pfnVectors
                0x080002ac                        . = ALIGN (0x4)

.text           0x080002ac     0x67b0
                0x080002ac                        . = ALIGN (0x4)
 *(.text)
 .text          0x080002ac       0x40 C:/ST/STM32CubeIDE_1.5.0/STM32CubeIDE/plugins/com.st.stm32cube.ide.mcu.externaltools.gnu-tools-for-stm32.12.3.rel1.win32_1.0.200.202406191623/tools/bin/../lib/gcc/arm-none-eabi/12.3.1/thumb/v7e-m+dp/hard/crtbegin.o
 *(.text*)
 .text.buttons_get
                0x080002ec       0xf0 ./Core/Src/buttons.o
                0x080002ec                buttons_get
 .text.flash_memory_map
                0x080003dc       0xbe ./Core/Src/flash.o
                0x080003dc                flash_memory_map
 *fill*         0x0800049a        0x2 
 .text.lcd_backlight_off
                0x0800049c       0x2c ./Core/Src/lcd.o
                0x0800049c                lcd_backlight_off
 .text.lcd_backlight_on
                0x080004c8       0x2c ./Core/Src/lcd.o
                0x080004c8                lcd_backlight_on
 .text.bufferSwap
                0x080004f4       0x18 ./Core/Src/lcd.o
                0x080004f4                bufferSwap
 .text.lcd_init
                0x0800050c      0x2d8 ./Core/Src/lcd.o
                0x0800050c                lcd_init
 .text.lcd_deinit
                0x080007e4       0x20 ./Core/Src/lcd.o
                0x080007e4                lcd_deinit
 .text.fillRLE  0x08000804       0xe0 ./Core/Src/main.o
                0x08000804                fillRLE
 .text.fillRLEshadow
                0x080008e4       0x5a ./Core/Src/main.o
                0x080008e4                fillRLEshadow
 *fill*         0x0800093e        0x2 
 .text.fillSegment
                0x08000940       0xe4 ./Core/Src/main.o
                0x08000940                fillSegment
 .text.drawRect
                0x08000a24       0x78 ./Core/Src/main.o
                0x08000a24                drawRect
 .text.decimal  0x08000a9c       0x78 ./Core/Src/main.o
                0x08000a9c                decimal
 .text.gameReset
                0x08000b14       0x2c ./Core/Src/main.o
                0x08000b14                gameReset
 .text.stageStart
                0x08000b40       0xc0 ./Core/Src/main.o
                0x08000b40                stageStart
 .text.gameStart
                0x08000c00       0x3c ./Core/Src/main.o
                0x08000c00                gameStart
 .text.gameEnd  0x08000c3c       0x2c ./Core/Src/main.o
                0x08000c3c                gameEnd
 .text.loseLife
                0x08000c68       0x18 ./Core/Src/main.o
                0x08000c68                loseLife
 .text.spawnPatron
                0x08000c80       0x3c ./Core/Src/main.o
                0x08000c80                spawnPatron
 .text.spawnMug
                0x08000cbc       0x3c ./Core/Src/main.o
                0x08000cbc                spawnMug
 .text.drawBarkeep
                0x08000cf8      0x3dc ./Core/Src/main.o
                0x08000cf8                drawBarkeep
 .text.drawMugs
                0x080010d4       0xf4 ./Core/Src/main.o
                0x080010d4                drawMugs
 .text.drawTips
                0x080011c8       0x48 ./Core/Src/main.o
                0x080011c8                drawTips
 .text.checkCollisions
                0x08001210       0xc8 ./Core/Src/main.o
                0x08001210                checkCollisions
 .text.drawPatrons
                0x080012d8      0x178 ./Core/Src/main.o
                0x080012d8                drawPatrons
 .text.drawGirls
                0x08001450       0x58 ./Core/Src/main.o
                0x08001450                drawGirls
 .text.activeGameLoop
                0x080014a8       0xb8 ./Core/Src/main.o
                0x080014a8                activeGameLoop
 .text.Error_Handler
                0x08001560       0x1c ./Core/Src/main.o
                0x08001560                Error_Handler
 .text.SystemClock_Config
                0x0800157c      0x110 ./Core/Src/main.o
                0x0800157c                SystemClock_Config
 .text.GW_EnterDeepSleep
                0x0800168c       0x30 ./Core/Src/main.o
                0x0800168c                GW_EnterDeepSleep
 .text.gameResetControls
                0x080016bc      0x19c ./Core/Src/main.o
                0x080016bc                gameResetControls
 .text.mainGameLoop
                0x08001858      0x178 ./Core/Src/main.o
                0x08001858                mainGameLoop
 .text.startup.main
                0x080019d0      0x554 ./Core/Src/main.o
                0x080019d0                main
 .text.HAL_MspInit
                0x08001f24       0x24 ./Core/Src/stm32h7xx_hal_msp.o
                0x08001f24                HAL_MspInit
 .text.HAL_LTDC_MspInit
                0x08001f48      0x1cc ./Core/Src/stm32h7xx_hal_msp.o
                0x08001f48                HAL_LTDC_MspInit
 .text.HAL_OSPI_MspInit
                0x08002114      0x154 ./Core/Src/stm32h7xx_hal_msp.o
                0x08002114                HAL_OSPI_MspInit
 .text.HAL_RNG_MspInit
                0x08002268       0x30 ./Core/Src/stm32h7xx_hal_msp.o
                0x08002268                HAL_RNG_MspInit
 .text.HAL_SPI_MspInit
                0x08002298       0x70 ./Core/Src/stm32h7xx_hal_msp.o
                0x08002298                HAL_SPI_MspInit
 .text.HAL_SAI_MspInit
                0x08002308       0xbc ./Core/Src/stm32h7xx_hal_msp.o
                0x08002308                HAL_SAI_MspInit
 .text.NMI_Handler
                0x080023c4        0x2 ./Core/Src/stm32h7xx_it.o
                0x080023c4                NMI_Handler
 .text.HardFault_Handler
                0x080023c6        0x2 ./Core/Src/stm32h7xx_it.o
                0x080023c6                HardFault_Handler
 .text.MemManage_Handler
                0x080023c8        0x2 ./Core/Src/stm32h7xx_it.o
                0x080023c8                MemManage_Handler
 .text.BusFault_Handler
                0x080023ca        0x2 ./Core/Src/stm32h7xx_it.o
                0x080023ca                BusFault_Handler
 .text.UsageFault_Handler
                0x080023cc        0x2 ./Core/Src/stm32h7xx_it.o
                0x080023cc                UsageFault_Handler
 .text.SVC_Handler
                0x080023ce        0x2 ./Core/Src/stm32h7xx_it.o
                0x080023ce                SVC_Handler
 .text.DebugMon_Handler
                0x080023d0        0x2 ./Core/Src/stm32h7xx_it.o
                0x080023d0                DebugMon_Handler
 .text.PendSV_Handler
                0x080023d2        0x2 ./Core/Src/stm32h7xx_it.o
                0x080023d2                PendSV_Handler
 .text.SysTick_Handler
                0x080023d4        0x4 ./Core/Src/stm32h7xx_it.o
                0x080023d4                SysTick_Handler
 .text.DMA1_Stream0_IRQHandler
                0x080023d8        0xc ./Core/Src/stm32h7xx_it.o
                0x080023d8                DMA1_Stream0_IRQHandler
 .text.SAI1_IRQHandler
                0x080023e4        0xc ./Core/Src/stm32h7xx_it.o
                0x080023e4                SAI1_IRQHandler
 .text.OCTOSPI1_IRQHandler
                0x080023f0        0xc ./Core/Src/stm32h7xx_it.o
                0x080023f0                OCTOSPI1_IRQHandler
 .text.SystemInit
                0x080023fc       0xac ./Core/Src/system_stm32h7xx.o
                0x080023fc                SystemInit
 .text.Reset_Handler
                0x080024a8       0x50 ./Core/Startup/startup_stm32h7b0vbtx.o
                0x080024a8                Reset_Handler
 .text.Default_Handler
                0x080024f8        0x2 ./Core/Startup/startup_stm32h7b0vbtx.o
                0x080024f8                RTC_Alarm_IRQHandler
                0x080024f8                HASH_RNG_IRQHandler
                0x080024f8                EXTI2_IRQHandler
                0x080024f8                TIM8_CC_IRQHandler
                0x080024f8                UART8_IRQHandler
                0x080024f8                BDMA2_Channel1_IRQHandler
                0x080024f8                SPI4_IRQHandler
                0x080024f8                BDMA2_Channel0_IRQHandler
                0x080024f8                TIM1_CC_IRQHandler
                0x080024f8                DMA2_Stream5_IRQHandler
                0x080024f8                JPEG_IRQHandler
                0x080024f8                DMA1_Stream5_IRQHandler
                0x080024f8                EXTI3_IRQHandler
                0x080024f8                LPTIM4_IRQHandler
                0x080024f8                TIM8_TRG_COM_TIM14_IRQHandler
                0x080024f8                LPTIM2_IRQHandler
                0x080024f8                DFSDM1_FLT1_IRQHandler
                0x080024f8                DMAMUX2_OVR_IRQHandler
                0x080024f8                GFXMMU_IRQHandler
                0x080024f8                TIM8_UP_TIM13_IRQHandler
                0x080024f8                I2C3_ER_IRQHandler
                0x080024f8                DFSDM1_FLT2_IRQHandler
                0x080024f8                USART10_IRQHandler
                0x080024f8                MDMA_IRQHandler
                0x080024f8                LPTIM3_IRQHandler
                0x080024f8                BDMA2_Channel3_IRQHandler
                0x080024f8                HSEM1_IRQHandler
                0x080024f8                EXTI0_IRQHandler
                0x080024f8                I2C2_EV_IRQHandler
                0x080024f8                DAC2_IRQHandler
                0x080024f8                DMA1_Stream2_IRQHandler
                0x080024f8                FPU_IRQHandler
                0x080024f8                OTG_HS_WKUP_IRQHandler
                0x080024f8                FDCAN1_IT1_IRQHandler
                0x080024f8                LTDC_ER_IRQHandler
                0x080024f8                DMA2_Stream2_IRQHandler
                0x080024f8                SPI1_IRQHandler
                0x080024f8                TIM6_DAC_IRQHandler
                0x080024f8                BDMA2_Channel6_IRQHandler
                0x080024f8                DMA2_Stream3_IRQHandler
                0x080024f8                OCTOSPI2_IRQHandler
                0x080024f8                SAI2_IRQHandler
                0x080024f8                BDMA1_IRQHandler
                0x080024f8                DFSDM1_FLT3_IRQHandler
                0x080024f8                USART6_IRQHandler
                0x080024f8                TIM17_IRQHandler
                0x080024f8                USART3_IRQHandler
                0x080024f8                CRYP_IRQHandler
                0x080024f8                LPTIM5_IRQHandler
                0x080024f8                UART5_IRQHandler
                0x080024f8                DMA2_Stream0_IRQHandler
                0x080024f8                TIM4_IRQHandler
                0x080024f8                I2C1_EV_IRQHandler
                0x080024f8                DMA1_Stream6_IRQHandler
                0x080024f8                DMAMUX1_OVR_IRQHandler
                0x080024f8                DMA1_Stream1_IRQHandler
                0x080024f8                TIM16_IRQHandler
                0x080024f8                UART4_IRQHandler
                0x080024f8                TIM3_IRQHandler
                0x080024f8                RCC_IRQHandler
                0x080024f8                UART9_IRQHandler
                0x080024f8                TIM8_BRK_TIM12_IRQHandler
                0x080024f8                TIM1_TRG_COM_IRQHandler
                0x080024f8                Default_Handler
                0x080024f8                ECC_IRQHandler
                0x080024f8                BDMA2_Channel2_IRQHandler
                0x080024f8                CEC_IRQHandler
                0x080024f8                EXTI15_10_IRQHandler
                0x080024f8                DFSDM1_FLT4_IRQHandler
                0x080024f8                ADC_IRQHandler
                0x080024f8                OTFDEC1_IRQHandler
                0x080024f8                DMA1_Stream7_IRQHandler
                0x080024f8                SPI5_IRQHandler
                0x080024f8                TIM7_IRQHandler
                0x080024f8                SDMMC1_IRQHandler
                0x080024f8                TIM5_IRQHandler
                0x080024f8                DMA2_Stream7_IRQHandler
                0x080024f8                TIM15_IRQHandler
                0x080024f8                I2C3_EV_IRQHandler
                0x080024f8                DFSDM2_IRQHandler
                0x080024f8                EXTI9_5_IRQHandler
                0x080024f8                RTC_WKUP_IRQHandler
                0x080024f8                LTDC_IRQHandler
                0x080024f8                SPDIF_RX_IRQHandler
                0x080024f8                PVD_PVM_IRQHandler
                0x080024f8                SPI2_IRQHandler
                0x080024f8                OTG_HS_EP1_IN_IRQHandler
                0x080024f8                DFSDM1_FLT5_IRQHandler
                0x080024f8                OTFDEC2_IRQHandler
                0x080024f8                CRS_IRQHandler
                0x080024f8                EXTI4_IRQHandler
                0x080024f8                DFSDM1_FLT6_IRQHandler
                0x080024f8                FDCAN2_IT1_IRQHandler
                0x080024f8                COMP_IRQHandler
                0x080024f8                TIM1_UP_IRQHandler
                0x080024f8                OTG_HS_EP1_OUT_IRQHandler
                0x080024f8                WWDG_IRQHandler
                0x080024f8                SPI6_IRQHandler
                0x080024f8                MDIOS_IRQHandler
                0x080024f8                I2C4_EV_IRQHandler
                0x080024f8                FDCAN2_IT0_IRQHandler
                0x080024f8                LPUART1_IRQHandler
                0x080024f8                FDCAN1_IT0_IRQHandler
                0x080024f8                TIM2_IRQHandler
                0x080024f8                BDMA2_Channel5_IRQHandler
                0x080024f8                OTG_HS_IRQHandler
                0x080024f8                DMA2D_IRQHandler
                0x080024f8                TIM1_BRK_IRQHandler
                0x080024f8                EXTI1_IRQHandler
                0x080024f8                SDMMC2_IRQHandler
                0x080024f8                DTS_IRQHandler
                0x080024f8                UART7_IRQHandler
                0x080024f8                MDIOS_WKUP_IRQHandler
                0x080024f8                USART2_IRQHandler
                0x080024f8                DFSDM1_FLT0_IRQHandler
                0x080024f8                I2C2_ER_IRQHandler
                0x080024f8                DMA2_Stream1_IRQHandler
                0x080024f8                DFSDM1_FLT7_IRQHandler
                0x080024f8                FLASH_IRQHandler
                0x080024f8                DMA2_Stream4_IRQHandler
                0x080024f8                USART1_IRQHandler
                0x080024f8                SPI3_IRQHandler
                0x080024f8                WAKEUP_PIN_IRQHandler
                0x080024f8                DMA1_Stream4_IRQHandler
                0x080024f8                I2C1_ER_IRQHandler
                0x080024f8                FMC_IRQHandler
                0x080024f8                BDMA2_Channel7_IRQHandler
                0x080024f8                FDCAN_CAL_IRQHandler
                0x080024f8                SWPMI1_IRQHandler
                0x080024f8                LPTIM1_IRQHandler
                0x080024f8                DCMI_PSSI_IRQHandler
                0x080024f8                I2C4_ER_IRQHandler
                0x080024f8                DMA2_Stream6_IRQHandler
                0x080024f8                DMA1_Stream3_IRQHandler
                0x080024f8                RTC_TAMP_STAMP_CSS_LSE_IRQHandler
                0x080024f8                BDMA2_Channel4_IRQHandler
 *fill*         0x080024fa        0x2 
 .text.HAL_InitTick
                0x080024fc       0x4c ./Drivers/STM32H7xx_HAL_Driver/Src/stm32h7xx_hal.o
                0x080024fc                HAL_InitTick
 .text.HAL_Init
                0x08002548       0x5c ./Drivers/STM32H7xx_HAL_Driver/Src/stm32h7xx_hal.o
                0x08002548                HAL_Init
 .text.HAL_IncTick
                0x080025a4       0x18 ./Drivers/STM32H7xx_HAL_Driver/Src/stm32h7xx_hal.o
                0x080025a4                HAL_IncTick
 .text.HAL_GetTick
                0x080025bc        0xc ./Drivers/STM32H7xx_HAL_Driver/Src/stm32h7xx_hal.o
                0x080025bc                HAL_GetTick
 .text.HAL_Delay
                0x080025c8       0x24 ./Drivers/STM32H7xx_HAL_Driver/Src/stm32h7xx_hal.o
                0x080025c8                HAL_Delay
 .text.HAL_NVIC_SetPriorityGrouping
                0x080025ec       0x24 ./Drivers/STM32H7xx_HAL_Driver/Src/stm32h7xx_hal_cortex.o
                0x080025ec                HAL_NVIC_SetPriorityGrouping
 .text.HAL_NVIC_SetPriority
                0x08002610       0x64 ./Drivers/STM32H7xx_HAL_Driver/Src/stm32h7xx_hal_cortex.o
                0x08002610                HAL_NVIC_SetPriority
 .text.HAL_NVIC_EnableIRQ
                0x08002674       0x1c ./Drivers/STM32H7xx_HAL_Driver/Src/stm32h7xx_hal_cortex.o
                0x08002674                HAL_NVIC_EnableIRQ
 .text.HAL_NVIC_SystemReset
                0x08002690       0x24 ./Drivers/STM32H7xx_HAL_Driver/Src/stm32h7xx_hal_cortex.o
                0x08002690                HAL_NVIC_SystemReset
 .text.HAL_SYSTICK_Config
                0x080026b4       0x28 ./Drivers/STM32H7xx_HAL_Driver/Src/stm32h7xx_hal_cortex.o
                0x080026b4                HAL_SYSTICK_Config
 .text.DMA_CalcBaseAndBitshift
                0x080026dc       0x9c ./Drivers/STM32H7xx_HAL_Driver/Src/stm32h7xx_hal_dma.o
 .text.DMA_CalcDMAMUXChannelBaseAndMask
                0x08002778       0x98 ./Drivers/STM32H7xx_HAL_Driver/Src/stm32h7xx_hal_dma.o
 .text.DMA_CalcDMAMUXRequestGenBaseAndMask
                0x08002810       0x70 ./Drivers/STM32H7xx_HAL_Driver/Src/stm32h7xx_hal_dma.o
 .text.HAL_DMA_Init
                0x08002880      0x3bc ./Drivers/STM32H7xx_HAL_Driver/Src/stm32h7xx_hal_dma.o
                0x08002880                HAL_DMA_Init
 .text.HAL_DMA_Abort
                0x08002c3c      0x358 ./Drivers/STM32H7xx_HAL_Driver/Src/stm32h7xx_hal_dma.o
                0x08002c3c                HAL_DMA_Abort
 .text.HAL_DMA_Abort_IT
                0x08002f94      0x120 ./Drivers/STM32H7xx_HAL_Driver/Src/stm32h7xx_hal_dma.o
                0x08002f94                HAL_DMA_Abort_IT
 .text.HAL_DMA_IRQHandler
                0x080030b4      0x594 ./Drivers/STM32H7xx_HAL_Driver/Src/stm32h7xx_hal_dma.o
                0x080030b4                HAL_DMA_IRQHandler
 .text.HAL_GPIO_Init
                0x08003648      0x1c4 ./Drivers/STM32H7xx_HAL_Driver/Src/stm32h7xx_hal_gpio.o
                0x08003648                HAL_GPIO_Init
 .text.HAL_GPIO_ReadPin
                0x0800380c        0xc ./Drivers/STM32H7xx_HAL_Driver/Src/stm32h7xx_hal_gpio.o
                0x0800380c                HAL_GPIO_ReadPin
 .text.HAL_GPIO_WritePin
                0x08003818        0xa ./Drivers/STM32H7xx_HAL_Driver/Src/stm32h7xx_hal_gpio.o
                0x08003818                HAL_GPIO_WritePin
 .text.LTDC_SetConfig
                0x08003822      0x10c ./Drivers/STM32H7xx_HAL_Driver/Src/stm32h7xx_hal_ltdc.o
 *fill*         0x0800392e        0x2 
 .text.HAL_LTDC_Init
                0x08003930       0xd8 ./Drivers/STM32H7xx_HAL_Driver/Src/stm32h7xx_hal_ltdc.o
                0x08003930                HAL_LTDC_Init
 .text.HAL_LTDC_ConfigLayer
                0x08003a08       0x5a ./Drivers/STM32H7xx_HAL_Driver/Src/stm32h7xx_hal_ltdc.o
                0x08003a08                HAL_LTDC_ConfigLayer
 .text.HAL_LTDC_SetAddress
                0x08003a62       0x40 ./Drivers/STM32H7xx_HAL_Driver/Src/stm32h7xx_hal_ltdc.o
                0x08003a62                HAL_LTDC_SetAddress
 .text.HAL_MDMA_Abort_IT
                0x08003aa2       0x26 ./Drivers/STM32H7xx_HAL_Driver/Src/stm32h7xx_hal_mdma.o
                0x08003aa2                HAL_MDMA_Abort_IT
 .text.OSPI_ConfigCmd
                0x08003ac8      0x1c8 ./Drivers/STM32H7xx_HAL_Driver/Src/stm32h7xx_hal_ospi.o
 .text.OSPI_WaitFlagStateUntilTimeout
                0x08003c90       0x4e ./Drivers/STM32H7xx_HAL_Driver/Src/stm32h7xx_hal_ospi.o
 *fill*         0x08003cde        0x2 
 .text.HAL_OSPI_Init
                0x08003ce0       0xf0 ./Drivers/STM32H7xx_HAL_Driver/Src/stm32h7xx_hal_ospi.o
                0x08003ce0                HAL_OSPI_Init
 .text.HAL_OSPI_Command
                0x08003dd0       0x9e ./Drivers/STM32H7xx_HAL_Driver/Src/stm32h7xx_hal_ospi.o
                0x08003dd0                HAL_OSPI_Command
 .text.HAL_OSPI_MemoryMapped
                0x08003e6e       0x5e ./Drivers/STM32H7xx_HAL_Driver/Src/stm32h7xx_hal_ospi.o
                0x08003e6e                HAL_OSPI_MemoryMapped
 .text.HAL_OSPI_ErrorCallback
                0x08003ecc        0x2 ./Drivers/STM32H7xx_HAL_Driver/Src/stm32h7xx_hal_ospi.o
                0x08003ecc                HAL_OSPI_ErrorCallback
 .text.HAL_OSPI_AbortCpltCallback
                0x08003ece        0x2 ./Drivers/STM32H7xx_HAL_Driver/Src/stm32h7xx_hal_ospi.o
                0x08003ece                HAL_OSPI_AbortCpltCallback
 .text.OSPI_DMAAbortCplt
                0x08003ed0       0x44 ./Drivers/STM32H7xx_HAL_Driver/Src/stm32h7xx_hal_ospi.o
 .text.HAL_OSPI_FifoThresholdCallback
                0x08003f14        0x2 ./Drivers/STM32H7xx_HAL_Driver/Src/stm32h7xx_hal_ospi.o
                0x08003f14                HAL_OSPI_FifoThresholdCallback
 .text.HAL_OSPI_CmdCpltCallback
                0x08003f16        0x2 ./Drivers/STM32H7xx_HAL_Driver/Src/stm32h7xx_hal_ospi.o
                0x08003f16                HAL_OSPI_CmdCpltCallback
 .text.HAL_OSPI_RxCpltCallback
                0x08003f18        0x2 ./Drivers/STM32H7xx_HAL_Driver/Src/stm32h7xx_hal_ospi.o
                0x08003f18                HAL_OSPI_RxCpltCallback
 .text.HAL_OSPI_TxCpltCallback
                0x08003f1a        0x2 ./Drivers/STM32H7xx_HAL_Driver/Src/stm32h7xx_hal_ospi.o
                0x08003f1a                HAL_OSPI_TxCpltCallback
 .text.HAL_OSPI_StatusMatchCallback
                0x08003f1c        0x2 ./Drivers/STM32H7xx_HAL_Driver/Src/stm32h7xx_hal_ospi.o
                0x08003f1c                HAL_OSPI_StatusMatchCallback
 .text.HAL_OSPI_TimeOutCallback
                0x08003f1e        0x2 ./Drivers/STM32H7xx_HAL_Driver/Src/stm32h7xx_hal_ospi.o
                0x08003f1e                HAL_OSPI_TimeOutCallback
 .text.HAL_OSPI_IRQHandler
                0x08003f20      0x150 ./Drivers/STM32H7xx_HAL_Driver/Src/stm32h7xx_hal_ospi.o
                0x08003f20                HAL_OSPI_IRQHandler
 .text.HAL_OSPIM_Config
                0x08004070      0x440 ./Drivers/STM32H7xx_HAL_Driver/Src/stm32h7xx_hal_ospi.o
                0x08004070                HAL_OSPIM_Config
 .text.HAL_PWR_EnableWakeUpPin
                0x080044b0       0x18 ./Drivers/STM32H7xx_HAL_Driver/Src/stm32h7xx_hal_pwr.o
                0x080044b0                HAL_PWR_EnableWakeUpPin
 .text.HAL_PWR_DisableWakeUpPin
                0x080044c8       0x14 ./Drivers/STM32H7xx_HAL_Driver/Src/stm32h7xx_hal_pwr.o
                0x080044c8                HAL_PWR_DisableWakeUpPin
 .text.HAL_PWR_EnterSTANDBYMode
                0x080044dc       0x28 ./Drivers/STM32H7xx_HAL_Driver/Src/stm32h7xx_hal_pwr.o
                0x080044dc                HAL_PWR_EnterSTANDBYMode
 .text.HAL_PWREx_ConfigSupply
                0x08004504       0x48 ./Drivers/STM32H7xx_HAL_Driver/Src/stm32h7xx_hal_pwr_ex.o
                0x08004504                HAL_PWREx_ConfigSupply
 .text.HAL_RCC_OscConfig
                0x0800454c      0x4fc ./Drivers/STM32H7xx_HAL_Driver/Src/stm32h7xx_hal_rcc.o
                0x0800454c                HAL_RCC_OscConfig
 .text.HAL_RCC_GetSysClockFreq
                0x08004a48      0x144 ./Drivers/STM32H7xx_HAL_Driver/Src/stm32h7xx_hal_rcc.o
                0x08004a48                HAL_RCC_GetSysClockFreq
 .text.HAL_RCC_ClockConfig
                0x08004b8c      0x24c ./Drivers/STM32H7xx_HAL_Driver/Src/stm32h7xx_hal_rcc.o
                0x08004b8c                HAL_RCC_ClockConfig
 .text.HAL_RCC_GetHCLKFreq
                0x08004dd8       0x44 ./Drivers/STM32H7xx_HAL_Driver/Src/stm32h7xx_hal_rcc.o
                0x08004dd8                HAL_RCC_GetHCLKFreq
 .text.RCCEx_PLL2_Config
                0x08004e1c       0xf0 ./Drivers/STM32H7xx_HAL_Driver/Src/stm32h7xx_hal_rcc_ex.o
 .text.RCCEx_PLL3_Config
                0x08004f0c       0xf0 ./Drivers/STM32H7xx_HAL_Driver/Src/stm32h7xx_hal_rcc_ex.o
 .text.HAL_RCCEx_PeriphCLKConfig
                0x08004ffc      0x8b0 ./Drivers/STM32H7xx_HAL_Driver/Src/stm32h7xx_hal_rcc_ex.o
                0x08004ffc                HAL_RCCEx_PeriphCLKConfig
 .text.HAL_RCCEx_GetD3PCLK1Freq
                0x080058ac       0x24 ./Drivers/STM32H7xx_HAL_Driver/Src/stm32h7xx_hal_rcc_ex.o
                0x080058ac                HAL_RCCEx_GetD3PCLK1Freq
 .text.HAL_RCCEx_GetPLL2ClockFreq
                0x080058d0      0x154 ./Drivers/STM32H7xx_HAL_Driver/Src/stm32h7xx_hal_rcc_ex.o
                0x080058d0                HAL_RCCEx_GetPLL2ClockFreq
 .text.HAL_RCCEx_GetPLL3ClockFreq
                0x08005a24      0x154 ./Drivers/STM32H7xx_HAL_Driver/Src/stm32h7xx_hal_rcc_ex.o
                0x08005a24                HAL_RCCEx_GetPLL3ClockFreq
 .text.HAL_RCCEx_GetPLL1ClockFreq
                0x08005b78      0x154 ./Drivers/STM32H7xx_HAL_Driver/Src/stm32h7xx_hal_rcc_ex.o
                0x08005b78                HAL_RCCEx_GetPLL1ClockFreq
 .text.HAL_RCCEx_GetPeriphCLKFreq
                0x08005ccc      0x198 ./Drivers/STM32H7xx_HAL_Driver/Src/stm32h7xx_hal_rcc_ex.o
                0x08005ccc                HAL_RCCEx_GetPeriphCLKFreq
 .text.HAL_RNG_Init
                0x08005e64       0xb0 ./Drivers/STM32H7xx_HAL_Driver/Src/stm32h7xx_hal_rng.o
                0x08005e64                HAL_RNG_Init
 .text.HAL_RNG_GenerateRandomNumber
                0x08005f14       0x68 ./Drivers/STM32H7xx_HAL_Driver/Src/stm32h7xx_hal_rng.o
                0x08005f14                HAL_RNG_GenerateRandomNumber
 .text.SAI_Disable
                0x08005f7c       0x40 ./Drivers/STM32H7xx_HAL_Driver/Src/stm32h7xx_hal_sai.o
 .text.HAL_SAI_Init
                0x08005fbc      0x2b0 ./Drivers/STM32H7xx_HAL_Driver/Src/stm32h7xx_hal_sai.o
                0x08005fbc                HAL_SAI_Init
 .text.HAL_SAI_InitProtocol
                0x0800626c      0x15c ./Drivers/STM32H7xx_HAL_Driver/Src/stm32h7xx_hal_sai.o
                0x0800626c                HAL_SAI_InitProtocol
 .text.HAL_SAI_Abort
                0x080063c8       0xb6 ./Drivers/STM32H7xx_HAL_Driver/Src/stm32h7xx_hal_sai.o
                0x080063c8                HAL_SAI_Abort
 .text.HAL_SAI_ErrorCallback
                0x0800647e        0x2 ./Drivers/STM32H7xx_HAL_Driver/Src/stm32h7xx_hal_sai.o
                0x0800647e                HAL_SAI_ErrorCallback
 .text.HAL_SAI_IRQHandler
                0x08006480      0x128 ./Drivers/STM32H7xx_HAL_Driver/Src/stm32h7xx_hal_sai.o
                0x08006480                HAL_SAI_IRQHandler
 .text.SAI_DMAAbort
                0x080065a8       0x42 ./Drivers/STM32H7xx_HAL_Driver/Src/stm32h7xx_hal_sai.o
 .text.SPI_CloseTransfer
                0x080065ea       0xac ./Drivers/STM32H7xx_HAL_Driver/Src/stm32h7xx_hal_spi.o
 *fill*         0x08006696        0x2 
 .text.HAL_SPI_Init
                0x08006698      0x114 ./Drivers/STM32H7xx_HAL_Driver/Src/stm32h7xx_hal_spi.o
                0x08006698                HAL_SPI_Init
 .text.HAL_SPI_Transmit
                0x080067ac      0x23e ./Drivers/STM32H7xx_HAL_Driver/Src/stm32h7xx_hal_spi.o
                0x080067ac                HAL_SPI_Transmit
 .text.memset   0x080069ea       0x10 C:/ST/STM32CubeIDE_1.5.0/STM32CubeIDE/plugins/com.st.stm32cube.ide.mcu.externaltools.gnu-tools-for-stm32.12.3.rel1.win32_1.0.200.202406191623/tools/bin/../lib/gcc/arm-none-eabi/12.3.1/../../../../arm-none-eabi/lib/thumb/v7e-m+dp/hard\libc_nano.a(libc_a-memset.o)
                0x080069ea                memset
 *fill*         0x080069fa        0x2 
 .text.__libc_init_array
                0x080069fc       0x48 C:/ST/STM32CubeIDE_1.5.0/STM32CubeIDE/plugins/com.st.stm32cube.ide.mcu.externaltools.gnu-tools-for-stm32.12.3.rel1.win32_1.0.200.202406191623/tools/bin/../lib/gcc/arm-none-eabi/12.3.1/../../../../arm-none-eabi/lib/thumb/v7e-m+dp/hard\libc_nano.a(libc_a-init.o)
                0x080069fc                __libc_init_array
 *(.glue_7)
 .glue_7        0x08006a44        0x0 linker stubs
 *(.glue_7t)
 .glue_7t       0x08006a44        0x0 linker stubs
 *(.eh_frame)
 .eh_frame      0x08006a44        0x0 C:/ST/STM32CubeIDE_1.5.0/STM32CubeIDE/plugins/com.st.stm32cube.ide.mcu.externaltools.gnu-tools-for-stm32.12.3.rel1.win32_1.0.200.202406191623/tools/bin/../lib/gcc/arm-none-eabi/12.3.1/thumb/v7e-m+dp/hard/crtbegin.o
 *(.init)
 .init          0x08006a44        0x4 C:/ST/STM32CubeIDE_1.5.0/STM32CubeIDE/plugins/com.st.stm32cube.ide.mcu.externaltools.gnu-tools-for-stm32.12.3.rel1.win32_1.0.200.202406191623/tools/bin/../lib/gcc/arm-none-eabi/12.3.1/thumb/v7e-m+dp/hard/crti.o
                0x08006a44                _init
 .init          0x08006a48        0x8 C:/ST/STM32CubeIDE_1.5.0/STM32CubeIDE/plugins/com.st.stm32cube.ide.mcu.externaltools.gnu-tools-for-stm32.12.3.rel1.win32_1.0.200.202406191623/tools/bin/../lib/gcc/arm-none-eabi/12.3.1/thumb/v7e-m+dp/hard/crtn.o
 *(.fini)
 .fini          0x08006a50        0x4 C:/ST/STM32CubeIDE_1.5.0/STM32CubeIDE/plugins/com.st.stm32cube.ide.mcu.externaltools.gnu-tools-for-stm32.12.3.rel1.win32_1.0.200.202406191623/tools/bin/../lib/gcc/arm-none-eabi/12.3.1/thumb/v7e-m+dp/hard/crti.o
                0x08006a50                _fini
 .fini          0x08006a54        0x8 C:/ST/STM32CubeIDE_1.5.0/STM32CubeIDE/plugins/com.st.stm32cube.ide.mcu.externaltools.gnu-tools-for-stm32.12.3.rel1.win32_1.0.200.202406191623/tools/bin/../lib/gcc/arm-none-eabi/12.3.1/thumb/v7e-m+dp/hard/crtn.o
                0x08006a5c                        . = ALIGN (0x4)
                0x08006a5c                        _etext = .

.vfp11_veneer   0x08006a5c        0x0
 .vfp11_veneer  0x08006a5c        0x0 linker stubs

.v4_bx          0x08006a5c        0x0
 .v4_bx         0x08006a5c        0x0 linker stubs

.iplt           0x08006a5c        0x0
 .iplt          0x08006a5c        0x0 C:/ST/STM32CubeIDE_1.5.0/STM32CubeIDE/plugins/com.st.stm32cube.ide.mcu.externaltools.gnu-tools-for-stm32.12.3.rel1.win32_1.0.200.202406191623/tools/bin/../lib/gcc/arm-none-eabi/12.3.1/thumb/v7e-m+dp/hard/crtbegin.o

.rodata         0x08006a5c     0x2640
                0x08006a5c                        . = ALIGN (0x4)
 *(.rodata)
 .rodata        0x08006a5c        0xf ./Core/Src/lcd.o
 *(.rodata*)
 .rodata.lcd_init.str1.1
                0x08006a6b        0xf ./Core/Src/lcd.o
 .rodata.punch_head
                0x08006a7a       0x38 ./Core/Src/main.o
                0x08006a7a                punch_head
 .rodata.stage_text
                0x08006ab2       0x20 ./Core/Src/main.o
                0x08006ab2                stage_text
 .rodata.distract_text
                0x08006ad2       0x32 ./Core/Src/main.o
                0x08006ad2                distract_text
 .rodata.game_over_text
                0x08006b04       0x38 ./Core/Src/main.o
                0x08006b04                game_over_text
 .rodata.score_text
                0x08006b3c       0x20 ./Core/Src/main.o
                0x08006b3c                score_text
 .rodata.hi_text
                0x08006b5c        0x8 ./Core/Src/main.o
                0x08006b5c                hi_text
 .rodata.b_arrow
                0x08006b64       0x32 ./Core/Src/main.o
                0x08006b64                b_arrow
 .rodata.life_head
                0x08006b96       0x20 ./Core/Src/main.o
                0x08006b96                life_head
 .rodata.note   0x08006bb6       0x1e ./Core/Src/main.o
                0x08006bb6                note
 .rodata.game_B
                0x08006bd4       0x20 ./Core/Src/main.o
                0x08006bd4                game_B
 .rodata.game_A
                0x08006bf4       0x20 ./Core/Src/main.o
                0x08006bf4                game_A
 .rodata.girls_1
                0x08006c14       0x8a ./Core/Src/main.o
                0x08006c14                girls_1
 .rodata.girls_0
                0x08006c9e       0x8a ./Core/Src/main.o
                0x08006c9e                girls_0
 .rodata.patronPunch
                0x08006d28       0x56 ./Core/Src/main.o
                0x08006d28                patronPunch
 .rodata.patron11
                0x08006d7e       0x41 ./Core/Src/main.o
                0x08006d7e                patron11
 .rodata.patron10
                0x08006dbf       0x41 ./Core/Src/main.o
                0x08006dbf                patron10
 .rodata.patron9
                0x08006e00       0x41 ./Core/Src/main.o
                0x08006e00                patron9
 .rodata.patron8
                0x08006e41       0x41 ./Core/Src/main.o
                0x08006e41                patron8
 .rodata.patron7
                0x08006e82       0x26 ./Core/Src/main.o
                0x08006e82                patron7
 .rodata.patron6
                0x08006ea8       0x41 ./Core/Src/main.o
                0x08006ea8                patron6
 .rodata.patron5
                0x08006ee9       0x38 ./Core/Src/main.o
                0x08006ee9                patron5
 .rodata.patron4
                0x08006f21       0x41 ./Core/Src/main.o
                0x08006f21                patron4
 .rodata.patron3
                0x08006f62       0x41 ./Core/Src/main.o
                0x08006f62                patron3
 .rodata.patron2
                0x08006fa3       0x2c ./Core/Src/main.o
                0x08006fa3                patron2
 .rodata.patron1
                0x08006fcf       0x41 ./Core/Src/main.o
                0x08006fcf                patron1
 .rodata.patron0
                0x08007010       0x56 ./Core/Src/main.o
                0x08007010                patron0
 .rodata.wipe2  0x08007066       0x1a ./Core/Src/main.o
                0x08007066                wipe2
 .rodata.wipe1  0x08007080       0x1a ./Core/Src/main.o
                0x08007080                wipe1
 .rodata.mugThrown
                0x0800709a       0x47 ./Core/Src/main.o
                0x0800709a                mugThrown
 .rodata.hWhoosh
                0x080070e1       0x1e ./Core/Src/main.o
                0x080070e1                hWhoosh
 .rodata.vWhoosh
                0x080070ff       0x1a ./Core/Src/main.o
                0x080070ff                vWhoosh
 .rodata.barDashGFX
                0x08007119      0x20a ./Core/Src/main.o
                0x08007119                barDashGFX
 .rodata.money  0x08007323        0xc ./Core/Src/main.o
                0x08007323                money
 .rodata.mugFull
                0x0800732f       0x24 ./Core/Src/main.o
                0x0800732f                mugFull
 .rodata.armPull
                0x08007353       0x3e ./Core/Src/main.o
                0x08007353                armPull
 .rodata.mugFilling
                0x08007391       0x24 ./Core/Src/main.o
                0x08007391                mugFilling
 .rodata.barKeepPour
                0x080073b5       0x9b ./Core/Src/main.o
                0x080073b5                barKeepPour
 .rodata.barKeepTend
                0x08007450       0x98 ./Core/Src/main.o
                0x08007450                barKeepTend
 .rodata.digits
                0x080074e8      0x190 ./Core/Src/main.o
                0x080074e8                digits
 .rodata.keg    0x08007678      0x2d9 ./Core/Src/main.o
                0x08007678                keg
 .rodata.table  0x08007951      0x834 ./Core/Src/main.o
                0x08007951                table
 .rodata.status_bar
                0x08008185       0xed ./Core/Src/main.o
                0x08008185                status_bar
 .rodata.tiptext
                0x08008272      0x153 ./Core/Src/main.o
                0x08008272                tiptext
 .rodata.tipgfx
                0x080083c5      0x13e ./Core/Src/main.o
                0x080083c5                tipgfx
 .rodata.stage  0x08008503      0xa02 ./Core/Src/main.o
                0x08008503                stage
 .rodata.scoregfx
                0x08008f05      0x17d ./Core/Src/main.o
                0x08008f05                scoregfx
 .rodata.D1CorePrescTable
                0x08009082       0x10 ./Core/Src/system_stm32h7xx.o
                0x08009082                D1CorePrescTable
 .rodata.flagBitshiftOffset.0
                0x08009092        0x8 ./Drivers/STM32H7xx_HAL_Driver/Src/stm32h7xx_hal_dma.o
                0x0800909c                        . = ALIGN (0x4)
 *fill*         0x0800909a        0x2 

.rel.dyn        0x0800909c        0x0
 .rel.iplt      0x0800909c        0x0 C:/ST/STM32CubeIDE_1.5.0/STM32CubeIDE/plugins/com.st.stm32cube.ide.mcu.externaltools.gnu-tools-for-stm32.12.3.rel1.win32_1.0.200.202406191623/tools/bin/../lib/gcc/arm-none-eabi/12.3.1/thumb/v7e-m+dp/hard/crtbegin.o

.ARM.extab
 *(.ARM.extab* .gnu.linkonce.armextab.*)

.ARM            0x0800909c        0x0
                0x0800909c                        __exidx_start = .
 *(.ARM.exidx*)
                0x0800909c                        __exidx_end = .

.preinit_array  0x0800909c        0x0
                0x0800909c                        PROVIDE (__preinit_array_start = .)
 *(.preinit_array*)
                0x0800909c                        PROVIDE (__preinit_array_end = .)

.init_array     0x0800909c        0x4
                0x0800909c                        PROVIDE (__init_array_start = .)
 *(SORT_BY_NAME(.init_array.*))
 *(.init_array*)
 .init_array    0x0800909c        0x4 C:/ST/STM32CubeIDE_1.5.0/STM32CubeIDE/plugins/com.st.stm32cube.ide.mcu.externaltools.gnu-tools-for-stm32.12.3.rel1.win32_1.0.200.202406191623/tools/bin/../lib/gcc/arm-none-eabi/12.3.1/thumb/v7e-m+dp/hard/crtbegin.o
                0x080090a0                        PROVIDE (__init_array_end = .)

.fini_array     0x080090a0        0x4
                [!provide]                        PROVIDE (__fini_array_start = .)
 *(SORT_BY_NAME(.fini_array.*))
 *(.fini_array*)
 .fini_array    0x080090a0        0x4 C:/ST/STM32CubeIDE_1.5.0/STM32CubeIDE/plugins/com.st.stm32cube.ide.mcu.externaltools.gnu-tools-for-stm32.12.3.rel1.win32_1.0.200.202406191623/tools/bin/../lib/gcc/arm-none-eabi/12.3.1/thumb/v7e-m+dp/hard/crtbegin.o
                [!provide]                        PROVIDE (__fini_array_end = .)
                0x080090a4                        _sidata = LOADADDR (.data)

.data           0x20000000       0x3c load address 0x080090a4
                0x20000000                        . = ALIGN (0x4)
                0x20000000                        _sdata = .
 *(.data)
 *(.data*)
 .data.patronXpos
                0x20000000       0x1a ./Core/Src/main.o
                0x20000000                patronXpos
 .data.patronSpeed
                0x2000001a        0x1 ./Core/Src/main.o
                0x2000001a                patronSpeed
 *fill*         0x2000001b        0x1 
 .data.barDash  0x2000001c        0x4 ./Core/Src/main.o
                0x2000001c                barDash
 .data.barKeepState
                0x20000020        0x1 ./Core/Src/main.o
                0x20000020                barKeepState
 *fill*         0x20000021        0x3 
 .data.lives    0x20000024        0x4 ./Core/Src/main.o
                0x20000024                lives
 .data.game     0x20000028        0x4 ./Core/Src/main.o
                0x20000028                game
 .data.SystemD2Clock
                0x2000002c        0x4 ./Core/Src/system_stm32h7xx.o
                0x2000002c                SystemD2Clock
 .data.SystemCoreClock
                0x20000030        0x4 ./Core/Src/system_stm32h7xx.o
                0x20000030                SystemCoreClock
 .data.uwTickFreq
                0x20000034        0x1 ./Drivers/STM32H7xx_HAL_Driver/Src/stm32h7xx_hal.o
                0x20000034                uwTickFreq
 *fill*         0x20000035        0x3 
 .data.uwTickPrio
                0x20000038        0x4 ./Drivers/STM32H7xx_HAL_Driver/Src/stm32h7xx_hal.o
                0x20000038                uwTickPrio
                0x2000003c                        . = ALIGN (0x4)
                0x2000003c                        _edata = .

.igot.plt       0x2000003c        0x0 load address 0x080090e0
 .igot.plt      0x2000003c        0x0 C:/ST/STM32CubeIDE_1.5.0/STM32CubeIDE/plugins/com.st.stm32cube.ide.mcu.externaltools.gnu-tools-for-stm32.12.3.rel1.win32_1.0.200.202406191623/tools/bin/../lib/gcc/arm-none-eabi/12.3.1/thumb/v7e-m+dp/hard/crtbegin.o
                0x2000003c                        . = ALIGN (0x4)

.bss            0x2000003c      0x5c8 load address 0x080090e0
                0x2000003c                        _sbss = .
                0x2000003c                        __bss_start__ = _sbss
 *(.bss)
 .bss           0x2000003c       0x1c C:/ST/STM32CubeIDE_1.5.0/STM32CubeIDE/plugins/com.st.stm32cube.ide.mcu.externaltools.gnu-tools-for-stm32.12.3.rel1.win32_1.0.200.202406191623/tools/bin/../lib/gcc/arm-none-eabi/12.3.1/thumb/v7e-m+dp/hard/crtbegin.o
 *(.bss*)
 .bss.stateTimer
                0x20000058        0x4 ./Core/Src/main.o
                0x20000058                stateTimer
 .bss.buttons   0x2000005c        0x4 ./Core/Src/main.o
                0x2000005c                buttons
 .bss.girlsTimer
                0x20000060        0x4 ./Core/Src/main.o
                0x20000060                girlsTimer
 .bss.girlsActive
                0x20000064        0x1 ./Core/Src/main.o
                0x20000064                girlsActive
 .bss.girlButton
                0x20000065        0x1 ./Core/Src/main.o
                0x20000065                girlButton
 .bss.tips      0x20000066        0xf ./Core/Src/main.o
                0x20000066                tips
 .bss.tableTop  0x20000075       0x24 ./Core/Src/main.o
                0x20000075                tableTop
 *fill*         0x20000099        0x3 
 .bss.patronGFX
                0x2000009c       0x34 ./Core/Src/main.o
                0x2000009c                patronGFX
 .bss.highScore
                0x200000d0        0x2 ./Core/Src/main.o
                0x200000d0                highScore
 .bss.score     0x200000d2        0x2 ./Core/Src/main.o
                0x200000d2                score
 .bss.tipsTen   0x200000d4        0x1 ./Core/Src/main.o
                0x200000d4                tipsTen
 .bss.tipsTotal
                0x200000d5        0x1 ./Core/Src/main.o
                0x200000d5                tipsTotal
 *fill*         0x200000d6        0x2 
 .bss.rando     0x200000d8        0x4 ./Core/Src/main.o
                0x200000d8                rando
 .bss.patronMoveTimer
                0x200000dc        0x1 ./Core/Src/main.o
                0x200000dc                patronMoveTimer
 .bss.patron    0x200000dd      0x144 ./Core/Src/main.o
                0x200000dd                patron
 *fill*         0x20000221        0x3 
 .bss.mug       0x20000224       0xf0 ./Core/Src/main.o
                0x20000224                mug
 .bss.dashWhoosh
                0x20000314        0x3 ./Core/Src/main.o
                0x20000314                dashWhoosh
 .bss.whoosh    0x20000317        0x2 ./Core/Src/main.o
                0x20000317                whoosh
 *fill*         0x20000319        0x3 
 .bss.beerFull  0x2000031c        0x4 ./Core/Src/main.o
                0x2000031c                beerFull
 .bss.mugFillAnimation
                0x20000320        0x4 ./Core/Src/main.o
                0x20000320                mugFillAnimation
 .bss.deathType
                0x20000324        0x4 ./Core/Src/main.o
                0x20000324                deathType
 .bss.dying     0x20000328        0x1 ./Core/Src/main.o
                0x20000328                dying
 *fill*         0x20000329        0x3 
 .bss.level     0x2000032c        0x4 ./Core/Src/main.o
                0x2000032c                level
 .bss.frame     0x20000330        0x4 ./Core/Src/main.o
                0x20000330                frame
 .bss.gameState
                0x20000334        0x1 ./Core/Src/main.o
                0x20000334                gameState
 *fill*         0x20000335        0x3 
 .bss.keepRow   0x20000338        0x4 ./Core/Src/main.o
                0x20000338                keepRow
 .bss.barRow    0x2000033c        0x4 ./Core/Src/main.o
                0x2000033c                barRow
 .bss.buttonDebounce
                0x20000340        0x4 ./Core/Src/main.o
                0x20000340                buttonDebounce
 .bss.buffer    0x20000344        0x4 ./Core/Src/main.o
                0x20000344                buffer
 .bss.hspi2     0x20000348       0x88 ./Core/Src/main.o
                0x20000348                hspi2
 .bss.hdma_sai1_a
                0x200003d0       0x78 ./Core/Src/main.o
                0x200003d0                hdma_sai1_a
 .bss.hsai_BlockA1
                0x20000448       0x98 ./Core/Src/main.o
                0x20000448                hsai_BlockA1
 .bss.hrng      0x200004e0       0x14 ./Core/Src/main.o
                0x200004e0                hrng
 .bss.hospi1    0x200004f4       0x60 ./Core/Src/main.o
                0x200004f4                hospi1
 .bss.hltdc     0x20000554       0xa8 ./Core/Src/main.o
                0x20000554                hltdc
 .bss.SAI1_client
                0x200005fc        0x4 ./Core/Src/stm32h7xx_hal_msp.o
 .bss.uwTick    0x20000600        0x4 ./Drivers/STM32H7xx_HAL_Driver/Src/stm32h7xx_hal.o
                0x20000600                uwTick
 *(COMMON)
                0x20000604                        . = ALIGN (0x4)
                0x20000604                        _ebss = .
                0x20000604                        __bss_end__ = _ebss

._user_heap_stack
                0x20000604      0x604 load address 0x080090e0
                0x20000608                        . = ALIGN (0x8)
 *fill*         0x20000604        0x4 
                [!provide]                        PROVIDE (end = .)
                0x20000608                        PROVIDE (_end = .)
                0x20000808                        . = (. + _Min_Heap_Size)
 *fill*         0x20000608      0x200 
                0x20000c08                        . = (. + _Min_Stack_Size)
 *fill*         0x20000808      0x400 
                0x20000c08                        . = ALIGN (0x8)

/DISCARD/
 libc.a(*)
 libm.a(*)
 libgcc.a(*)

.ARM.attributes
                0x00000000       0x2e
 *(.ARM.attributes)
 .ARM.attributes
                0x00000000       0x20 C:/ST/STM32CubeIDE_1.5.0/STM32CubeIDE/plugins/com.st.stm32cube.ide.mcu.externaltools.gnu-tools-for-stm32.12.3.rel1.win32_1.0.200.202406191623/tools/bin/../lib/gcc/arm-none-eabi/12.3.1/thumb/v7e-m+dp/hard/crti.o
 .ARM.attributes
                0x00000020       0x32 C:/ST/STM32CubeIDE_1.5.0/STM32CubeIDE/plugins/com.st.stm32cube.ide.mcu.externaltools.gnu-tools-for-stm32.12.3.rel1.win32_1.0.200.202406191623/tools/bin/../lib/gcc/arm-none-eabi/12.3.1/thumb/v7e-m+dp/hard/crtbegin.o
 .ARM.attributes
                0x00000052       0x32 ./Core/Src/buttons.o
 .ARM.attributes
                0x00000084       0x32 ./Core/Src/flash.o
 .ARM.attributes
                0x000000b6       0x32 ./Core/Src/lcd.o
 .ARM.attributes
                0x000000e8       0x32 ./Core/Src/main.o
 .ARM.attributes
                0x0000011a       0x32 ./Core/Src/stm32h7xx_hal_msp.o
 .ARM.attributes
                0x0000014c       0x32 ./Core/Src/stm32h7xx_it.o
 .ARM.attributes
                0x0000017e       0x32 ./Core/Src/system_stm32h7xx.o
 .ARM.attributes
                0x000001b0       0x21 ./Core/Startup/startup_stm32h7b0vbtx.o
 .ARM.attributes
                0x000001d1       0x32 ./Drivers/STM32H7xx_HAL_Driver/Src/stm32h7xx_hal.o
 .ARM.attributes
                0x00000203       0x32 ./Drivers/STM32H7xx_HAL_Driver/Src/stm32h7xx_hal_cortex.o
 .ARM.attributes
                0x00000235       0x32 ./Drivers/STM32H7xx_HAL_Driver/Src/stm32h7xx_hal_dma.o
 .ARM.attributes
                0x00000267       0x32 ./Drivers/STM32H7xx_HAL_Driver/Src/stm32h7xx_hal_gpio.o
 .ARM.attributes
                0x00000299       0x32 ./Drivers/STM32H7xx_HAL_Driver/Src/stm32h7xx_hal_ltdc.o
 .ARM.attributes
                0x000002cb       0x32 ./Drivers/STM32H7xx_HAL_Driver/Src/stm32h7xx_hal_mdma.o
 .ARM.attributes
                0x000002fd       0x32 ./Drivers/STM32H7xx_HAL_Driver/Src/stm32h7xx_hal_ospi.o
 .ARM.attributes
                0x0000032f       0x32 ./Drivers/STM32H7xx_HAL_Driver/Src/stm32h7xx_hal_pwr.o
 .ARM.attributes
                0x00000361       0x32 ./Drivers/STM32H7xx_HAL_Driver/Src/stm32h7xx_hal_pwr_ex.o
 .ARM.attributes
                0x00000393       0x32 ./Drivers/STM32H7xx_HAL_Driver/Src/stm32h7xx_hal_rcc.o
 .ARM.attributes
                0x000003c5       0x32 ./Drivers/STM32H7xx_HAL_Driver/Src/stm32h7xx_hal_rcc_ex.o
 .ARM.attributes
                0x000003f7       0x32 ./Drivers/STM32H7xx_HAL_Driver/Src/stm32h7xx_hal_rng.o
 .ARM.attributes
                0x00000429       0x32 ./Drivers/STM32H7xx_HAL_Driver/Src/stm32h7xx_hal_sai.o
 .ARM.attributes
                0x0000045b       0x32 ./Drivers/STM32H7xx_HAL_Driver/Src/stm32h7xx_hal_spi.o
 .ARM.attributes
                0x0000048d       0x32 C:/ST/STM32CubeIDE_1.5.0/STM32CubeIDE/plugins/com.st.stm32cube.ide.mcu.externaltools.gnu-tools-for-stm32.12.3.rel1.win32_1.0.200.202406191623/tools/bin/../lib/gcc/arm-none-eabi/12.3.1/../../../../arm-none-eabi/lib/thumb/v7e-m+dp/hard\libc_nano.a(libc_a-memset.o)
 .ARM.attributes
                0x000004bf       0x32 C:/ST/STM32CubeIDE_1.5.0/STM32CubeIDE/plugins/com.st.stm32cube.ide.mcu.externaltools.gnu-tools-for-stm32.12.3.rel1.win32_1.0.200.202406191623/tools/bin/../lib/gcc/arm-none-eabi/12.3.1/../../../../arm-none-eabi/lib/thumb/v7e-m+dp/hard\libc_nano.a(libc_a-init.o)
 .ARM.attributes
                0x000004f1       0x20 C:/ST/STM32CubeIDE_1.5.0/STM32CubeIDE/plugins/com.st.stm32cube.ide.mcu.externaltools.gnu-tools-for-stm32.12.3.rel1.win32_1.0.200.202406191623/tools/bin/../lib/gcc/arm-none-eabi/12.3.1/thumb/v7e-m+dp/hard/crtn.o
OUTPUT(gw_base.elf elf32-littlearm)
LOAD linker stubs
LOAD C:/ST/STM32CubeIDE_1.5.0/STM32CubeIDE/plugins/com.st.stm32cube.ide.mcu.externaltools.gnu-tools-for-stm32.12.3.rel1.win32_1.0.200.202406191623/tools/bin/../lib/gcc/arm-none-eabi/12.3.1/../../../../arm-none-eabi/lib/thumb/v7e-m+dp/hard\libc.a
LOAD C:/ST/STM32CubeIDE_1.5.0/STM32CubeIDE/plugins/com.st.stm32cube.ide.mcu.externaltools.gnu-tools-for-stm32.12.3.rel1.win32_1.0.200.202406191623/tools/bin/../lib/gcc/arm-none-eabi/12.3.1/../../../../arm-none-eabi/lib/thumb/v7e-m+dp/hard\libm.a
LOAD C:/ST/STM32CubeIDE_1.5.0/STM32CubeIDE/plugins/com.st.stm32cube.ide.mcu.externaltools.gnu-tools-for-stm32.12.3.rel1.win32_1.0.200.202406191623/tools/bin/../lib/gcc/arm-none-eabi/12.3.1/thumb/v7e-m+dp/hard\libgcc.a

.comment        0x00000000       0x43
 .comment       0x00000000       0x43 ./Core/Src/buttons.o
                                 0x44 (size before relaxing)
 .comment       0x00000043       0x44 ./Core/Src/flash.o
 .comment       0x00000043       0x44 ./Core/Src/lcd.o
 .comment       0x00000043       0x44 ./Core/Src/main.o
 .comment       0x00000043       0x44 ./Core/Src/stm32h7xx_hal_msp.o
 .comment       0x00000043       0x44 ./Core/Src/stm32h7xx_it.o
 .comment       0x00000043       0x44 ./Core/Src/system_stm32h7xx.o
 .comment       0x00000043       0x44 ./Drivers/STM32H7xx_HAL_Driver/Src/stm32h7xx_hal.o
 .comment       0x00000043       0x44 ./Drivers/STM32H7xx_HAL_Driver/Src/stm32h7xx_hal_cortex.o
 .comment       0x00000043       0x44 ./Drivers/STM32H7xx_HAL_Driver/Src/stm32h7xx_hal_dma.o
 .comment       0x00000043       0x44 ./Drivers/STM32H7xx_HAL_Driver/Src/stm32h7xx_hal_gpio.o
 .comment       0x00000043       0x44 ./Drivers/STM32H7xx_HAL_Driver/Src/stm32h7xx_hal_ltdc.o
 .comment       0x00000043       0x44 ./Drivers/STM32H7xx_HAL_Driver/Src/stm32h7xx_hal_mdma.o
 .comment       0x00000043       0x44 ./Drivers/STM32H7xx_HAL_Driver/Src/stm32h7xx_hal_ospi.o
 .comment       0x00000043       0x44 ./Drivers/STM32H7xx_HAL_Driver/Src/stm32h7xx_hal_pwr.o
 .comment       0x00000043       0x44 ./Drivers/STM32H7xx_HAL_Driver/Src/stm32h7xx_hal_pwr_ex.o
 .comment       0x00000043       0x44 ./Drivers/STM32H7xx_HAL_Driver/Src/stm32h7xx_hal_rcc.o
 .comment       0x00000043       0x44 ./Drivers/STM32H7xx_HAL_Driver/Src/stm32h7xx_hal_rcc_ex.o
 .comment       0x00000043       0x44 ./Drivers/STM32H7xx_HAL_Driver/Src/stm32h7xx_hal_rng.o
 .comment       0x00000043       0x44 ./Drivers/STM32H7xx_HAL_Driver/Src/stm32h7xx_hal_sai.o
 .comment       0x00000043       0x44 ./Drivers/STM32H7xx_HAL_Driver/Src/stm32h7xx_hal_spi.o

.debug_frame    0x00000000       0x4c
 .debug_frame   0x00000000       0x20 C:/ST/STM32CubeIDE_1.5.0/STM32CubeIDE/plugins/com.st.stm32cube.ide.mcu.externaltools.gnu-tools-for-stm32.12.3.rel1.win32_1.0.200.202406191623/tools/bin/../lib/gcc/arm-none-eabi/12.3.1/../../../../arm-none-eabi/lib/thumb/v7e-m+dp/hard\libc_nano.a(libc_a-memset.o)
 .debug_frame   0x00000020       0x2c C:/ST/STM32CubeIDE_1.5.0/STM32CubeIDE/plugins/com.st.stm32cube.ide.mcu.externaltools.gnu-tools-for-stm32.12.3.rel1.win32_1.0.200.202406191623/tools/bin/../lib/gcc/arm-none-eabi/12.3.1/../../../../arm-none-eabi/lib/thumb/v7e-m+dp/hard\libc_nano.a(libc_a-init.o)
